6.35716e+06 8.51884e-08
1.26971e+07 1.70377e-07
1.8748e+07 2.55565e-07
2.30325e+07 3.40754e-07
2.6162e+07 4.25942e-07
2.84068e+07 5.1113e-07
2.98151e+07 5.96319e-07
3.1098e+07 6.81507e-07
3.20147e+07 7.66695e-07
3.24212e+07 8.51884e-07
3.2827e+07 9.37072e-07
3.32322e+07 1.02226e-06
3.36367e+07 1.10745e-06
3.39337e+07 1.19264e-06
3.379e+07 1.27783e-06
3.35367e+07 1.36301e-06
3.32832e+07 1.4482e-06
3.30296e+07 1.53339e-06
3.2776e+07 1.61858e-06
3.25223e+07 1.70377e-06
3.22685e+07 1.78896e-06
3.211e+07 1.87414e-06
3.20906e+07 1.95933e-06
3.22013e+07 2.04452e-06
3.23994e+07 2.12971e-06
3.26798e+07 2.2149e-06
3.30226e+07 2.30009e-06
3.34026e+07 2.38527e-06
3.37825e+07 2.47046e-06
3.41634e+07 2.55565e-06
3.45785e+07 2.64084e-06
3.50401e+07 2.72603e-06
3.56662e+07 2.81122e-06
3.63333e+07 2.8964e-06
3.70001e+07 2.98159e-06
3.76666e+07 3.06678e-06
3.83324e+07 3.15197e-06
3.89973e+07 3.23716e-06
3.96603e+07 3.32235e-06
4.03205e+07 3.40754e-06
4.09971e+07 3.49272e-06
4.17122e+07 3.57791e-06
4.25031e+07 3.6631e-06
4.32976e+07 3.74829e-06
4.40652e+07 3.83348e-06
4.47937e+07 3.91867e-06
4.54677e+07 4.00385e-06
4.60698e+07 4.08904e-06
4.65836e+07 4.17423e-06
4.69978e+07 4.25942e-06
4.73093e+07 4.34461e-06
4.75247e+07 4.4298e-06
4.76578e+07 4.51498e-06
4.77255e+07 4.60017e-06
4.77444e+07 4.68536e-06
4.77283e+07 4.77055e-06
4.76878e+07 4.85574e-06
4.76308e+07 4.94093e-06
4.75625e+07 5.02611e-06
4.74867e+07 5.1113e-06
4.74778e+07 5.19649e-06
4.74912e+07 5.28168e-06
4.7512e+07 5.36687e-06
4.75313e+07 5.45206e-06
4.75494e+07 5.53724e-06
4.75669e+07 5.62243e-06
4.75838e+07 5.70762e-06
4.76003e+07 5.79281e-06
4.76164e+07 5.878e-06
4.76324e+07 5.96319e-06
4.76483e+07 6.04837e-06
4.76641e+07 6.13356e-06
4.76797e+07 6.21875e-06
4.76953e+07 6.30394e-06
4.77109e+07 6.38913e-06
4.77264e+07 6.47432e-06
4.77418e+07 6.55951e-06
4.77572e+07 6.64469e-06
4.77725e+07 6.72988e-06
4.77878e+07 6.81507e-06
4.78031e+07 6.90026e-06
4.78183e+07 6.98545e-06
4.78335e+07 7.07064e-06
4.78486e+07 7.15582e-06
4.78638e+07 7.24101e-06
4.78788e+07 7.3262e-06
4.78939e+07 7.41139e-06
4.79089e+07 7.49658e-06
4.79239e+07 7.58177e-06
4.79389e+07 7.66695e-06
4.79538e+07 7.75214e-06
4.79687e+07 7.83733e-06
4.79835e+07 7.92252e-06
4.79983e+07 8.00771e-06
4.80131e+07 8.0929e-06
4.80279e+07 8.17808e-06
4.80221e+07 8.26327e-06
4.80083e+07 8.34846e-06
4.79945e+07 8.43365e-06
4.79801e+07 8.51884e-06
4.61085e+07 8.34846e-06
4.42369e+07 8.17808e-06
4.23653e+07 8.00771e-06
4.04938e+07 7.83733e-06
3.86225e+07 7.66695e-06
3.67516e+07 7.49658e-06
3.48812e+07 7.3262e-06
3.30117e+07 7.15582e-06
3.11433e+07 6.98545e-06
2.92767e+07 6.81507e-06
2.74122e+07 6.64469e-06
2.55505e+07 6.47432e-06
2.36923e+07 6.30394e-06
2.18385e+07 6.13356e-06
1.999e+07 5.96319e-06
1.81478e+07 5.79281e-06
1.6313e+07 5.62243e-06
1.4487e+07 5.45206e-06
1.26711e+07 5.28168e-06
1.08667e+07 5.1113e-06
9.07699e+06 4.94093e-06
7.30411e+06 4.77055e-06
5.5473e+06 4.60017e-06
3.8083e+06 4.4298e-06
2.08891e+06 4.25942e-06
390943 4.08904e-06
-1.28146e+06 3.91867e-06
-2.93103e+06 3.74829e-06
-4.5536e+06 3.57791e-06
-6.14732e+06 3.40754e-06
-7.71043e+06 3.23716e-06
-9.24121e+06 3.06678e-06
-1.07316e+07 2.8964e-06
-1.21817e+07 2.72603e-06
-1.35795e+07 2.55565e-06
-1.49069e+07 2.38527e-06
-1.62197e+07 2.2149e-06
-1.75243e+07 2.04452e-06
-1.8783e+07 1.87414e-06
-2.00021e+07 1.70377e-06
-2.117e+07 1.53339e-06
-2.21143e+07 1.36301e-06
-2.28608e+07 1.19264e-06
-2.35896e+07 1.02226e-06
-2.43006e+07 8.51884e-07
-2.49936e+07 6.81507e-07
-2.56684e+07 5.1113e-07
-2.63247e+07 3.40754e-07
-2.69626e+07 1.70377e-07
-2.75819e+07 5.24107e-21
-2.81826e+07 -1.70377e-07
-2.87648e+07 -3.40754e-07
-2.93284e+07 -5.1113e-07
-3.01435e+07 -6.81507e-07
-3.23245e+07 -8.51884e-07
-3.47069e+07 -1.02226e-06
-3.71106e+07 -1.19264e-06
-3.95435e+07 -1.36301e-06
-4.20163e+07 -1.53339e-06
-4.48333e+07 -1.70377e-06
-4.78561e+07 -1.87414e-06
-5.10125e+07 -2.04452e-06
-5.45946e+07 -2.2149e-06
-5.81359e+07 -2.38527e-06
-6.17014e+07 -2.55565e-06
-6.52492e+07 -2.72603e-06
-6.88815e+07 -2.8964e-06
-7.25052e+07 -3.06678e-06
-7.61183e+07 -3.23716e-06
-7.97162e+07 -3.40754e-06
-8.32899e+07 -3.57791e-06
-8.6822e+07 -3.74829e-06
-9.02807e+07 -3.91867e-06
-9.36127e+07 -4.08904e-06
-9.67381e+07 -4.25942e-06
-9.95591e+07 -4.4298e-06
-1.01985e+08 -4.60017e-06
-1.03955e+08 -4.77055e-06
-1.05447e+08 -4.94093e-06
-1.06476e+08 -5.1113e-06
-1.07122e+08 -5.28168e-06
-1.07509e+08 -5.45206e-06
-1.07748e+08 -5.62243e-06
-1.07911e+08 -5.79281e-06
-1.08037e+08 -5.96319e-06
-1.08144e+08 -6.13356e-06
-1.08243e+08 -6.30394e-06
-1.08337e+08 -6.47432e-06
-1.08428e+08 -6.64469e-06
-1.08518e+08 -6.81507e-06
-1.08607e+08 -6.98545e-06
-1.08696e+08 -7.15582e-06
-1.08784e+08 -7.3262e-06
-1.08872e+08 -7.49658e-06
-1.08959e+08 -7.66695e-06
-1.09047e+08 -7.83733e-06
-1.09134e+08 -8.00771e-06
-1.09221e+08 -8.17808e-06
-1.09308e+08 -8.34846e-06
-1.09394e+08 -8.51884e-06
-1.03762e+08 -8.26327e-06
-9.81286e+07 -8.00771e-06
-9.24959e+07 -7.75214e-06
-8.68635e+07 -7.49658e-06
-8.12319e+07 -7.24101e-06
-7.56018e+07 -6.98545e-06
-7.01012e+07 -6.72988e-06
-6.46467e+07 -6.47432e-06
-5.91972e+07 -6.21875e-06
-5.37978e+07 -5.96319e-06
-4.84942e+07 -5.70762e-06
-4.32012e+07 -5.45206e-06
-3.79216e+07 -5.19649e-06
-3.27628e+07 -4.94093e-06
-2.78154e+07 -4.68536e-06
-2.33432e+07 -4.4298e-06
-2.02857e+07 -4.17423e-06
-1.83004e+07 -3.91867e-06
-1.63176e+07 -3.6631e-06
-1.43378e+07 -3.40754e-06
-1.23612e+07 -3.15197e-06
-1.03882e+07 -2.8964e-06
-8.41962e+06 -2.64084e-06
-6.45601e+06 -2.38527e-06
-4.49827e+06 -2.12971e-06
-2.54744e+06 -1.87414e-06
-604753 -1.61858e-06
1.32832e+06 -1.36301e-06
3.25007e+06 -1.10745e-06
5.15854e+06 -8.51884e-07
7.05146e+06 -5.96319e-07
8.92628e+06 -3.40754e-07
1.07802e+07 -8.51884e-08
1.26099e+07 1.70377e-07
1.44121e+07 4.25942e-07
1.61831e+07 6.81507e-07
1.79187e+07 9.37072e-07
1.96148e+07 1.19264e-06
2.1267e+07 1.4482e-06
2.28709e+07 1.70377e-06
2.4422e+07 1.95933e-06
2.59158e+07 2.2149e-06
2.73482e+07 2.47046e-06
2.87151e+07 2.72603e-06
3.00131e+07 2.98159e-06
3.12392e+07 3.23716e-06
3.23911e+07 3.49272e-06
3.34674e+07 3.74829e-06
3.44672e+07 4.00385e-06
3.53909e+07 4.25942e-06
3.62395e+07 4.51498e-06
3.70151e+07 4.77055e-06
3.77203e+07 5.02611e-06
3.83586e+07 5.28168e-06
3.89339e+07 5.53724e-06
3.94507e+07 5.79281e-06
3.99135e+07 6.04837e-06
4.03269e+07 6.30394e-06
4.06955e+07 6.55951e-06
4.10239e+07 6.81507e-06
4.13163e+07 7.07064e-06
4.15766e+07 7.3262e-06
4.18086e+07 7.58177e-06
4.20154e+07 7.83733e-06
4.22003e+07 8.0929e-06
4.23658e+07 8.34846e-06
4.25143e+07 8.60403e-06
4.26479e+07 8.85959e-06
4.27685e+07 9.11516e-06
4.28778e+07 9.37072e-06
4.2977e+07 9.62629e-06
4.30675e+07 9.88185e-06
4.31502e+07 1.01374e-05
4.32263e+07 1.0393e-05
4.32964e+07 1.06485e-05
4.33613e+07 1.09041e-05
4.34216e+07 1.11597e-05
4.34779e+07 1.14152e-05
4.35305e+07 1.16708e-05
4.358e+07 1.19264e-05
4.36267e+07 1.21819e-05
4.36708e+07 1.24375e-05
4.37128e+07 1.26931e-05
4.37527e+07 1.29486e-05
4.37909e+07 1.32042e-05
4.38275e+07 1.34598e-05
4.39093e+07 1.37153e-05
4.39981e+07 1.39709e-05
4.40854e+07 1.42265e-05
4.41716e+07 1.4482e-05
4.42567e+07 1.47376e-05
4.43408e+07 1.49932e-05
4.4424e+07 1.52487e-05
4.45065e+07 1.55043e-05
4.45883e+07 1.57599e-05
4.46695e+07 1.60154e-05
4.47501e+07 1.6271e-05
4.48302e+07 1.65265e-05
4.49098e+07 1.67821e-05
4.4989e+07 1.70377e-05
4.15053e+07 1.66969e-05
3.80284e+07 1.63562e-05
3.47405e+07 1.60154e-05
3.20906e+07 1.56747e-05
2.94587e+07 1.53339e-05
2.68495e+07 1.49932e-05
2.42676e+07 1.46524e-05
2.17178e+07 1.43116e-05
1.92047e+07 1.39709e-05
1.67326e+07 1.36301e-05
1.4306e+07 1.32894e-05
1.19289e+07 1.29486e-05
9.60518e+06 1.26079e-05
7.33842e+06 1.22671e-05
5.13184e+06 1.19264e-05
2.98832e+06 1.15856e-05
910359 1.12449e-05
-1.09996e+06 1.09041e-05
-3.04095e+06 1.05634e-05
-4.91139e+06 1.02226e-05
-6.71044e+06 9.88185e-06
-8.43769e+06 9.5411e-06
-1.00932e+07 9.20035e-06
-1.16772e+07 8.85959e-06
-1.31906e+07 8.51884e-06
-1.46344e+07 8.17808e-06
-1.601e+07 7.83733e-06
-1.7319e+07 7.49658e-06
-1.85633e+07 7.15582e-06
-1.97449e+07 6.81507e-06
-2.0866e+07 6.47432e-06
-2.1929e+07 6.13356e-06
-2.29361e+07 5.79281e-06
-2.38899e+07 5.45206e-06
-2.47927e+07 5.1113e-06
-2.56472e+07 4.77055e-06
-2.64556e+07 4.4298e-06
-2.72205e+07 4.08904e-06
-2.7944e+07 3.74829e-06
-2.86286e+07 3.40754e-06
-2.92764e+07 3.06678e-06
-2.98896e+07 2.72603e-06
-3.04701e+07 2.38527e-06
-3.10198e+07 2.04452e-06
-3.15407e+07 1.70377e-06
-3.20344e+07 1.36301e-06
-3.25026e+07 1.02226e-06
-3.29469e+07 6.81507e-07
-3.33687e+07 3.40754e-07
-3.37694e+07 1.04826e-20
-3.41503e+07 -3.40754e-07
-3.45126e+07 -6.81507e-07
-3.48574e+07 -1.02226e-06
-3.51859e+07 -1.36301e-06
-3.5499e+07 -1.70377e-06
-3.57977e+07 -2.04452e-06
-3.60828e+07 -2.38527e-06
-3.63552e+07 -2.72603e-06
-3.66156e+07 -3.06678e-06
-3.68647e+07 -3.40754e-06
-3.71032e+07 -3.74829e-06
-3.73318e+07 -4.08904e-06
-3.90465e+07 -4.4298e-06
-4.44715e+07 -4.77055e-06
-5.07203e+07 -5.1113e-06
-5.7361e+07 -5.45206e-06
-6.39304e+07 -5.79281e-06
-7.05125e+07 -6.13356e-06
-7.70046e+07 -6.47432e-06
-8.32712e+07 -6.81507e-06
-8.93263e+07 -7.15582e-06
-9.48938e+07 -7.49658e-06
-9.9862e+07 -7.83733e-06
-1.03884e+08 -8.17808e-06
-1.06435e+08 -8.51884e-06
-1.07823e+08 -8.85959e-06
-1.08669e+08 -9.20035e-06
-1.09245e+08 -9.5411e-06
-1.09673e+08 -9.88185e-06
-1.10013e+08 -1.02226e-05
-1.10295e+08 -1.05634e-05
-1.1051e+08 -1.09041e-05
-1.10663e+08 -1.12449e-05
-1.10798e+08 -1.15856e-05
-1.10921e+08 -1.19264e-05
-1.11036e+08 -1.22671e-05
-1.11146e+08 -1.26079e-05
-1.11252e+08 -1.29486e-05
-1.11355e+08 -1.32894e-05
-1.11455e+08 -1.36301e-05
-1.11555e+08 -1.39709e-05
-1.11653e+08 -1.43116e-05
-1.11735e+08 -1.46524e-05
-1.11804e+08 -1.49932e-05
-1.11872e+08 -1.53339e-05
-1.1194e+08 -1.56747e-05
-1.12008e+08 -1.60154e-05
-1.12076e+08 -1.63562e-05
-1.12143e+08 -1.66969e-05
-1.1221e+08 -1.70377e-05
-1.03328e+08 -1.66117e-05
-9.44578e+07 -1.61858e-05
-8.56176e+07 -1.57599e-05
-7.68276e+07 -1.53339e-05
-6.81105e+07 -1.4908e-05
-5.98205e+07 -1.4482e-05
-5.17773e+07 -1.40561e-05
-4.38523e+07 -1.36301e-05
-3.6158e+07 -1.32042e-05
-2.93467e+07 -1.27783e-05
-2.34869e+07 -1.23523e-05
-1.89698e+07 -1.19264e-05
-1.59572e+07 -1.15004e-05
-1.30072e+07 -1.10745e-05
-1.01269e+07 -1.06485e-05
-7.32272e+06 -1.02226e-05
-4.60046e+06 -9.79666e-06
-1.96525e+06 -9.37072e-06
578548 -8.94478e-06
3.02734e+06 -8.51884e-06
5.37834e+06 -8.0929e-06
7.62951e+06 -7.66695e-06
9.77961e+06 -7.24101e-06
1.18281e+07 -6.81507e-06
1.37752e+07 -6.38913e-06
1.56217e+07 -5.96319e-06
1.7369e+07 -5.53724e-06
1.9019e+07 -5.1113e-06
2.05742e+07 -4.68536e-06
2.20374e+07 -4.25942e-06
2.34118e+07 -3.83348e-06
2.47008e+07 -3.40754e-06
2.59081e+07 -2.98159e-06
2.70376e+07 -2.55565e-06
2.80931e+07 -2.12971e-06
2.90786e+07 -1.70377e-06
2.99981e+07 -1.27783e-06
3.08557e+07 -8.51884e-07
3.1655e+07 -4.25942e-07
3.23999e+07 2.32931e-20
3.30941e+07 4.25942e-07
3.3741e+07 8.51884e-07
3.43439e+07 1.27783e-06
3.4906e+07 1.70377e-06
3.54302e+07 2.12971e-06
3.59195e+07 2.55565e-06
3.63763e+07 2.98159e-06
3.68031e+07 3.40754e-06
3.72022e+07 3.83348e-06
3.75758e+07 4.25942e-06
3.79257e+07 4.68536e-06
3.82538e+07 5.1113e-06
3.85617e+07 5.53724e-06
3.88511e+07 5.96319e-06
3.91232e+07 6.38913e-06
3.93795e+07 6.81507e-06
3.9621e+07 7.24101e-06
3.98491e+07 7.66695e-06
4.00645e+07 8.0929e-06
4.02684e+07 8.51884e-06
4.04616e+07 8.94478e-06
4.06449e+07 9.37072e-06
4.08189e+07 9.79666e-06
4.09844e+07 1.02226e-05
4.1142e+07 1.06485e-05
4.12922e+07 1.10745e-05
4.14356e+07 1.15004e-05
4.15726e+07 1.19264e-05
4.17036e+07 1.23523e-05
4.18291e+07 1.27783e-05
4.19494e+07 1.32042e-05
4.20649e+07 1.36301e-05
4.21759e+07 1.40561e-05
4.22827e+07 1.4482e-05
4.23855e+07 1.4908e-05
4.24845e+07 1.53339e-05
4.25801e+07 1.57599e-05
4.26725e+07 1.61858e-05
4.27618e+07 1.66117e-05
4.28481e+07 1.70377e-05
4.29318e+07 1.74636e-05
4.30129e+07 1.78896e-05
4.30916e+07 1.83155e-05
4.3168e+07 1.87414e-05
4.32423e+07 1.91674e-05
4.33145e+07 1.95933e-05
4.33848e+07 2.00193e-05
4.34533e+07 2.04452e-05
4.35201e+07 2.08712e-05
4.35853e+07 2.12971e-05
4.36489e+07 2.1723e-05
4.3711e+07 2.2149e-05
4.37718e+07 2.25749e-05
4.38312e+07 2.30009e-05
4.38894e+07 2.34268e-05
4.39464e+07 2.38527e-05
4.40022e+07 2.42787e-05
4.40569e+07 2.47046e-05
4.41107e+07 2.51306e-05
4.41634e+07 2.55565e-05
4.01494e+07 2.50454e-05
3.61634e+07 2.45343e-05
3.22278e+07 2.40231e-05
2.83626e+07 2.3512e-05
2.45853e+07 2.30009e-05
2.09115e+07 2.24897e-05
1.73549e+07 2.19786e-05
1.39268e+07 2.14675e-05
1.06366e+07 2.09563e-05
7.49145e+06 2.04452e-05
4.49647e+06 1.99341e-05
1.65465e+06 1.9423e-05
-1.03291e+06 1.89118e-05
-3.56691e+06 1.84007e-05
-5.9496e+06 1.78896e-05
-8.18459e+06 1.73784e-05
-1.02766e+07 1.68673e-05
-1.22314e+07 1.63562e-05
-1.40552e+07 1.5845e-05
-1.57548e+07 1.53339e-05
-1.73373e+07 1.48228e-05
-1.88098e+07 1.43116e-05
-2.01795e+07 1.38005e-05
-2.14534e+07 1.32894e-05
-2.26384e+07 1.27783e-05
-2.37408e+07 1.22671e-05
-2.4767e+07 1.1756e-05
-2.57228e+07 1.12449e-05
-2.66136e+07 1.07337e-05
-2.74445e+07 1.02226e-05
-2.82203e+07 9.71148e-06
-2.89453e+07 9.20035e-06
-2.96236e+07 8.68921e-06
-3.0259e+07 8.17808e-06
-3.08548e+07 7.66695e-06
-3.14142e+07 7.15582e-06
-3.194e+07 6.64469e-06
-3.24349e+07 6.13356e-06
-3.29013e+07 5.62243e-06
-3.33413e+07 5.1113e-06
-3.3757e+07 4.60017e-06
-3.41503e+07 4.08904e-06
-3.45228e+07 3.57791e-06
-3.4876e+07 3.06678e-06
-3.52114e+07 2.55565e-06
-3.55303e+07 2.04452e-06
-3.58338e+07 1.53339e-06
-3.6123e+07 1.02226e-06
-3.6399e+07 5.1113e-07
-3.66625e+07 9.95303e-21
-3.69146e+07 -5.1113e-07
-3.71559e+07 -1.02226e-06
-3.73872e+07 -1.53339e-06
-3.76091e+07 -2.04452e-06
-3.78222e+07 -2.55565e-06
-3.80271e+07 -3.06678e-06
-3.82243e+07 -3.57791e-06
-3.84143e+07 -4.08904e-06
-3.85975e+07 -4.60017e-06
-3.87743e+07 -5.1113e-06
-3.89451e+07 -5.62243e-06
-3.91102e+07 -6.13356e-06
-3.92701e+07 -6.64469e-06
-3.94249e+07 -7.15582e-06
-3.9575e+07 -7.66695e-06
-3.97206e+07 -8.17808e-06
-3.9862e+07 -8.68921e-06
-3.99994e+07 -9.20035e-06
-4.0133e+07 -9.71148e-06
-4.0263e+07 -1.02226e-05
-4.03895e+07 -1.07337e-05
-4.26654e+07 -1.12449e-05
-4.91569e+07 -1.1756e-05
-5.65445e+07 -1.22671e-05
-6.41227e+07 -1.27783e-05
-7.13491e+07 -1.32894e-05
-7.85336e+07 -1.38005e-05
-8.53785e+07 -1.43116e-05
-9.17654e+07 -1.48228e-05
-9.75645e+07 -1.53339e-05
-1.02382e+08 -1.5845e-05
-1.05746e+08 -1.63562e-05
-1.07765e+08 -1.68673e-05
-1.08997e+08 -1.73784e-05
-1.09837e+08 -1.78896e-05
-1.10465e+08 -1.84007e-05
-1.10951e+08 -1.89118e-05
-1.11338e+08 -1.9423e-05
-1.11662e+08 -1.99341e-05
-1.11937e+08 -2.04452e-05
-1.12177e+08 -2.09563e-05
-1.12389e+08 -2.14675e-05
-1.12579e+08 -2.19786e-05
-1.12751e+08 -2.24897e-05
-1.1291e+08 -2.30009e-05
-1.13058e+08 -2.3512e-05
-1.13197e+08 -2.40231e-05
-1.13329e+08 -2.45343e-05
-1.13455e+08 -2.50454e-05
-1.13576e+08 -2.55565e-05
