2.10692e+06 2.82081e-08
4.21196e+06 5.64161e-08
6.31512e+06 8.46242e-08
8.41639e+06 1.12832e-07
1.05158e+07 1.4104e-07
1.26133e+07 1.69248e-07
1.47088e+07 1.97456e-07
1.68025e+07 2.25665e-07
1.86507e+07 2.53873e-07
2.02107e+07 2.82081e-07
2.16011e+07 3.10289e-07
2.29265e+07 3.38497e-07
2.42509e+07 3.66705e-07
2.52092e+07 3.94913e-07
2.60778e+07 4.23121e-07
2.6841e+07 4.51329e-07
2.75885e+07 4.79537e-07
2.83355e+07 5.07745e-07
2.88174e+07 5.35953e-07
2.92838e+07 5.64161e-07
2.97499e+07 5.92369e-07
3.02157e+07 6.20578e-07
3.06748e+07 6.48786e-07
3.10439e+07 6.76994e-07
3.13818e+07 7.05202e-07
3.17195e+07 7.3341e-07
3.19905e+07 7.61618e-07
3.21252e+07 7.89826e-07
3.22598e+07 8.18034e-07
3.23943e+07 8.46242e-07
3.25288e+07 8.7445e-07
3.26632e+07 9.02658e-07
3.27975e+07 9.30866e-07
3.29318e+07 9.59074e-07
3.30659e+07 9.87282e-07
3.32e+07 1.01549e-06
3.33341e+07 1.0437e-06
3.34681e+07 1.07191e-06
3.36019e+07 1.10011e-06
3.37358e+07 1.12832e-06
3.38382e+07 1.15653e-06
3.39169e+07 1.18474e-06
3.39772e+07 1.21295e-06
3.38992e+07 1.24116e-06
3.38153e+07 1.26936e-06
3.37314e+07 1.29757e-06
3.36475e+07 1.32578e-06
3.35636e+07 1.35399e-06
3.34796e+07 1.3822e-06
3.33957e+07 1.4104e-06
3.33118e+07 1.43861e-06
3.32279e+07 1.46682e-06
3.31439e+07 1.49503e-06
3.30599e+07 1.52324e-06
3.29759e+07 1.55144e-06
3.2892e+07 1.57965e-06
3.2808e+07 1.60786e-06
3.2724e+07 1.63607e-06
3.264e+07 1.66428e-06
3.2556e+07 1.69248e-06
3.2472e+07 1.72069e-06
3.23879e+07 1.7489e-06
3.23039e+07 1.77711e-06
3.22198e+07 1.80532e-06
3.21358e+07 1.83352e-06
3.21177e+07 1.86173e-06
3.21003e+07 1.88994e-06
3.20828e+07 1.91815e-06
3.20773e+07 1.94636e-06
3.21064e+07 1.97456e-06
3.21354e+07 2.00277e-06
3.21698e+07 2.03098e-06
3.22354e+07 2.05919e-06
3.23011e+07 2.0874e-06
3.23667e+07 2.11561e-06
3.24406e+07 2.14381e-06
3.25355e+07 2.17202e-06
3.26305e+07 2.20023e-06
3.27143e+07 2.22844e-06
3.28289e+07 2.25665e-06
3.29547e+07 2.28485e-06
3.30806e+07 2.31306e-06
3.32064e+07 2.34127e-06
3.33322e+07 2.36948e-06
3.3458e+07 2.39769e-06
3.35838e+07 2.42589e-06
3.37096e+07 2.4541e-06
3.38354e+07 2.48231e-06
3.39612e+07 2.51052e-06
3.4087e+07 2.53873e-06
3.42237e+07 2.56693e-06
3.43624e+07 2.59514e-06
3.44959e+07 2.62335e-06
3.46301e+07 2.65156e-06
3.47854e+07 2.67977e-06
3.49407e+07 2.70797e-06
3.50961e+07 2.73618e-06
3.52995e+07 2.76439e-06
3.55204e+07 2.7926e-06
3.57414e+07 2.82081e-06
3.59623e+07 2.84902e-06
3.61831e+07 2.87722e-06
3.6404e+07 2.90543e-06
3.66248e+07 2.93364e-06
3.68456e+07 2.96185e-06
3.70664e+07 2.99006e-06
3.72871e+07 3.01826e-06
3.75078e+07 3.04647e-06
3.77284e+07 3.07468e-06
3.79489e+07 3.10289e-06
3.81694e+07 3.1311e-06
3.83898e+07 3.1593e-06
3.861e+07 3.18751e-06
3.88301e+07 3.21572e-06
3.90501e+07 3.24393e-06
3.92698e+07 3.27214e-06
3.94893e+07 3.30034e-06
3.97086e+07 3.32855e-06
3.99275e+07 3.35676e-06
4.0146e+07 3.38497e-06
4.03641e+07 3.41318e-06
4.05817e+07 3.44138e-06
4.08091e+07 3.46959e-06
4.10384e+07 3.4978e-06
4.12743e+07 3.52601e-06
4.15128e+07 3.55422e-06
4.17501e+07 3.58242e-06
4.20044e+07 3.61063e-06
4.22732e+07 3.63884e-06
4.25404e+07 3.66705e-06
4.28055e+07 3.69526e-06
4.30684e+07 3.72347e-06
4.33287e+07 3.75167e-06
4.3586e+07 3.77988e-06
4.38399e+07 3.80809e-06
4.40901e+07 3.8363e-06
4.43359e+07 3.86451e-06
4.45768e+07 3.89271e-06
4.48124e+07 3.92092e-06
4.50419e+07 3.94913e-06
4.52648e+07 3.97734e-06
4.54804e+07 4.00555e-06
4.56881e+07 4.03375e-06
4.58873e+07 4.06196e-06
4.60772e+07 4.09017e-06
4.62574e+07 4.11838e-06
4.64274e+07 4.14659e-06
4.65867e+07 4.17479e-06
4.6735e+07 4.203e-06
4.68721e+07 4.23121e-06
4.69978e+07 4.25942e-06
4.71122e+07 4.28763e-06
4.72154e+07 4.31583e-06
4.73076e+07 4.34404e-06
4.73892e+07 4.37225e-06
4.74607e+07 4.40046e-06
4.75225e+07 4.42867e-06
4.75752e+07 4.45688e-06
4.76195e+07 4.48508e-06
4.76559e+07 4.51329e-06
4.76852e+07 4.5415e-06
4.77078e+07 4.56971e-06
4.77245e+07 4.59792e-06
4.77359e+07 4.62612e-06
4.77423e+07 4.65433e-06
4.77445e+07 4.68254e-06
4.77428e+07 4.71075e-06
4.77377e+07 4.73896e-06
4.77296e+07 4.76716e-06
4.77187e+07 4.79537e-06
4.77055e+07 4.82358e-06
4.76903e+07 4.85179e-06
4.76731e+07 4.88e-06
4.76544e+07 4.9082e-06
4.76343e+07 4.93641e-06
4.76129e+07 4.96462e-06
4.75904e+07 4.99283e-06
4.75669e+07 5.02104e-06
4.75427e+07 5.04924e-06
4.75176e+07 5.07745e-06
4.7492e+07 5.10566e-06
4.74736e+07 5.13387e-06
4.74758e+07 5.16208e-06
4.74775e+07 5.19028e-06
4.74789e+07 5.21849e-06
4.74822e+07 5.2467e-06
4.74896e+07 5.27491e-06
4.74967e+07 5.30312e-06
4.75036e+07 5.33133e-06
4.75104e+07 5.35953e-06
4.75169e+07 5.38774e-06
4.75233e+07 5.41595e-06
4.75296e+07 5.44416e-06
4.75358e+07 5.47237e-06
4.75418e+07 5.50057e-06
4.75478e+07 5.52878e-06
4.75536e+07 5.55699e-06
4.75594e+07 5.5852e-06
4.75651e+07 5.61341e-06
4.75708e+07 5.64161e-06
4.75764e+07 5.66982e-06
4.7582e+07 5.69803e-06
4.75875e+07 5.72624e-06
4.7593e+07 5.75445e-06
4.75985e+07 5.78265e-06
4.76039e+07 5.81086e-06
4.7609e+07 5.83907e-06
4.76144e+07 5.86728e-06
4.76198e+07 5.89549e-06
4.76251e+07 5.92369e-06
4.76304e+07 5.9519e-06
4.76357e+07 5.98011e-06
4.76409e+07 6.00832e-06
4.76462e+07 6.03653e-06
4.76514e+07 6.06474e-06
4.76566e+07 6.09294e-06
4.76619e+07 6.12115e-06
4.76671e+07 6.14936e-06
4.76723e+07 6.17757e-06
4.76774e+07 6.20578e-06
4.76826e+07 6.23398e-06
4.76878e+07 6.26219e-06
4.7693e+07 6.2904e-06
4.76981e+07 6.31861e-06
4.77033e+07 6.34682e-06
4.77084e+07 6.37502e-06
4.77135e+07 6.40323e-06
4.77187e+07 6.43144e-06
4.77238e+07 6.45965e-06
4.77289e+07 6.48786e-06
4.7734e+07 6.51606e-06
4.77391e+07 6.54427e-06
4.77442e+07 6.57248e-06
4.77493e+07 6.60069e-06
4.77544e+07 6.6289e-06
4.77595e+07 6.6571e-06
4.77646e+07 6.68531e-06
4.77696e+07 6.71352e-06
4.77747e+07 6.74173e-06
4.77798e+07 6.76994e-06
4.77848e+07 6.79814e-06
4.77899e+07 6.82635e-06
4.7795e+07 6.85456e-06
4.78e+07 6.88277e-06
4.78051e+07 6.91098e-06
4.78101e+07 6.93919e-06
4.78151e+07 6.96739e-06
4.78202e+07 6.9956e-06
4.78252e+07 7.02381e-06
4.78302e+07 7.05202e-06
4.78353e+07 7.08023e-06
4.78403e+07 7.10843e-06
4.78453e+07 7.13664e-06
4.78503e+07 7.16485e-06
4.78553e+07 7.19306e-06
4.78603e+07 7.22127e-06
4.78653e+07 7.24947e-06
4.78703e+07 7.27768e-06
4.78753e+07 7.30589e-06
4.78803e+07 7.3341e-06
4.78853e+07 7.36231e-06
4.78903e+07 7.39051e-06
4.78953e+07 7.41872e-06
4.79002e+07 7.44693e-06
4.79052e+07 7.47514e-06
4.79102e+07 7.50335e-06
4.79152e+07 7.53155e-06
4.79201e+07 7.55976e-06
4.79251e+07 7.58797e-06
4.793e+07 7.61618e-06
4.7935e+07 7.64439e-06
4.79399e+07 7.6726e-06
4.79449e+07 7.7008e-06
4.79498e+07 7.72901e-06
4.79547e+07 7.75722e-06
4.79597e+07 7.78543e-06
4.79646e+07 7.81364e-06
4.79695e+07 7.84184e-06
4.79745e+07 7.87005e-06
4.79794e+07 7.89826e-06
4.79843e+07 7.92647e-06
4.79892e+07 7.95468e-06
4.79941e+07 7.98288e-06
4.7999e+07 8.01109e-06
4.80039e+07 8.0393e-06
4.80088e+07 8.06751e-06
4.80137e+07 8.09572e-06
4.80186e+07 8.12392e-06
4.80235e+07 8.15213e-06
4.80284e+07 8.18034e-06
4.8031e+07 8.20855e-06
4.80265e+07 8.23676e-06
4.80219e+07 8.26496e-06
4.80173e+07 8.29317e-06
4.80127e+07 8.32138e-06
4.80082e+07 8.34959e-06
4.80036e+07 8.3778e-06
4.7999e+07 8.406e-06
4.79944e+07 8.43421e-06
4.79898e+07 8.46242e-06
4.79853e+07 8.49063e-06
4.79801e+07 8.51884e-06
4.79756e+07 8.54705e-06
4.7971e+07 8.57525e-06
4.79664e+07 8.60346e-06
4.79618e+07 8.63167e-06
4.79574e+07 8.65988e-06
4.79618e+07 8.68809e-06
4.79663e+07 8.71629e-06
4.79708e+07 8.7445e-06
4.79753e+07 8.77271e-06
4.79797e+07 8.80092e-06
4.79842e+07 8.82913e-06
4.79887e+07 8.85733e-06
4.79931e+07 8.88554e-06
4.79976e+07 8.91375e-06
4.8002e+07 8.94196e-06
4.80065e+07 8.97017e-06
4.8011e+07 8.99837e-06
4.80154e+07 9.02658e-06
4.8021e+07 9.05479e-06
4.80278e+07 9.083e-06
4.80345e+07 9.11121e-06
4.80413e+07 9.13941e-06
4.80481e+07 9.16762e-06
4.80548e+07 9.19583e-06
4.80616e+07 9.22404e-06
4.80683e+07 9.25225e-06
4.80751e+07 9.28046e-06
4.80818e+07 9.30866e-06
4.80886e+07 9.33687e-06
4.80953e+07 9.36508e-06
4.81021e+07 9.39329e-06
4.81088e+07 9.4215e-06
4.81155e+07 9.4497e-06
4.81223e+07 9.47791e-06
4.8129e+07 9.50612e-06
4.81357e+07 9.53433e-06
4.81425e+07 9.56254e-06
4.81492e+07 9.59074e-06
4.81559e+07 9.61895e-06
4.81627e+07 9.64716e-06
4.81694e+07 9.67537e-06
4.81761e+07 9.70358e-06
4.81828e+07 9.73178e-06
4.81895e+07 9.75999e-06
4.81963e+07 9.7882e-06
4.8203e+07 9.81641e-06
4.82097e+07 9.84462e-06
4.82164e+07 9.87282e-06
4.82231e+07 9.90103e-06
4.82298e+07 9.92924e-06
4.82365e+07 9.95745e-06
4.82432e+07 9.98566e-06
4.82499e+07 1.00139e-05
4.82566e+07 1.00421e-05
4.82633e+07 1.00703e-05
4.827e+07 1.00985e-05
4.82767e+07 1.01267e-05
4.82834e+07 1.01549e-05
4.82901e+07 1.01831e-05
4.82968e+07 1.02113e-05
4.8304e+07 1.02395e-05
4.83126e+07 1.02677e-05
4.83213e+07 1.02959e-05
4.83299e+07 1.03242e-05
4.83385e+07 1.03524e-05
4.83471e+07 1.03806e-05
4.83557e+07 1.04088e-05
4.83643e+07 1.0437e-05
4.83729e+07 1.04652e-05
4.83815e+07 1.04934e-05
4.839e+07 1.05216e-05
4.83986e+07 1.05498e-05
4.84067e+07 1.0578e-05
4.84132e+07 1.06062e-05
4.84196e+07 1.06344e-05
4.84261e+07 1.06627e-05
4.84326e+07 1.06909e-05
4.8439e+07 1.07191e-05
4.84455e+07 1.07473e-05
4.8452e+07 1.07755e-05
4.84584e+07 1.08037e-05
4.84649e+07 1.08319e-05
4.84714e+07 1.08601e-05
4.84778e+07 1.08883e-05
4.84843e+07 1.09165e-05
4.84908e+07 1.09447e-05
4.84972e+07 1.09729e-05
4.85037e+07 1.10011e-05
4.85101e+07 1.10294e-05
4.85166e+07 1.10576e-05
4.8523e+07 1.10858e-05
4.85295e+07 1.1114e-05
4.85359e+07 1.11422e-05
4.85424e+07 1.11704e-05
4.85488e+07 1.11986e-05
4.85553e+07 1.12268e-05
4.85617e+07 1.1255e-05
4.85682e+07 1.12832e-05
4.85746e+07 1.13114e-05
4.85811e+07 1.13396e-05
4.85875e+07 1.13679e-05
4.85939e+07 1.13961e-05
4.86004e+07 1.14243e-05
4.86068e+07 1.14525e-05
4.86132e+07 1.14807e-05
4.86197e+07 1.15089e-05
4.86261e+07 1.15371e-05
4.86325e+07 1.15653e-05
4.8639e+07 1.15935e-05
4.86454e+07 1.16217e-05
4.86518e+07 1.16499e-05
4.86583e+07 1.16781e-05
4.86647e+07 1.17063e-05
4.86711e+07 1.17346e-05
4.86775e+07 1.17628e-05
4.8684e+07 1.1791e-05
4.86904e+07 1.18192e-05
4.86968e+07 1.18474e-05
4.87032e+07 1.18756e-05
4.87096e+07 1.19038e-05
4.87161e+07 1.1932e-05
4.87225e+07 1.19602e-05
4.87289e+07 1.19884e-05
4.87353e+07 1.20166e-05
4.87417e+07 1.20448e-05
4.87481e+07 1.20731e-05
4.87545e+07 1.21013e-05
4.87609e+07 1.21295e-05
4.87673e+07 1.21577e-05
4.87737e+07 1.21859e-05
4.87801e+07 1.22141e-05
4.87866e+07 1.22423e-05
4.8793e+07 1.22705e-05
4.87994e+07 1.22987e-05
4.88058e+07 1.23269e-05
4.88121e+07 1.23551e-05
4.88185e+07 1.23833e-05
4.88249e+07 1.24116e-05
4.88313e+07 1.24398e-05
4.88377e+07 1.2468e-05
4.88441e+07 1.24962e-05
4.88505e+07 1.25244e-05
4.88569e+07 1.25526e-05
4.88633e+07 1.25808e-05
4.88697e+07 1.2609e-05
4.88761e+07 1.26372e-05
4.88824e+07 1.26654e-05
4.88888e+07 1.26936e-05
4.88952e+07 1.27218e-05
4.89016e+07 1.275e-05
4.8908e+07 1.27783e-05
4.89143e+07 1.28065e-05
4.89207e+07 1.28347e-05
4.89271e+07 1.28629e-05
4.89335e+07 1.28911e-05
4.89398e+07 1.29193e-05
4.89462e+07 1.29475e-05
4.89526e+07 1.29757e-05
4.89589e+07 1.30039e-05
4.89653e+07 1.30321e-05
4.89717e+07 1.30603e-05
4.8978e+07 1.30885e-05
4.89844e+07 1.31168e-05
4.89908e+07 1.3145e-05
4.89971e+07 1.31732e-05
4.90035e+07 1.32014e-05
4.90099e+07 1.32296e-05
4.90162e+07 1.32578e-05
4.90226e+07 1.3286e-05
4.90289e+07 1.33142e-05
4.90353e+07 1.33424e-05
4.90416e+07 1.33706e-05
4.9048e+07 1.33988e-05
4.90543e+07 1.3427e-05
4.90607e+07 1.34552e-05
4.9067e+07 1.34835e-05
4.90734e+07 1.35117e-05
4.90797e+07 1.35399e-05
4.90861e+07 1.35681e-05
4.90924e+07 1.35963e-05
4.90987e+07 1.36245e-05
4.91051e+07 1.36527e-05
4.91114e+07 1.36809e-05
4.91178e+07 1.37091e-05
4.91241e+07 1.37373e-05
4.91304e+07 1.37655e-05
4.91368e+07 1.37937e-05
4.91431e+07 1.3822e-05
4.91494e+07 1.38502e-05
4.91558e+07 1.38784e-05
4.91621e+07 1.39066e-05
4.91684e+07 1.39348e-05
4.91747e+07 1.3963e-05
4.91811e+07 1.39912e-05
4.91874e+07 1.40194e-05
4.91937e+07 1.40476e-05
4.92e+07 1.40758e-05
4.92063e+07 1.4104e-05
4.92127e+07 1.41322e-05
4.9219e+07 1.41605e-05
4.92253e+07 1.41887e-05
4.92316e+07 1.42169e-05
4.92379e+07 1.42451e-05
4.92442e+07 1.42733e-05
4.92505e+07 1.43015e-05
4.92569e+07 1.43297e-05
4.92632e+07 1.43579e-05
4.92695e+07 1.43861e-05
4.92758e+07 1.44143e-05
4.92821e+07 1.44425e-05
4.92884e+07 1.44707e-05
4.92947e+07 1.44989e-05
4.9301e+07 1.45272e-05
4.93073e+07 1.45554e-05
4.93136e+07 1.45836e-05
4.93199e+07 1.46118e-05
4.93262e+07 1.464e-05
4.93325e+07 1.46682e-05
4.93388e+07 1.46964e-05
4.9345e+07 1.47246e-05
4.93513e+07 1.47528e-05
4.93576e+07 1.4781e-05
4.93639e+07 1.48092e-05
4.93702e+07 1.48374e-05
4.93765e+07 1.48657e-05
4.93828e+07 1.48939e-05
4.9389e+07 1.49221e-05
4.93953e+07 1.49503e-05
4.94016e+07 1.49785e-05
4.94079e+07 1.50067e-05
4.94142e+07 1.50349e-05
4.94204e+07 1.50631e-05
4.94267e+07 1.50913e-05
4.9433e+07 1.51195e-05
4.94393e+07 1.51477e-05
4.94455e+07 1.51759e-05
4.94518e+07 1.52041e-05
4.94581e+07 1.52324e-05
4.94643e+07 1.52606e-05
4.94706e+07 1.52888e-05
4.94769e+07 1.5317e-05
4.94831e+07 1.53452e-05
4.94894e+07 1.53734e-05
4.94956e+07 1.54016e-05
4.95019e+07 1.54298e-05
4.95082e+07 1.5458e-05
4.95144e+07 1.54862e-05
4.95207e+07 1.55144e-05
4.95269e+07 1.55426e-05
4.95332e+07 1.55709e-05
4.95394e+07 1.55991e-05
4.95457e+07 1.56273e-05
4.95519e+07 1.56555e-05
4.95582e+07 1.56837e-05
4.95644e+07 1.57119e-05
4.95707e+07 1.57401e-05
4.95769e+07 1.57683e-05
4.95832e+07 1.57965e-05
4.95894e+07 1.58247e-05
4.95956e+07 1.58529e-05
4.96019e+07 1.58811e-05
4.96081e+07 1.59094e-05
4.96143e+07 1.59376e-05
4.96206e+07 1.59658e-05
4.96268e+07 1.5994e-05
4.9633e+07 1.60222e-05
4.96393e+07 1.60504e-05
4.96455e+07 1.60786e-05
4.96517e+07 1.61068e-05
4.9658e+07 1.6135e-05
4.96642e+07 1.61632e-05
4.96704e+07 1.61914e-05
4.96766e+07 1.62196e-05
4.96828e+07 1.62478e-05
4.96891e+07 1.62761e-05
4.96953e+07 1.63043e-05
4.97015e+07 1.63325e-05
4.97077e+07 1.63607e-05
4.97139e+07 1.63889e-05
4.97201e+07 1.64171e-05
4.97264e+07 1.64453e-05
4.97326e+07 1.64735e-05
4.97388e+07 1.65017e-05
4.9745e+07 1.65299e-05
4.97512e+07 1.65581e-05
4.97574e+07 1.65863e-05
4.97636e+07 1.66146e-05
4.97698e+07 1.66428e-05
4.9776e+07 1.6671e-05
4.97822e+07 1.66992e-05
4.97884e+07 1.67274e-05
4.97946e+07 1.67556e-05
4.98008e+07 1.67838e-05
4.9807e+07 1.6812e-05
4.98132e+07 1.68402e-05
4.98194e+07 1.68684e-05
4.98256e+07 1.68966e-05
4.98317e+07 1.69248e-05
4.98379e+07 1.69531e-05
4.98441e+07 1.69813e-05
4.98503e+07 1.70095e-05
4.98565e+07 1.70377e-05
4.98627e+07 1.70659e-05
4.98689e+07 1.70941e-05
4.9875e+07 1.71223e-05
4.98812e+07 1.71505e-05
4.98874e+07 1.71787e-05
4.98936e+07 1.72069e-05
4.98997e+07 1.72351e-05
4.99059e+07 1.72633e-05
4.99121e+07 1.72915e-05
4.99183e+07 1.73198e-05
4.99244e+07 1.7348e-05
4.99306e+07 1.73762e-05
4.99368e+07 1.74044e-05
4.99429e+07 1.74326e-05
4.99491e+07 1.74608e-05
4.99553e+07 1.7489e-05
4.99614e+07 1.75172e-05
4.99676e+07 1.75454e-05
4.99737e+07 1.75736e-05
4.99799e+07 1.76018e-05
4.9986e+07 1.763e-05
4.99922e+07 1.76583e-05
4.99984e+07 1.76865e-05
5.00045e+07 1.77147e-05
5.00107e+07 1.77429e-05
5.00168e+07 1.77711e-05
5.0023e+07 1.77993e-05
5.00291e+07 1.78275e-05
5.00352e+07 1.78557e-05
5.00414e+07 1.78839e-05
5.00475e+07 1.79121e-05
5.00537e+07 1.79403e-05
5.00598e+07 1.79685e-05
5.00659e+07 1.79967e-05
5.00721e+07 1.8025e-05
5.00782e+07 1.80532e-05
5.00844e+07 1.80814e-05
5.00905e+07 1.81096e-05
5.00966e+07 1.81378e-05
5.01027e+07 1.8166e-05
5.01089e+07 1.81942e-05
5.0115e+07 1.82224e-05
5.01211e+07 1.82506e-05
5.01273e+07 1.82788e-05
5.01334e+07 1.8307e-05
5.01395e+07 1.83352e-05
5.01456e+07 1.83635e-05
5.01517e+07 1.83917e-05
5.01579e+07 1.84199e-05
5.0164e+07 1.84481e-05
5.01701e+07 1.84763e-05
5.01762e+07 1.85045e-05
5.01823e+07 1.85327e-05
5.01884e+07 1.85609e-05
5.01945e+07 1.85891e-05
5.02006e+07 1.86173e-05
5.02068e+07 1.86455e-05
5.02129e+07 1.86737e-05
5.0219e+07 1.8702e-05
5.02251e+07 1.87302e-05
5.02312e+07 1.87584e-05
5.02373e+07 1.87866e-05
5.02434e+07 1.88148e-05
5.02495e+07 1.8843e-05
5.02556e+07 1.88712e-05
5.02617e+07 1.88994e-05
5.02678e+07 1.89276e-05
5.02738e+07 1.89558e-05
5.02799e+07 1.8984e-05
5.0286e+07 1.90122e-05
5.02921e+07 1.90404e-05
5.02982e+07 1.90687e-05
5.03043e+07 1.90969e-05
5.03104e+07 1.91251e-05
5.03165e+07 1.91533e-05
5.03225e+07 1.91815e-05
5.03286e+07 1.92097e-05
5.03347e+07 1.92379e-05
5.03408e+07 1.92661e-05
5.03468e+07 1.92943e-05
5.03529e+07 1.93225e-05
5.0359e+07 1.93507e-05
5.03651e+07 1.93789e-05
5.03711e+07 1.94072e-05
5.03772e+07 1.94354e-05
5.03833e+07 1.94636e-05
5.03893e+07 1.94918e-05
5.03954e+07 1.952e-05
5.04015e+07 1.95482e-05
5.04075e+07 1.95764e-05
5.04136e+07 1.96046e-05
5.04196e+07 1.96328e-05
5.04257e+07 1.9661e-05
5.04318e+07 1.96892e-05
5.04378e+07 1.97174e-05
5.04439e+07 1.97456e-05
5.04499e+07 1.97739e-05
5.0456e+07 1.98021e-05
5.0462e+07 1.98303e-05
5.04681e+07 1.98585e-05
5.04741e+07 1.98867e-05
5.04802e+07 1.99149e-05
5.04862e+07 1.99431e-05
5.04922e+07 1.99713e-05
5.04983e+07 1.99995e-05
5.05043e+07 2.00277e-05
5.05104e+07 2.00559e-05
5.05164e+07 2.00841e-05
5.05224e+07 2.01124e-05
5.05285e+07 2.01406e-05
5.05345e+07 2.01688e-05
5.05405e+07 2.0197e-05
5.05466e+07 2.02252e-05
5.05526e+07 2.02534e-05
5.05586e+07 2.02816e-05
5.05646e+07 2.03098e-05
5.05707e+07 2.0338e-05
5.05767e+07 2.03662e-05
5.05827e+07 2.03944e-05
5.05887e+07 2.04226e-05
5.05948e+07 2.04509e-05
5.06008e+07 2.04791e-05
5.06068e+07 2.05073e-05
5.06128e+07 2.05355e-05
5.06188e+07 2.05637e-05
5.06248e+07 2.05919e-05
5.06308e+07 2.06201e-05
5.06368e+07 2.06483e-05
5.06429e+07 2.06765e-05
5.06489e+07 2.07047e-05
5.06549e+07 2.07329e-05
5.06609e+07 2.07611e-05
5.06669e+07 2.07893e-05
5.06729e+07 2.08176e-05
5.06789e+07 2.08458e-05
5.06849e+07 2.0874e-05
5.06909e+07 2.09022e-05
5.06969e+07 2.09304e-05
5.07029e+07 2.09586e-05
5.07088e+07 2.09868e-05
5.07148e+07 2.1015e-05
5.07208e+07 2.10432e-05
5.07268e+07 2.10714e-05
5.07328e+07 2.10996e-05
5.07388e+07 2.11278e-05
5.07448e+07 2.11561e-05
5.07508e+07 2.11843e-05
5.07567e+07 2.12125e-05
5.07627e+07 2.12407e-05
5.07687e+07 2.12689e-05
5.07747e+07 2.12971e-05
5.07806e+07 2.13253e-05
5.07866e+07 2.13535e-05
5.07926e+07 2.13817e-05
5.07986e+07 2.14099e-05
5.08045e+07 2.14381e-05
5.08105e+07 2.14663e-05
5.08165e+07 2.14945e-05
5.08224e+07 2.15228e-05
5.08284e+07 2.1551e-05
5.08344e+07 2.15792e-05
5.08403e+07 2.16074e-05
5.08463e+07 2.16356e-05
5.08522e+07 2.16638e-05
5.08582e+07 2.1692e-05
5.08641e+07 2.17202e-05
5.08701e+07 2.17484e-05
5.08761e+07 2.17766e-05
5.0882e+07 2.18048e-05
5.0888e+07 2.1833e-05
5.08939e+07 2.18613e-05
5.08998e+07 2.18895e-05
5.09058e+07 2.19177e-05
5.09117e+07 2.19459e-05
5.09177e+07 2.19741e-05
5.09236e+07 2.20023e-05
5.09296e+07 2.20305e-05
5.09355e+07 2.20587e-05
5.09414e+07 2.20869e-05
5.09474e+07 2.21151e-05
5.09533e+07 2.21433e-05
5.09592e+07 2.21715e-05
5.09652e+07 2.21998e-05
5.09711e+07 2.2228e-05
5.0977e+07 2.22562e-05
5.09829e+07 2.22844e-05
5.09889e+07 2.23126e-05
5.09948e+07 2.23408e-05
5.10007e+07 2.2369e-05
5.10066e+07 2.23972e-05
5.10126e+07 2.24254e-05
5.10185e+07 2.24536e-05
5.10244e+07 2.24818e-05
5.10303e+07 2.251e-05
5.10362e+07 2.25382e-05
5.10421e+07 2.25665e-05
5.1048e+07 2.25947e-05
5.1054e+07 2.26229e-05
5.10599e+07 2.26511e-05
5.10658e+07 2.26793e-05
5.10717e+07 2.27075e-05
5.10776e+07 2.27357e-05
5.10835e+07 2.27639e-05
5.10894e+07 2.27921e-05
5.10953e+07 2.28203e-05
5.11012e+07 2.28485e-05
5.11071e+07 2.28767e-05
5.1113e+07 2.2905e-05
5.11189e+07 2.29332e-05
5.11248e+07 2.29614e-05
5.11306e+07 2.29896e-05
5.11365e+07 2.30178e-05
5.11424e+07 2.3046e-05
5.11483e+07 2.30742e-05
5.11542e+07 2.31024e-05
5.11601e+07 2.31306e-05
5.1166e+07 2.31588e-05
5.11718e+07 2.3187e-05
5.11777e+07 2.32152e-05
5.11836e+07 2.32434e-05
5.11895e+07 2.32717e-05
5.11953e+07 2.32999e-05
5.12012e+07 2.33281e-05
5.12071e+07 2.33563e-05
5.1213e+07 2.33845e-05
5.12188e+07 2.34127e-05
5.12247e+07 2.34409e-05
5.12306e+07 2.34691e-05
5.12364e+07 2.34973e-05
5.12423e+07 2.35255e-05
5.12481e+07 2.35537e-05
5.1254e+07 2.35819e-05
5.12599e+07 2.36102e-05
5.12657e+07 2.36384e-05
5.12716e+07 2.36666e-05
5.12774e+07 2.36948e-05
5.12833e+07 2.3723e-05
5.12901e+07 2.37512e-05
5.12971e+07 2.37794e-05
5.1304e+07 2.38076e-05
5.13109e+07 2.38358e-05
5.13178e+07 2.3864e-05
5.13247e+07 2.38922e-05
5.13316e+07 2.39204e-05
5.13385e+07 2.39487e-05
5.13454e+07 2.39769e-05
5.13523e+07 2.40051e-05
5.13592e+07 2.40333e-05
5.13661e+07 2.40615e-05
5.13729e+07 2.40897e-05
5.13797e+07 2.41179e-05
5.13865e+07 2.41461e-05
5.13933e+07 2.41743e-05
5.14001e+07 2.42025e-05
5.14069e+07 2.42307e-05
5.14138e+07 2.42589e-05
5.14206e+07 2.42871e-05
5.14275e+07 2.43154e-05
5.14344e+07 2.43436e-05
5.14412e+07 2.43718e-05
5.14481e+07 2.44e-05
5.1455e+07 2.44282e-05
5.14619e+07 2.44564e-05
5.14687e+07 2.44846e-05
5.14756e+07 2.45128e-05
5.14824e+07 2.4541e-05
5.14893e+07 2.45692e-05
5.14962e+07 2.45974e-05
5.1503e+07 2.46256e-05
5.15099e+07 2.46539e-05
5.15167e+07 2.46821e-05
5.15236e+07 2.47103e-05
5.15304e+07 2.47385e-05
5.15373e+07 2.47667e-05
5.15441e+07 2.47949e-05
5.15509e+07 2.48231e-05
5.15578e+07 2.48513e-05
5.15646e+07 2.48795e-05
5.15714e+07 2.49077e-05
5.15783e+07 2.49359e-05
5.15851e+07 2.49641e-05
5.15919e+07 2.49924e-05
5.15988e+07 2.50206e-05
5.16056e+07 2.50488e-05
5.16124e+07 2.5077e-05
5.16192e+07 2.51052e-05
5.16261e+07 2.51334e-05
5.16329e+07 2.51616e-05
5.16397e+07 2.51898e-05
5.16465e+07 2.5218e-05
5.16533e+07 2.52462e-05
5.16601e+07 2.52744e-05
5.16669e+07 2.53026e-05
5.16738e+07 2.53308e-05
5.16806e+07 2.53591e-05
5.16874e+07 2.53873e-05
5.16942e+07 2.54155e-05
5.1701e+07 2.54437e-05
5.17078e+07 2.54719e-05
5.17146e+07 2.55001e-05
5.17214e+07 2.55283e-05
5.17281e+07 2.55565e-05
5.17349e+07 2.55847e-05
5.17417e+07 2.56129e-05
5.17485e+07 2.56411e-05
5.17553e+07 2.56693e-05
5.17621e+07 2.56976e-05
5.17689e+07 2.57258e-05
5.17756e+07 2.5754e-05
5.17824e+07 2.57822e-05
5.17892e+07 2.58104e-05
5.1796e+07 2.58386e-05
5.18027e+07 2.58668e-05
5.18095e+07 2.5895e-05
5.18163e+07 2.59232e-05
5.1823e+07 2.59514e-05
5.18298e+07 2.59796e-05
5.18366e+07 2.60078e-05
5.18433e+07 2.6036e-05
5.18501e+07 2.60643e-05
5.18568e+07 2.60925e-05
5.18636e+07 2.61207e-05
5.18703e+07 2.61489e-05
5.18771e+07 2.61771e-05
5.18838e+07 2.62053e-05
5.18906e+07 2.62335e-05
5.18973e+07 2.62617e-05
5.19041e+07 2.62899e-05
5.19108e+07 2.63181e-05
5.19175e+07 2.63463e-05
5.19243e+07 2.63745e-05
5.1931e+07 2.64028e-05
5.19377e+07 2.6431e-05
5.19445e+07 2.64592e-05
5.19512e+07 2.64874e-05
5.19579e+07 2.65156e-05
5.19646e+07 2.65438e-05
5.19714e+07 2.6572e-05
5.19781e+07 2.66002e-05
5.19848e+07 2.66284e-05
5.19915e+07 2.66566e-05
5.19982e+07 2.66848e-05
5.20049e+07 2.6713e-05
5.20117e+07 2.67413e-05
5.20184e+07 2.67695e-05
5.20251e+07 2.67977e-05
5.20318e+07 2.68259e-05
5.20385e+07 2.68541e-05
5.20452e+07 2.68823e-05
5.20519e+07 2.69105e-05
5.20586e+07 2.69387e-05
5.20653e+07 2.69669e-05
5.2072e+07 2.69951e-05
5.20787e+07 2.70233e-05
5.20853e+07 2.70515e-05
5.2092e+07 2.70797e-05
5.20987e+07 2.7108e-05
5.21054e+07 2.71362e-05
5.21121e+07 2.71644e-05
5.21188e+07 2.71926e-05
5.21254e+07 2.72208e-05
5.21321e+07 2.7249e-05
5.21388e+07 2.72772e-05
5.21455e+07 2.73054e-05
5.21521e+07 2.73336e-05
5.21588e+07 2.73618e-05
5.21655e+07 2.739e-05
5.21721e+07 2.74182e-05
5.21788e+07 2.74465e-05
5.21854e+07 2.74747e-05
5.21921e+07 2.75029e-05
5.21988e+07 2.75311e-05
5.22054e+07 2.75593e-05
5.22121e+07 2.75875e-05
5.22187e+07 2.76157e-05
5.22254e+07 2.76439e-05
5.2232e+07 2.76721e-05
5.22386e+07 2.77003e-05
5.22453e+07 2.77285e-05
5.22519e+07 2.77567e-05
5.22586e+07 2.77849e-05
5.22652e+07 2.78132e-05
5.22718e+07 2.78414e-05
5.22785e+07 2.78696e-05
5.22851e+07 2.78978e-05
5.22917e+07 2.7926e-05
5.22983e+07 2.79542e-05
5.2305e+07 2.79824e-05
5.23116e+07 2.80106e-05
5.23182e+07 2.80388e-05
5.23248e+07 2.8067e-05
5.23314e+07 2.80952e-05
5.23381e+07 2.81234e-05
5.23447e+07 2.81517e-05
5.23513e+07 2.81799e-05
5.23579e+07 2.82081e-05
