2.10692e+06 1.13535 5.40643e-06
4.21196e+06 2.27012 1.08101e-05
6.31512e+06 3.40432 1.6211e-05
8.41639e+06 4.53794 2.16092e-05
1.05158e+07 5.67097 2.70046e-05
1.26133e+07 6.80342 3.23973e-05
1.47088e+07 7.93529 3.77871e-05
1.68025e+07 9.06658 4.31742e-05
1.86507e+07 10.2553 4.88348e-05
2.02107e+07 11.5185 5.48501e-05
2.16011e+07 12.8302 6.10961e-05
2.29265e+07 14.161 6.74332e-05
2.42509e+07 15.4913 7.37682e-05
2.52092e+07 16.9384 8.06589e-05
2.60778e+07 18.4207 8.77177e-05
2.6841e+07 19.9478 9.49896e-05
2.75885e+07 21.4813 0.000102292
2.83355e+07 23.0144 0.000109593
2.88174e+07 24.6668 0.000117461
2.92838e+07 26.3258 0.000125361
2.97499e+07 27.9846 0.00013326
3.02157e+07 29.6432 0.000141158
3.06748e+07 31.3059 0.000149075
3.10439e+07 33.0271 0.000157272
3.13818e+07 34.7689 0.000165566
3.17195e+07 36.5104 0.000173859
3.19905e+07 38.2969 0.000182366
3.21252e+07 40.1752 0.00019131
3.22598e+07 42.0534 0.000200254
3.23943e+07 43.9314 0.000209197
3.25288e+07 45.8094 0.00021814
3.26632e+07 47.6873 0.000227082
3.27975e+07 49.5651 0.000236024
3.29318e+07 51.4427 0.000244965
3.30659e+07 53.3203 0.000253906
3.32e+07 55.1977 0.000262846
3.33341e+07 57.075 0.000271786
3.34681e+07 58.9522 0.000280725
3.36019e+07 60.8294 0.000289664
3.37358e+07 62.7064 0.000298602
3.38382e+07 64.6185 0.000307707
3.39169e+07 66.558 0.000316943
3.39772e+07 68.5189 0.00032628
3.38992e+07 70.6327 0.000336346
3.38153e+07 72.7529 0.000346442
3.37314e+07 74.873 0.000356538
3.36475e+07 76.9932 0.000366634
3.35636e+07 79.1133 0.00037673
3.34796e+07 81.2334 0.000386826
3.33957e+07 83.3534 0.000396921
3.33118e+07 85.4735 0.000407017
3.32279e+07 87.5935 0.000417112
3.31439e+07 89.7136 0.000427207
3.30599e+07 91.8335 0.000437302
3.29759e+07 93.9534 0.000447397
3.2892e+07 96.0733 0.000457492
3.2808e+07 98.1931 0.000467586
3.2724e+07 100.313 0.00047768
3.264e+07 102.433 0.000487775
3.2556e+07 104.552 0.000497869
3.2472e+07 106.672 0.000507963
3.23879e+07 108.792 0.000518058
3.23039e+07 110.912 0.000528151
3.22198e+07 113.031 0.000538245
3.21358e+07 115.151 0.000548338
3.21177e+07 117.244 0.000558306
3.21003e+07 119.337 0.000568273
3.20828e+07 121.43 0.00057824
3.20773e+07 123.518 0.000588183
3.21064e+07 125.592 0.000598056
3.21354e+07 127.665 0.000607929
3.21698e+07 129.736 0.00061779
3.22354e+07 131.793 0.000627586
3.23011e+07 133.85 0.000637381
3.23667e+07 135.907 0.000647177
3.24406e+07 137.96 0.000656953
3.25355e+07 140.003 0.000666683
3.26305e+07 142.047 0.000676413
3.27143e+07 144.116 0.000686264
3.28289e+07 146.271 0.000696529
3.29547e+07 148.42 0.000706761
3.30806e+07 150.569 0.000716993
3.32064e+07 152.717 0.000727225
3.33322e+07 154.866 0.000737457
3.3458e+07 157.015 0.000747689
3.35838e+07 159.163 0.00075792
3.37096e+07 161.312 0.000768151
3.38354e+07 163.46 0.000778382
3.39612e+07 165.609 0.000788613
3.4087e+07 167.757 0.000798844
3.42237e+07 169.897 0.000809036
3.43624e+07 172.067 0.000819366
3.44959e+07 174.253 0.000829777
3.46301e+07 176.438 0.000840184
3.47854e+07 178.606 0.000850506
3.49407e+07 180.773 0.000860827
3.50961e+07 182.941 0.000871148
3.52995e+07 185.066 0.00088127
3.55204e+07 187.176 0.000891318
3.57414e+07 189.286 0.000901367
3.59623e+07 191.395 0.000911415
3.61831e+07 193.505 0.000921462
3.6404e+07 195.615 0.00093151
3.66248e+07 197.724 0.000941558
3.68456e+07 199.833 0.000951605
3.70664e+07 201.942 0.000961652
3.72871e+07 204.05 0.000971699
3.75078e+07 206.159 0.000981746
3.77284e+07 208.267 0.000991793
3.79489e+07 210.374 0.00100184
3.81694e+07 212.481 0.00101189
3.83898e+07 214.588 0.00102193
3.861e+07 216.693 0.00103198
3.88301e+07 218.798 0.00104203
3.90501e+07 220.902 0.00105208
3.92698e+07 223.005 0.00106212
3.94893e+07 225.106 0.00107217
3.97086e+07 227.205 0.00108222
3.99275e+07 229.302 0.00109227
4.0146e+07 231.397 0.00110232
4.03641e+07 233.489 0.00111237
4.05817e+07 235.578 0.00112242
4.08091e+07 237.651 0.00113242
4.10384e+07 239.716 0.00114241
4.12743e+07 241.768 0.00115236
4.15128e+07 243.809 0.00116229
4.17501e+07 245.843 0.00117223
4.20044e+07 247.848 0.00118207
4.22732e+07 249.826 0.00119182
4.25404e+07 251.792 0.00120158
4.28055e+07 253.745 0.00121135
4.30684e+07 255.684 0.00122112
4.33287e+07 257.605 0.0012309
4.3586e+07 259.507 0.00124069
4.38399e+07 261.387 0.00125048
4.40901e+07 263.241 0.00126029
4.43359e+07 265.067 0.00127012
4.45768e+07 266.862 0.00127995
4.48124e+07 268.621 0.0012898
4.50419e+07 270.34 0.00129967
4.52648e+07 272.015 0.00130956
4.54804e+07 273.643 0.00131947
4.56881e+07 275.219 0.00132941
4.58873e+07 276.738 0.00133937
4.60772e+07 278.197 0.00134936
4.62574e+07 279.592 0.00135937
4.64274e+07 280.919 0.00136942
4.65867e+07 282.177 0.0013795
4.6735e+07 283.362 0.00138961
4.68721e+07 284.473 0.00139976
4.69978e+07 285.509 0.00140994
4.71122e+07 286.471 0.00142016
4.72154e+07 287.359 0.00143041
4.73076e+07 288.175 0.00144069
4.73892e+07 288.921 0.001451
4.74607e+07 289.6 0.00146135
4.75225e+07 290.216 0.00147172
4.75752e+07 290.772 0.00148212
4.76195e+07 291.272 0.00149255
4.76559e+07 291.721 0.00150299
4.76852e+07 292.122 0.00151347
4.77078e+07 292.48 0.00152396
4.77245e+07 292.799 0.00153446
4.77359e+07 293.083 0.00154499
4.77423e+07 293.334 0.00155553
4.77445e+07 293.558 0.00156608
4.77428e+07 293.755 0.00157664
4.77377e+07 293.931 0.00158721
4.77296e+07 294.086 0.0015978
4.77187e+07 294.224 0.00160839
4.77055e+07 294.346 0.00161898
4.76903e+07 294.454 0.00162959
4.76731e+07 294.55 0.0016402
4.76544e+07 294.636 0.00165081
4.76343e+07 294.713 0.00166143
4.76129e+07 294.781 0.00167205
4.75904e+07 294.842 0.00168268
4.75669e+07 294.896 0.0016933
4.75427e+07 294.946 0.00170393
4.75176e+07 294.99 0.00171457
4.7492e+07 295.03 0.0017252
4.74736e+07 295.066 0.00173578
4.74758e+07 295.099 0.00174621
4.74775e+07 295.129 0.00175664
4.74789e+07 295.156 0.00176708
4.74822e+07 295.181 0.00177749
4.74896e+07 295.204 0.00178788
4.74967e+07 295.226 0.00179827
4.75036e+07 295.246 0.00180865
4.75104e+07 295.265 0.00181904
4.75169e+07 295.282 0.00182943
4.75233e+07 295.299 0.00183982
4.75296e+07 295.315 0.00185021
4.75358e+07 295.33 0.0018606
4.75418e+07 295.344 0.00187098
4.75478e+07 295.358 0.00188137
4.75536e+07 295.371 0.00189176
4.75594e+07 295.384 0.00190215
4.75651e+07 295.396 0.00191254
4.75708e+07 295.408 0.00192293
4.75764e+07 295.419 0.00193332
4.7582e+07 295.431 0.00194371
4.75875e+07 295.441 0.0019541
4.7593e+07 295.452 0.00196449
4.75985e+07 295.463 0.00197488
4.76039e+07 295.473 0.00198527
4.7609e+07 295.483 0.00199567
4.76144e+07 295.493 0.00200606
4.76198e+07 295.503 0.00201645
4.76251e+07 295.513 0.00202684
4.76304e+07 295.523 0.00203723
4.76357e+07 295.532 0.00204762
4.76409e+07 295.542 0.002058
4.76462e+07 295.551 0.00206839
4.76514e+07 295.56 0.00207878
4.76566e+07 295.57 0.00208917
4.76619e+07 295.579 0.00209956
4.76671e+07 295.588 0.00210995
4.76723e+07 295.597 0.00212034
4.76774e+07 295.606 0.00213073
4.76826e+07 295.615 0.00214111
4.76878e+07 295.624 0.0021515
4.7693e+07 295.633 0.00216189
4.76981e+07 295.642 0.00217228
4.77033e+07 295.651 0.00218267
4.77084e+07 295.66 0.00219306
4.77135e+07 295.669 0.00220344
4.77187e+07 295.678 0.00221383
4.77238e+07 295.687 0.00222422
4.77289e+07 295.696 0.00223461
4.7734e+07 295.705 0.00224499
4.77391e+07 295.713 0.00225538
4.77442e+07 295.722 0.00226577
4.77493e+07 295.731 0.00227616
4.77544e+07 295.74 0.00228654
4.77595e+07 295.749 0.00229693
4.77646e+07 295.757 0.00230732
4.77696e+07 295.766 0.0023177
4.77747e+07 295.775 0.00232809
4.77798e+07 295.784 0.00233848
4.77848e+07 295.793 0.00234886
4.77899e+07 295.801 0.00235925
4.7795e+07 295.81 0.00236963
4.78e+07 295.819 0.00238002
4.78051e+07 295.828 0.00239041
4.78101e+07 295.836 0.00240079
4.78151e+07 295.845 0.00241118
4.78202e+07 295.854 0.00242156
4.78252e+07 295.863 0.00243195
4.78302e+07 295.871 0.00244233
4.78353e+07 295.88 0.00245272
4.78403e+07 295.889 0.0024631
4.78453e+07 295.898 0.00247349
4.78503e+07 295.906 0.00248387
4.78553e+07 295.915 0.00249426
4.78603e+07 295.924 0.00250464
4.78653e+07 295.932 0.00251503
4.78703e+07 295.941 0.00252541
4.78753e+07 295.95 0.0025358
4.78803e+07 295.959 0.00254618
4.78853e+07 295.967 0.00255656
4.78903e+07 295.976 0.00256695
4.78953e+07 295.985 0.00257733
4.79002e+07 295.994 0.00258772
4.79052e+07 296.002 0.0025981
4.79102e+07 296.011 0.00260848
4.79152e+07 296.02 0.00261887
4.79201e+07 296.029 0.00262925
4.79251e+07 296.037 0.00263963
4.793e+07 296.046 0.00265002
4.7935e+07 296.055 0.0026604
4.79399e+07 296.063 0.00267078
4.79449e+07 296.072 0.00268117
4.79498e+07 296.081 0.00269155
4.79547e+07 296.09 0.00270193
4.79597e+07 296.098 0.00271231
4.79646e+07 296.107 0.0027227
4.79695e+07 296.116 0.00273308
4.79745e+07 296.124 0.00274346
4.79794e+07 296.133 0.00275384
4.79843e+07 296.142 0.00276422
4.79892e+07 296.151 0.0027746
4.79941e+07 296.159 0.00278499
4.7999e+07 296.168 0.00279537
4.80039e+07 296.177 0.00280575
4.80088e+07 296.186 0.00281613
4.80137e+07 296.194 0.00282651
4.80186e+07 296.203 0.00283689
4.80235e+07 296.212 0.00284727
4.80284e+07 296.22 0.00285765
4.8031e+07 296.229 0.00286813
4.80265e+07 296.238 0.0028789
4.80219e+07 296.247 0.00288967
4.80173e+07 296.256 0.00290045
4.80127e+07 296.265 0.00291122
4.80082e+07 296.274 0.00292199
4.80036e+07 296.284 0.00293277
4.7999e+07 296.293 0.00294354
4.79944e+07 296.302 0.00295431
4.79898e+07 296.311 0.00296509
4.79853e+07 296.32 0.00297586
4.79801e+07 296.329 0.00298666
4.79756e+07 296.338 0.00299744
4.7971e+07 296.347 0.00300821
4.79664e+07 296.356 0.00301898
4.79618e+07 296.365 0.00302976
4.79574e+07 296.374 0.00304053
4.79618e+07 296.383 0.00305115
4.79663e+07 296.392 0.00306178
4.79708e+07 296.401 0.0030724
4.79753e+07 296.41 0.00308303
4.79797e+07 296.419 0.00309365
4.79842e+07 296.428 0.00310427
4.79887e+07 296.437 0.0031149
4.79931e+07 296.445 0.00312552
4.79976e+07 296.454 0.00313615
4.8002e+07 296.463 0.00314677
4.80065e+07 296.472 0.0031574
4.8011e+07 296.481 0.00316802
4.80154e+07 296.49 0.00317864
4.8021e+07 296.499 0.00318925
4.80278e+07 296.508 0.00319983
4.80345e+07 296.517 0.00321041
4.80413e+07 296.526 0.003221
4.80481e+07 296.535 0.00323158
4.80548e+07 296.543 0.00324216
4.80616e+07 296.552 0.00325275
4.80683e+07 296.561 0.00326333
4.80751e+07 296.57 0.00327391
4.80818e+07 296.579 0.0032845
4.80886e+07 296.588 0.00329508
4.80953e+07 296.597 0.00330566
4.81021e+07 296.606 0.00331624
4.81088e+07 296.615 0.00332683
4.81155e+07 296.623 0.00333741
4.81223e+07 296.632 0.00334799
4.8129e+07 296.641 0.00335857
4.81357e+07 296.65 0.00336915
4.81425e+07 296.659 0.00337974
4.81492e+07 296.668 0.00339032
4.81559e+07 296.677 0.0034009
4.81627e+07 296.686 0.00341148
4.81694e+07 296.695 0.00342206
4.81761e+07 296.703 0.00343264
4.81828e+07 296.712 0.00344323
4.81895e+07 296.721 0.00345381
4.81963e+07 296.73 0.00346439
4.8203e+07 296.739 0.00347497
4.82097e+07 296.748 0.00348555
4.82164e+07 296.757 0.00349613
4.82231e+07 296.766 0.00350671
4.82298e+07 296.775 0.00351729
4.82365e+07 296.783 0.00352787
4.82432e+07 296.792 0.00353845
4.82499e+07 296.801 0.00354903
4.82566e+07 296.81 0.00355961
4.82633e+07 296.819 0.00357019
4.827e+07 296.828 0.00358077
4.82767e+07 296.837 0.00359135
4.82834e+07 296.846 0.00360193
4.82901e+07 296.855 0.00361251
4.82968e+07 296.863 0.00362309
4.8304e+07 296.872 0.00363366
4.83126e+07 296.881 0.0036442
4.83213e+07 296.89 0.00365474
4.83299e+07 296.899 0.00366529
4.83385e+07 296.908 0.00367583
4.83471e+07 296.917 0.00368637
4.83557e+07 296.925 0.00369691
4.83643e+07 296.934 0.00370745
4.83729e+07 296.943 0.00371799
4.83815e+07 296.952 0.00372853
4.839e+07 296.961 0.00373907
4.83986e+07 296.97 0.00374961
4.84067e+07 296.979 0.00376019
4.84132e+07 296.988 0.00377087
4.84196e+07 296.997 0.00378155
4.84261e+07 297.005 0.00379224
4.84326e+07 297.014 0.00380292
4.8439e+07 297.023 0.0038136
4.84455e+07 297.032 0.00382428
4.8452e+07 297.041 0.00383497
4.84584e+07 297.05 0.00384565
4.84649e+07 297.059 0.00385633
4.84714e+07 297.068 0.00386701
4.84778e+07 297.077 0.0038777
4.84843e+07 297.086 0.00388838
4.84908e+07 297.095 0.00389906
4.84972e+07 297.104 0.00390974
4.85037e+07 297.113 0.00392042
4.85101e+07 297.122 0.0039311
4.85166e+07 297.131 0.00394179
4.8523e+07 297.14 0.00395247
4.85295e+07 297.149 0.00396315
4.85359e+07 297.158 0.00397383
4.85424e+07 297.167 0.00398451
4.85488e+07 297.176 0.00399519
4.85553e+07 297.185 0.00400587
4.85617e+07 297.194 0.00401655
4.85682e+07 297.203 0.00402724
4.85746e+07 297.212 0.00403792
4.85811e+07 297.221 0.0040486
4.85875e+07 297.23 0.00405928
4.85939e+07 297.239 0.00406996
4.86004e+07 297.248 0.00408064
4.86068e+07 297.257 0.00409132
4.86132e+07 297.266 0.004102
4.86197e+07 297.275 0.00411268
4.86261e+07 297.284 0.00412336
4.86325e+07 297.293 0.00413404
4.8639e+07 297.302 0.00414472
4.86454e+07 297.311 0.0041554
4.86518e+07 297.32 0.00416608
4.86583e+07 297.328 0.00417676
4.86647e+07 297.337 0.00418744
4.86711e+07 297.346 0.00419812
4.86775e+07 297.355 0.0042088
4.8684e+07 297.364 0.00421948
4.86904e+07 297.373 0.00423015
4.86968e+07 297.382 0.00424083
4.87032e+07 297.391 0.00425151
4.87096e+07 297.4 0.00426219
4.87161e+07 297.409 0.00427287
4.87225e+07 297.418 0.00428355
4.87289e+07 297.427 0.00429423
4.87353e+07 297.436 0.00430491
4.87417e+07 297.445 0.00431558
4.87481e+07 297.454 0.00432626
4.87545e+07 297.463 0.00433694
4.87609e+07 297.472 0.00434762
4.87673e+07 297.481 0.0043583
4.87737e+07 297.49 0.00436897
4.87801e+07 297.499 0.00437965
4.87866e+07 297.508 0.00439033
4.8793e+07 297.517 0.00440101
4.87994e+07 297.526 0.00441169
4.88058e+07 297.535 0.00442236
4.88121e+07 297.544 0.00443304
4.88185e+07 297.553 0.00444372
4.88249e+07 297.562 0.00445439
4.88313e+07 297.571 0.00446507
4.88377e+07 297.58 0.00447575
4.88441e+07 297.589 0.00448643
4.88505e+07 297.598 0.0044971
4.88569e+07 297.607 0.00450778
4.88633e+07 297.616 0.00451846
4.88697e+07 297.624 0.00452913
4.88761e+07 297.633 0.00453981
4.88824e+07 297.642 0.00455048
4.88888e+07 297.651 0.00456116
4.88952e+07 297.66 0.00457184
4.89016e+07 297.669 0.00458251
4.8908e+07 297.678 0.00459319
4.89143e+07 297.687 0.00460386
4.89207e+07 297.696 0.00461454
4.89271e+07 297.705 0.00462522
4.89335e+07 297.714 0.00463589
4.89398e+07 297.723 0.00464657
4.89462e+07 297.732 0.00465724
4.89526e+07 297.741 0.00466792
4.89589e+07 297.75 0.00467859
4.89653e+07 297.759 0.00468927
4.89717e+07 297.768 0.00469994
4.8978e+07 297.777 0.00471062
4.89844e+07 297.786 0.00472129
4.89908e+07 297.795 0.00473197
4.89971e+07 297.804 0.00474264
4.90035e+07 297.813 0.00475332
4.90099e+07 297.822 0.00476399
4.90162e+07 297.831 0.00477467
4.90226e+07 297.84 0.00478534
4.90289e+07 297.849 0.00479601
4.90353e+07 297.858 0.00480669
4.90416e+07 297.867 0.00481736
4.9048e+07 297.876 0.00482804
4.90543e+07 297.885 0.00483871
4.90607e+07 297.893 0.00484938
4.9067e+07 297.902 0.00486006
4.90734e+07 297.911 0.00487073
4.90797e+07 297.92 0.0048814
4.90861e+07 297.929 0.00489208
4.90924e+07 297.938 0.00490275
4.90987e+07 297.947 0.00491342
4.91051e+07 297.956 0.0049241
4.91114e+07 297.965 0.00493477
4.91178e+07 297.974 0.00494544
4.91241e+07 297.983 0.00495612
4.91304e+07 297.992 0.00496679
4.91368e+07 298.001 0.00497746
4.91431e+07 298.01 0.00498813
4.91494e+07 298.019 0.00499881
4.91558e+07 298.028 0.00500948
4.91621e+07 298.037 0.00502015
4.91684e+07 298.046 0.00503082
4.91747e+07 298.055 0.00504149
4.91811e+07 298.064 0.00505217
4.91874e+07 298.073 0.00506284
4.91937e+07 298.082 0.00507351
4.92e+07 298.091 0.00508418
4.92063e+07 298.1 0.00509485
4.92127e+07 298.109 0.00510552
4.9219e+07 298.118 0.0051162
4.92253e+07 298.127 0.00512687
4.92316e+07 298.136 0.00513754
4.92379e+07 298.144 0.00514821
4.92442e+07 298.153 0.00515888
4.92505e+07 298.162 0.00516955
4.92569e+07 298.171 0.00518022
4.92632e+07 298.18 0.00519089
4.92695e+07 298.189 0.00520156
4.92758e+07 298.198 0.00521223
4.92821e+07 298.207 0.0052229
4.92884e+07 298.216 0.00523357
4.92947e+07 298.225 0.00524424
4.9301e+07 298.234 0.00525491
4.93073e+07 298.243 0.00526558
4.93136e+07 298.252 0.00527625
4.93199e+07 298.261 0.00528692
4.93262e+07 298.27 0.00529759
4.93325e+07 298.279 0.00530826
4.93388e+07 298.288 0.00531893
4.9345e+07 298.297 0.0053296
4.93513e+07 298.306 0.00534027
4.93576e+07 298.315 0.00535094
4.93639e+07 298.324 0.00536161
4.93702e+07 298.333 0.00537228
4.93765e+07 298.342 0.00538295
4.93828e+07 298.351 0.00539362
4.9389e+07 298.36 0.00540429
4.93953e+07 298.369 0.00541495
4.94016e+07 298.378 0.00542562
4.94079e+07 298.386 0.00543629
4.94142e+07 298.395 0.00544696
4.94204e+07 298.404 0.00545763
4.94267e+07 298.413 0.0054683
4.9433e+07 298.422 0.00547896
4.94393e+07 298.431 0.00548963
4.94455e+07 298.44 0.0055003
4.94518e+07 298.449 0.00551097
4.94581e+07 298.458 0.00552164
4.94643e+07 298.467 0.0055323
4.94706e+07 298.476 0.00554297
4.94769e+07 298.485 0.00555364
4.94831e+07 298.494 0.00556431
4.94894e+07 298.503 0.00557497
4.94956e+07 298.512 0.00558564
4.95019e+07 298.521 0.00559631
4.95082e+07 298.53 0.00560697
4.95144e+07 298.539 0.00561764
4.95207e+07 298.548 0.00562831
4.95269e+07 298.557 0.00563897
4.95332e+07 298.566 0.00564964
4.95394e+07 298.575 0.00566031
4.95457e+07 298.584 0.00567097
4.95519e+07 298.593 0.00568164
4.95582e+07 298.602 0.00569231
4.95644e+07 298.61 0.00570297
4.95707e+07 298.619 0.00571364
4.95769e+07 298.628 0.0057243
4.95832e+07 298.637 0.00573497
4.95894e+07 298.646 0.00574564
4.95956e+07 298.655 0.0057563
4.96019e+07 298.664 0.00576697
4.96081e+07 298.673 0.00577763
4.96143e+07 298.682 0.0057883
4.96206e+07 298.691 0.00579896
4.96268e+07 298.7 0.00580963
4.9633e+07 298.709 0.00582029
4.96393e+07 298.718 0.00583096
4.96455e+07 298.727 0.00584162
4.96517e+07 298.736 0.00585229
4.9658e+07 298.745 0.00586295
4.96642e+07 298.754 0.00587362
4.96704e+07 298.763 0.00588428
4.96766e+07 298.772 0.00589494
4.96828e+07 298.781 0.00590561
4.96891e+07 298.79 0.00591627
4.96953e+07 298.799 0.00592694
4.97015e+07 298.808 0.0059376
4.97077e+07 298.817 0.00594826
4.97139e+07 298.825 0.00595893
4.97201e+07 298.834 0.00596959
4.97264e+07 298.843 0.00598026
4.97326e+07 298.852 0.00599092
4.97388e+07 298.861 0.00600158
4.9745e+07 298.87 0.00601225
4.97512e+07 298.879 0.00602291
4.97574e+07 298.888 0.00603357
4.97636e+07 298.897 0.00604423
4.97698e+07 298.906 0.0060549
4.9776e+07 298.915 0.00606556
4.97822e+07 298.924 0.00607622
4.97884e+07 298.933 0.00608689
4.97946e+07 298.942 0.00609755
4.98008e+07 298.951 0.00610821
4.9807e+07 298.96 0.00611887
4.98132e+07 298.969 0.00612953
4.98194e+07 298.978 0.0061402
4.98256e+07 298.987 0.00615086
4.98317e+07 298.996 0.00616152
4.98379e+07 299.005 0.00617218
4.98441e+07 299.014 0.00618284
4.98503e+07 299.023 0.0061935
4.98565e+07 299.031 0.00620417
4.98627e+07 299.04 0.00621483
4.98689e+07 299.049 0.00622549
4.9875e+07 299.058 0.00623615
4.98812e+07 299.067 0.00624681
4.98874e+07 299.076 0.00625747
4.98936e+07 299.085 0.00626813
4.98997e+07 299.094 0.00627879
4.99059e+07 299.103 0.00628945
4.99121e+07 299.112 0.00630011
4.99183e+07 299.121 0.00631078
4.99244e+07 299.13 0.00632144
4.99306e+07 299.139 0.0063321
4.99368e+07 299.148 0.00634276
4.99429e+07 299.157 0.00635342
4.99491e+07 299.166 0.00636408
4.99553e+07 299.175 0.00637474
4.99614e+07 299.184 0.0063854
4.99676e+07 299.193 0.00639605
4.99737e+07 299.202 0.00640671
4.99799e+07 299.211 0.00641737
4.9986e+07 299.22 0.00642803
4.99922e+07 299.229 0.00643869
4.99984e+07 299.237 0.00644935
5.00045e+07 299.246 0.00646001
5.00107e+07 299.255 0.00647067
5.00168e+07 299.264 0.00648133
5.0023e+07 299.273 0.00649199
5.00291e+07 299.282 0.00650265
5.00352e+07 299.291 0.0065133
5.00414e+07 299.3 0.00652396
5.00475e+07 299.309 0.00653462
5.00537e+07 299.318 0.00654528
5.00598e+07 299.327 0.00655594
5.00659e+07 299.336 0.0065666
5.00721e+07 299.345 0.00657725
5.00782e+07 299.354 0.00658791
5.00844e+07 299.363 0.00659857
5.00905e+07 299.372 0.00660923
5.00966e+07 299.381 0.00661988
5.01027e+07 299.39 0.00663054
5.01089e+07 299.399 0.0066412
5.0115e+07 299.408 0.00665186
5.01211e+07 299.417 0.00666251
5.01273e+07 299.425 0.00667317
5.01334e+07 299.434 0.00668383
5.01395e+07 299.443 0.00669448
5.01456e+07 299.452 0.00670514
5.01517e+07 299.461 0.0067158
5.01579e+07 299.47 0.00672645
5.0164e+07 299.479 0.00673711
5.01701e+07 299.488 0.00674777
5.01762e+07 299.497 0.00675842
5.01823e+07 299.506 0.00676908
5.01884e+07 299.515 0.00677973
5.01945e+07 299.524 0.00679039
5.02006e+07 299.533 0.00680105
5.02068e+07 299.542 0.0068117
5.02129e+07 299.551 0.00682236
5.0219e+07 299.56 0.00683301
5.02251e+07 299.569 0.00684367
5.02312e+07 299.578 0.00685432
5.02373e+07 299.587 0.00686498
5.02434e+07 299.596 0.00687563
5.02495e+07 299.604 0.00688629
5.02556e+07 299.613 0.00689694
5.02617e+07 299.622 0.0069076
5.02678e+07 299.631 0.00691825
5.02738e+07 299.64 0.00692891
5.02799e+07 299.649 0.00693956
5.0286e+07 299.658 0.00695022
5.02921e+07 299.667 0.00696087
5.02982e+07 299.676 0.00697152
5.03043e+07 299.685 0.00698218
5.03104e+07 299.694 0.00699283
5.03165e+07 299.703 0.00700349
5.03225e+07 299.712 0.00701414
5.03286e+07 299.721 0.00702479
5.03347e+07 299.73 0.00703545
5.03408e+07 299.739 0.0070461
5.03468e+07 299.748 0.00705675
5.03529e+07 299.757 0.00706741
5.0359e+07 299.766 0.00707806
5.03651e+07 299.775 0.00708871
5.03711e+07 299.783 0.00709937
5.03772e+07 299.792 0.00711002
5.03833e+07 299.801 0.00712067
5.03893e+07 299.81 0.00713132
5.03954e+07 299.819 0.00714198
5.04015e+07 299.828 0.00715263
5.04075e+07 299.837 0.00716328
5.04136e+07 299.846 0.00717393
5.04196e+07 299.855 0.00718459
5.04257e+07 299.864 0.00719524
5.04318e+07 299.873 0.00720589
5.04378e+07 299.882 0.00721654
5.04439e+07 299.891 0.00722719
5.04499e+07 299.9 0.00723784
5.0456e+07 299.909 0.0072485
5.0462e+07 299.918 0.00725915
5.04681e+07 299.927 0.0072698
5.04741e+07 299.936 0.00728045
5.04802e+07 299.945 0.0072911
5.04862e+07 299.953 0.00730175
5.04922e+07 299.962 0.0073124
5.04983e+07 299.971 0.00732305
5.05043e+07 299.98 0.0073337
5.05104e+07 299.989 0.00734435
5.05164e+07 299.998 0.00735501
5.05224e+07 300.007 0.00736566
5.05285e+07 300.016 0.00737631
5.05345e+07 300.025 0.00738696
5.05405e+07 300.034 0.00739761
5.05466e+07 300.043 0.00740826
5.05526e+07 300.052 0.00741891
5.05586e+07 300.061 0.00742956
5.05646e+07 300.07 0.0074402
5.05707e+07 300.079 0.00745085
5.05767e+07 300.088 0.0074615
5.05827e+07 300.097 0.00747215
5.05887e+07 300.106 0.0074828
5.05948e+07 300.114 0.00749345
5.06008e+07 300.123 0.0075041
5.06068e+07 300.132 0.00751475
5.06128e+07 300.141 0.0075254
5.06188e+07 300.15 0.00753605
5.06248e+07 300.159 0.00754669
5.06308e+07 300.168 0.00755734
5.06368e+07 300.177 0.00756799
5.06429e+07 300.186 0.00757864
5.06489e+07 300.195 0.00758929
5.06549e+07 300.204 0.00759994
5.06609e+07 300.213 0.00761058
5.06669e+07 300.222 0.00762123
5.06729e+07 300.231 0.00763188
5.06789e+07 300.24 0.00764253
5.06849e+07 300.249 0.00765317
5.06909e+07 300.258 0.00766382
5.06969e+07 300.267 0.00767447
5.07029e+07 300.275 0.00768512
5.07088e+07 300.284 0.00769576
5.07148e+07 300.293 0.00770641
5.07208e+07 300.302 0.00771706
5.07268e+07 300.311 0.0077277
5.07328e+07 300.32 0.00773835
5.07388e+07 300.329 0.007749
5.07448e+07 300.338 0.00775964
5.07508e+07 300.347 0.00777029
5.07567e+07 300.356 0.00778094
5.07627e+07 300.365 0.00779158
5.07687e+07 300.374 0.00780223
5.07747e+07 300.383 0.00781287
5.07806e+07 300.392 0.00782352
5.07866e+07 300.401 0.00783417
5.07926e+07 300.41 0.00784481
5.07986e+07 300.419 0.00785546
5.08045e+07 300.428 0.0078661
5.08105e+07 300.436 0.00787675
5.08165e+07 300.445 0.00788739
5.08224e+07 300.454 0.00789804
5.08284e+07 300.463 0.00790868
5.08344e+07 300.472 0.00791933
5.08403e+07 300.481 0.00792997
5.08463e+07 300.49 0.00794062
5.08522e+07 300.499 0.00795126
5.08582e+07 300.508 0.0079619
5.08641e+07 300.517 0.00797255
5.08701e+07 300.526 0.00798319
5.08761e+07 300.535 0.00799384
5.0882e+07 300.544 0.00800448
5.0888e+07 300.553 0.00801513
5.08939e+07 300.562 0.00802577
5.08998e+07 300.571 0.00803641
5.09058e+07 300.58 0.00804706
5.09117e+07 300.588 0.0080577
5.09177e+07 300.597 0.00806834
5.09236e+07 300.606 0.00807899
5.09296e+07 300.615 0.00808963
5.09355e+07 300.624 0.00810027
5.09414e+07 300.633 0.00811091
5.09474e+07 300.642 0.00812156
5.09533e+07 300.651 0.0081322
5.09592e+07 300.66 0.00814284
5.09652e+07 300.669 0.00815349
5.09711e+07 300.678 0.00816413
5.0977e+07 300.687 0.00817477
5.09829e+07 300.696 0.00818541
5.09889e+07 300.705 0.00819605
5.09948e+07 300.714 0.0082067
5.10007e+07 300.723 0.00821734
5.10066e+07 300.732 0.00822798
5.10126e+07 300.74 0.00823862
5.10185e+07 300.749 0.00824926
5.10244e+07 300.758 0.0082599
5.10303e+07 300.767 0.00827055
5.10362e+07 300.776 0.00828119
5.10421e+07 300.785 0.00829183
5.1048e+07 300.794 0.00830247
5.1054e+07 300.803 0.00831311
5.10599e+07 300.812 0.00832375
5.10658e+07 300.821 0.00833439
5.10717e+07 300.83 0.00834503
5.10776e+07 300.839 0.00835567
5.10835e+07 300.848 0.00836631
5.10894e+07 300.857 0.00837695
5.10953e+07 300.866 0.00838759
5.11012e+07 300.875 0.00839823
5.11071e+07 300.883 0.00840887
5.1113e+07 300.892 0.00841951
5.11189e+07 300.901 0.00843015
5.11248e+07 300.91 0.00844079
5.11306e+07 300.919 0.00845143
5.11365e+07 300.928 0.00846207
5.11424e+07 300.937 0.00847271
5.11483e+07 300.946 0.00848335
5.11542e+07 300.955 0.00849399
5.11601e+07 300.964 0.00850462
5.1166e+07 300.973 0.00851526
5.11718e+07 300.982 0.0085259
5.11777e+07 300.991 0.00853654
5.11836e+07 301 0.00854718
5.11895e+07 301.009 0.00855782
5.11953e+07 301.018 0.00856846
5.12012e+07 301.026 0.00857909
5.12071e+07 301.035 0.00858973
5.1213e+07 301.044 0.00860037
5.12188e+07 301.053 0.00861101
5.12247e+07 301.062 0.00862165
5.12306e+07 301.071 0.00863228
5.12364e+07 301.08 0.00864292
5.12423e+07 301.089 0.00865356
5.12481e+07 301.098 0.00866419
5.1254e+07 301.107 0.00867483
5.12599e+07 301.116 0.00868547
5.12657e+07 301.125 0.00869611
5.12716e+07 301.134 0.00870674
5.12774e+07 301.143 0.00871738
5.12833e+07 301.152 0.00872802
5.12901e+07 301.16 0.00873859
5.12971e+07 301.169 0.00874917
5.1304e+07 301.178 0.00875974
5.13109e+07 301.187 0.00877032
5.13178e+07 301.196 0.00878089
5.13247e+07 301.205 0.00879147
5.13316e+07 301.214 0.00880204
5.13385e+07 301.223 0.00881262
5.13454e+07 301.231 0.00882319
5.13523e+07 301.24 0.00883377
5.13592e+07 301.249 0.00884434
5.13661e+07 301.258 0.00885491
5.13729e+07 301.267 0.0088655
5.13797e+07 301.276 0.00887609
5.13865e+07 301.285 0.00888669
5.13933e+07 301.294 0.00889729
5.14001e+07 301.303 0.00890788
5.14069e+07 301.312 0.00891848
5.14138e+07 301.32 0.00892907
5.14206e+07 301.329 0.00893965
5.14275e+07 301.338 0.00895022
5.14344e+07 301.347 0.00896079
5.14412e+07 301.356 0.00897136
5.14481e+07 301.365 0.00898194
5.1455e+07 301.374 0.00899251
5.14619e+07 301.383 0.00900308
5.14687e+07 301.391 0.00901365
5.14756e+07 301.4 0.00902422
5.14824e+07 301.409 0.0090348
5.14893e+07 301.418 0.00904537
5.14962e+07 301.427 0.00905594
5.1503e+07 301.436 0.00906651
5.15099e+07 301.445 0.00907708
5.15167e+07 301.454 0.00908765
5.15236e+07 301.463 0.00909822
5.15304e+07 301.471 0.0091088
5.15373e+07 301.48 0.00911937
5.15441e+07 301.489 0.00912994
5.15509e+07 301.498 0.00914051
5.15578e+07 301.507 0.00915108
5.15646e+07 301.516 0.00916165
5.15714e+07 301.525 0.00917222
5.15783e+07 301.534 0.00918279
5.15851e+07 301.542 0.00919336
5.15919e+07 301.551 0.00920393
5.15988e+07 301.56 0.0092145
5.16056e+07 301.569 0.00922507
5.16124e+07 301.578 0.00923564
5.16192e+07 301.587 0.00924621
5.16261e+07 301.596 0.00925678
5.16329e+07 301.605 0.00926734
5.16397e+07 301.613 0.00927791
5.16465e+07 301.622 0.00928848
5.16533e+07 301.631 0.00929905
5.16601e+07 301.64 0.00930962
5.16669e+07 301.649 0.00932019
5.16738e+07 301.658 0.00933076
5.16806e+07 301.667 0.00934132
5.16874e+07 301.676 0.00935189
5.16942e+07 301.684 0.00936246
5.1701e+07 301.693 0.00937303
5.17078e+07 301.702 0.0093836
5.17146e+07 301.711 0.00939416
5.17214e+07 301.72 0.00940473
5.17281e+07 301.729 0.0094153
5.17349e+07 301.738 0.00942586
5.17417e+07 301.747 0.00943643
5.17485e+07 301.755 0.009447
5.17553e+07 301.764 0.00945756
5.17621e+07 301.773 0.00946813
5.17689e+07 301.782 0.0094787
5.17756e+07 301.791 0.00948926
5.17824e+07 301.8 0.00949983
5.17892e+07 301.809 0.0095104
5.1796e+07 301.818 0.00952096
5.18027e+07 301.826 0.00953153
5.18095e+07 301.835 0.00954209
5.18163e+07 301.844 0.00955266
5.1823e+07 301.853 0.00956322
5.18298e+07 301.862 0.00957379
5.18366e+07 301.871 0.00958436
5.18433e+07 301.88 0.00959492
5.18501e+07 301.889 0.00960549
5.18568e+07 301.897 0.00961605
5.18636e+07 301.906 0.00962661
5.18703e+07 301.915 0.00963718
5.18771e+07 301.924 0.00964774
5.18838e+07 301.933 0.00965831
5.18906e+07 301.942 0.00966887
5.18973e+07 301.951 0.00967944
5.19041e+07 301.96 0.00969
5.19108e+07 301.968 0.00970056
5.19175e+07 301.977 0.00971113
5.19243e+07 301.986 0.00972169
5.1931e+07 301.995 0.00973225
5.19377e+07 302.004 0.00974282
5.19445e+07 302.013 0.00975338
5.19512e+07 302.022 0.00976394
5.19579e+07 302.031 0.00977451
5.19646e+07 302.039 0.00978507
5.19714e+07 302.048 0.00979563
5.19781e+07 302.057 0.00980619
5.19848e+07 302.066 0.00981676
5.19915e+07 302.075 0.00982732
5.19982e+07 302.084 0.00983788
5.20049e+07 302.093 0.00984844
5.20117e+07 302.102 0.009859
5.20184e+07 302.11 0.00986957
5.20251e+07 302.119 0.00988013
5.20318e+07 302.128 0.00989069
5.20385e+07 302.137 0.00990125
5.20452e+07 302.146 0.00991181
5.20519e+07 302.155 0.00992237
5.20586e+07 302.164 0.00993293
5.20653e+07 302.173 0.00994349
5.2072e+07 302.181 0.00995405
5.20787e+07 302.19 0.00996462
5.20853e+07 302.199 0.00997518
5.2092e+07 302.208 0.00998574
5.20987e+07 302.217 0.0099963
5.21054e+07 302.226 0.0100069
5.21121e+07 302.235 0.0100174
5.21188e+07 302.243 0.010028
5.21254e+07 302.252 0.0100385
5.21321e+07 302.261 0.0100491
5.21388e+07 302.27 0.0100597
5.21455e+07 302.279 0.0100702
5.21521e+07 302.288 0.0100808
5.21588e+07 302.297 0.0100913
5.21655e+07 302.306 0.0101019
5.21721e+07 302.314 0.0101124
5.21788e+07 302.323 0.010123
5.21854e+07 302.332 0.0101336
5.21921e+07 302.341 0.0101441
5.21988e+07 302.35 0.0101547
5.22054e+07 302.359 0.0101652
5.22121e+07 302.368 0.0101758
5.22187e+07 302.377 0.0101864
5.22254e+07 302.385 0.0101969
5.2232e+07 302.394 0.0102075
5.22386e+07 302.403 0.010218
5.22453e+07 302.412 0.0102286
5.22519e+07 302.421 0.0102391
5.22586e+07 302.43 0.0102497
5.22652e+07 302.439 0.0102603
5.22718e+07 302.447 0.0102708
5.22785e+07 302.456 0.0102814
5.22851e+07 302.465 0.0102919
5.22917e+07 302.474 0.0103025
5.22983e+07 302.483 0.010313
5.2305e+07 302.492 0.0103236
5.23116e+07 302.501 0.0103341
5.23182e+07 302.51 0.0103447
5.23248e+07 302.518 0.0103553
5.23314e+07 302.527 0.0103658
5.23381e+07 302.536 0.0103764
5.23447e+07 302.545 0.0103869
5.23513e+07 302.554 0.0103975
5.23579e+07 302.563 0.010408
