2.10692e+06 -1.07419 -5.11518e-06
4.21196e+06 -2.14895 -1.02331e-05
6.31512e+06 -3.22429 -1.53538e-05
8.41639e+06 -4.30022 -2.04772e-05
1.05158e+07 -5.37672 -2.56034e-05
1.26133e+07 -6.4538 -3.07324e-05
1.47088e+07 -7.53147 -3.58642e-05
1.68025e+07 -8.60972 -4.09987e-05
1.86507e+07 -9.63054 -4.58597e-05
2.02107e+07 -10.5769 -5.0366e-05
2.16011e+07 -11.4747 -5.46416e-05
2.29265e+07 -12.3535 -5.88261e-05
2.42509e+07 -13.2327 -6.30127e-05
2.52092e+07 -13.9952 -6.66437e-05
2.60778e+07 -14.7224 -7.01064e-05
2.6841e+07 -15.4048 -7.33562e-05
2.75885e+07 -16.0809 -7.65756e-05
2.83355e+07 -16.7572 -7.97964e-05
2.88174e+07 -17.3144 -8.24496e-05
2.92838e+07 -17.8649 -8.50711e-05
2.97499e+07 -18.4157 -8.76936e-05
3.02157e+07 -18.9666 -9.03171e-05
3.06748e+07 -19.5135 -9.29215e-05
3.10439e+07 -20.0018 -9.52468e-05
3.13818e+07 -20.4696 -9.74743e-05
3.17195e+07 -20.9375 -9.97026e-05
3.19905e+07 -21.3607 -0.000101717
3.21252e+07 -21.6919 -0.000103295
3.22598e+07 -22.0232 -0.000104873
3.23943e+07 -22.3547 -0.000106451
3.25288e+07 -22.6863 -0.00010803
3.26632e+07 -23.0179 -0.000109609
3.27975e+07 -23.3497 -0.000111189
3.29318e+07 -23.6816 -0.000112769
3.30659e+07 -24.0136 -0.00011435
3.32e+07 -24.3457 -0.000115932
3.33341e+07 -24.6779 -0.000117514
3.34681e+07 -25.0102 -0.000119096
3.36019e+07 -25.3426 -0.000120679
3.37358e+07 -25.6752 -0.000122263
3.38382e+07 -25.9726 -0.000123679
3.39169e+07 -26.2426 -0.000124965
3.39772e+07 -26.4913 -0.000126149
3.38992e+07 -26.587 -0.000126605
3.38153e+07 -26.6764 -0.00012703
3.37314e+07 -26.7657 -0.000127456
3.36475e+07 -26.8551 -0.000127882
3.35636e+07 -26.9446 -0.000128307
3.34796e+07 -27.034 -0.000128733
3.33957e+07 -27.1235 -0.000129159
3.33118e+07 -27.213 -0.000129586
3.32279e+07 -27.3025 -0.000130012
3.31439e+07 -27.392 -0.000130438
3.30599e+07 -27.4816 -0.000130865
3.29759e+07 -27.5712 -0.000131292
3.2892e+07 -27.6609 -0.000131718
3.2808e+07 -27.7506 -0.000132146
3.2724e+07 -27.8403 -0.000132573
3.264e+07 -27.9301 -0.000133
3.2556e+07 -28.0199 -0.000133428
3.2472e+07 -28.1097 -0.000133856
3.23879e+07 -28.1993 -0.000134282
3.23039e+07 -28.2891 -0.00013471
3.22198e+07 -28.379 -0.000135138
3.21358e+07 -28.469 -0.000135567
3.21177e+07 -28.5852 -0.00013612
3.21003e+07 -28.7017 -0.000136675
3.20828e+07 -28.8182 -0.000137229
3.20773e+07 -28.9398 -0.000137809
3.21064e+07 -29.076 -0.000138457
3.21354e+07 -29.2122 -0.000139106
3.21698e+07 -29.3508 -0.000139766
3.22354e+07 -29.5032 -0.000140492
3.23011e+07 -29.6557 -0.000141218
3.23667e+07 -29.8083 -0.000141944
3.24406e+07 -29.9647 -0.000142689
3.25355e+07 -30.1309 -0.000143481
3.26305e+07 -30.2973 -0.000144273
3.27143e+07 -30.438 -0.000144943
3.28289e+07 -30.4919 -0.000145199
3.29547e+07 -30.5527 -0.000145489
3.30806e+07 -30.6135 -0.000145779
3.32064e+07 -30.6744 -0.000146068
3.33322e+07 -30.7352 -0.000146358
3.3458e+07 -30.7961 -0.000146648
3.35838e+07 -30.8571 -0.000146939
3.37096e+07 -30.9181 -0.000147229
3.38354e+07 -30.9791 -0.000147519
3.39612e+07 -31.0401 -0.00014781
3.4087e+07 -31.1012 -0.000148101
3.42237e+07 -31.1703 -0.00014843
3.43624e+07 -31.2106 -0.000148622
3.44959e+07 -31.2339 -0.000148733
3.46301e+07 -31.2579 -0.000148847
3.47854e+07 -31.2999 -0.000149047
3.49407e+07 -31.3419 -0.000149247
3.50961e+07 -31.384 -0.000149448
3.52995e+07 -31.4681 -0.000149848
3.55204e+07 -31.5674 -0.000150321
3.57414e+07 -31.6668 -0.000150794
3.59623e+07 -31.7663 -0.000151268
3.61831e+07 -31.8658 -0.000151742
3.6404e+07 -31.9653 -0.000152216
3.66248e+07 -32.0649 -0.00015269
3.68456e+07 -32.1645 -0.000153164
3.70664e+07 -32.2641 -0.000153638
3.72871e+07 -32.3637 -0.000154113
3.75078e+07 -32.4634 -0.000154588
3.77284e+07 -32.5631 -0.000155062
3.79489e+07 -32.6628 -0.000155537
3.81694e+07 -32.7625 -0.000156012
3.83898e+07 -32.8622 -0.000156487
3.861e+07 -32.9619 -0.000156961
3.88301e+07 -33.0615 -0.000157436
3.90501e+07 -33.1611 -0.00015791
3.92698e+07 -33.2606 -0.000158384
3.94893e+07 -33.36 -0.000158857
3.97086e+07 -33.4593 -0.00015933
3.99275e+07 -33.5584 -0.000159802
4.0146e+07 -33.6574 -0.000160273
4.03641e+07 -33.7561 -0.000160743
4.05817e+07 -33.8545 -0.000161212
4.08091e+07 -33.9644 -0.000161735
4.10384e+07 -34.0766 -0.000162269
4.12743e+07 -34.1969 -0.000162842
4.15128e+07 -34.3207 -0.000163432
4.17501e+07 -34.4439 -0.000164019
4.20044e+07 -34.5872 -0.000164701
4.22732e+07 -34.7481 -0.000165467
4.25404e+07 -34.908 -0.000166229
4.28055e+07 -35.0667 -0.000166984
4.30684e+07 -35.2241 -0.000167734
4.33287e+07 -35.3799 -0.000168476
4.3586e+07 -35.5339 -0.000169209
4.38399e+07 -35.6859 -0.000169933
4.40901e+07 -35.8355 -0.000170645
4.43359e+07 -35.9825 -0.000171345
4.45768e+07 -36.1265 -0.000172031
4.48124e+07 -36.2671 -0.0001727
4.50419e+07 -36.4039 -0.000173352
4.52648e+07 -36.5367 -0.000173984
4.54804e+07 -36.6649 -0.000174595
4.56881e+07 -36.7881 -0.000175181
4.58873e+07 -36.9059 -0.000175743
4.60772e+07 -37.018 -0.000176276
4.62574e+07 -37.124 -0.000176781
4.64274e+07 -37.2235 -0.000177255
4.65867e+07 -37.3163 -0.000177697
4.6735e+07 -37.4021 -0.000178105
4.68721e+07 -37.4809 -0.00017848
4.69978e+07 -37.5524 -0.000178821
4.71122e+07 -37.6169 -0.000179128
4.72154e+07 -37.6742 -0.000179401
4.73076e+07 -37.7246 -0.000179641
4.73892e+07 -37.7682 -0.000179849
4.74607e+07 -37.8055 -0.000180026
4.75225e+07 -37.8366 -0.000180174
4.75752e+07 -37.862 -0.000180295
4.76195e+07 -37.8821 -0.000180391
4.76559e+07 -37.8973 -0.000180463
4.76852e+07 -37.9079 -0.000180514
4.77078e+07 -37.9145 -0.000180545
4.77245e+07 -37.9173 -0.000180558
4.77359e+07 -37.9167 -0.000180556
4.77423e+07 -37.9131 -0.000180539
4.77445e+07 -37.9068 -0.000180509
4.77428e+07 -37.8981 -0.000180467
4.77377e+07 -37.8873 -0.000180416
4.77296e+07 -37.8745 -0.000180355
4.77187e+07 -37.8601 -0.000180286
4.77055e+07 -37.8442 -0.00018021
4.76903e+07 -37.827 -0.000180128
4.76731e+07 -37.8086 -0.000180041
4.76544e+07 -37.7893 -0.000179949
4.76343e+07 -37.7691 -0.000179853
4.76129e+07 -37.7481 -0.000179753
4.75904e+07 -37.7264 -0.000179649
4.75669e+07 -37.7041 -0.000179543
4.75427e+07 -37.6813 -0.000179435
4.75176e+07 -37.6581 -0.000179324
4.7492e+07 -37.6345 -0.000179212
4.74736e+07 -37.6224 -0.000179154
4.74758e+07 -37.6413 -0.000179244
4.74775e+07 -37.66 -0.000179334
4.74789e+07 -37.6786 -0.000179422
4.74822e+07 -37.7004 -0.000179526
4.74896e+07 -37.7288 -0.000179661
4.74967e+07 -37.7572 -0.000179796
4.75036e+07 -37.7854 -0.00017993
4.75104e+07 -37.8135 -0.000180064
4.75169e+07 -37.8415 -0.000180198
4.75233e+07 -37.8695 -0.000180331
4.75296e+07 -37.8974 -0.000180464
4.75358e+07 -37.9253 -0.000180597
4.75418e+07 -37.9531 -0.000180729
4.75478e+07 -37.9809 -0.000180862
4.75536e+07 -38.0087 -0.000180994
4.75594e+07 -38.0364 -0.000181126
4.75651e+07 -38.0642 -0.000181258
4.75708e+07 -38.0919 -0.00018139
4.75764e+07 -38.1196 -0.000181522
4.7582e+07 -38.1473 -0.000181654
4.75875e+07 -38.1751 -0.000181786
4.7593e+07 -38.2028 -0.000181918
4.75985e+07 -38.2305 -0.00018205
4.76039e+07 -38.2582 -0.000182182
4.7609e+07 -38.2841 -0.000182305
4.76144e+07 -38.3118 -0.000182437
4.76198e+07 -38.3396 -0.000182569
4.76251e+07 -38.3674 -0.000182702
4.76304e+07 -38.3951 -0.000182834
4.76357e+07 -38.4229 -0.000182966
4.76409e+07 -38.4507 -0.000183099
4.76462e+07 -38.4786 -0.000183231
4.76514e+07 -38.5064 -0.000183364
4.76566e+07 -38.5343 -0.000183497
4.76619e+07 -38.5622 -0.000183629
4.76671e+07 -38.5901 -0.000183762
4.76723e+07 -38.618 -0.000183895
4.76774e+07 -38.6459 -0.000184028
4.76826e+07 -38.6739 -0.000184161
4.76878e+07 -38.7019 -0.000184295
4.7693e+07 -38.7299 -0.000184428
4.76981e+07 -38.7579 -0.000184561
4.77033e+07 -38.786 -0.000184695
4.77084e+07 -38.814 -0.000184829
4.77135e+07 -38.8421 -0.000184962
4.77187e+07 -38.8702 -0.000185096
4.77238e+07 -38.8984 -0.00018523
4.77289e+07 -38.9265 -0.000185364
4.7734e+07 -38.9547 -0.000185499
4.77391e+07 -38.9829 -0.000185633
4.77442e+07 -39.0111 -0.000185767
4.77493e+07 -39.0394 -0.000185902
4.77544e+07 -39.0676 -0.000186036
4.77595e+07 -39.0959 -0.000186171
4.77646e+07 -39.1242 -0.000186306
4.77696e+07 -39.1526 -0.000186441
4.77747e+07 -39.1809 -0.000186576
4.77798e+07 -39.2093 -0.000186711
4.77848e+07 -39.2377 -0.000186846
4.77899e+07 -39.2662 -0.000186982
4.7795e+07 -39.2946 -0.000187117
4.78e+07 -39.3231 -0.000187253
4.78051e+07 -39.3516 -0.000187389
4.78101e+07 -39.3801 -0.000187524
4.78151e+07 -39.4087 -0.00018766
4.78202e+07 -39.4372 -0.000187796
4.78252e+07 -39.4658 -0.000187933
4.78302e+07 -39.4944 -0.000188069
4.78353e+07 -39.5231 -0.000188205
4.78403e+07 -39.5518 -0.000188342
4.78453e+07 -39.5804 -0.000188478
4.78503e+07 -39.6092 -0.000188615
4.78553e+07 -39.6379 -0.000188752
4.78603e+07 -39.6667 -0.000188889
4.78653e+07 -39.6954 -0.000189026
4.78703e+07 -39.7242 -0.000189163
4.78753e+07 -39.7531 -0.0001893
4.78803e+07 -39.7819 -0.000189438
4.78853e+07 -39.8108 -0.000189575
4.78903e+07 -39.8397 -0.000189713
4.78953e+07 -39.8686 -0.000189851
4.79002e+07 -39.8976 -0.000189989
4.79052e+07 -39.9266 -0.000190126
4.79102e+07 -39.9556 -0.000190265
4.79152e+07 -39.9846 -0.000190403
4.79201e+07 -40.0136 -0.000190541
4.79251e+07 -40.0427 -0.00019068
4.793e+07 -40.0718 -0.000190818
4.7935e+07 -40.1009 -0.000190957
4.79399e+07 -40.13 -0.000191095
4.79449e+07 -40.1592 -0.000191234
4.79498e+07 -40.1884 -0.000191373
4.79547e+07 -40.2176 -0.000191512
4.79597e+07 -40.2469 -0.000191652
4.79646e+07 -40.2761 -0.000191791
4.79695e+07 -40.3054 -0.00019193
4.79745e+07 -40.3347 -0.00019207
4.79794e+07 -40.364 -0.00019221
4.79843e+07 -40.3934 -0.000192349
4.79892e+07 -40.4228 -0.000192489
4.79941e+07 -40.4522 -0.000192629
4.7999e+07 -40.4816 -0.00019277
4.80039e+07 -40.5111 -0.00019291
4.80088e+07 -40.5405 -0.00019305
4.80137e+07 -40.57 -0.000193191
4.80186e+07 -40.5996 -0.000193331
4.80235e+07 -40.6291 -0.000193472
4.80284e+07 -40.6587 -0.000193613
4.8031e+07 -40.6692 -0.000193663
4.80265e+07 -40.6162 -0.00019341
4.80219e+07 -40.5633 -0.000193158
4.80173e+07 -40.5103 -0.000192906
4.80127e+07 -40.4574 -0.000192654
4.80082e+07 -40.4045 -0.000192402
4.80036e+07 -40.3516 -0.00019215
4.7999e+07 -40.2987 -0.000191899
4.79944e+07 -40.2458 -0.000191647
4.79898e+07 -40.1929 -0.000191395
4.79853e+07 -40.1401 -0.000191143
4.79801e+07 -40.0811 -0.000190862
4.79756e+07 -40.0283 -0.000190611
4.7971e+07 -39.9755 -0.000190359
4.79664e+07 -39.9227 -0.000190108
4.79618e+07 -39.8699 -0.000189857
4.79574e+07 -39.8176 -0.000189608
4.79618e+07 -39.7959 -0.000189504
4.79663e+07 -39.7743 -0.000189401
4.79708e+07 -39.7526 -0.000189298
4.79753e+07 -39.731 -0.000189195
4.79797e+07 -39.7094 -0.000189092
4.79842e+07 -39.6878 -0.000188989
4.79887e+07 -39.6662 -0.000188887
4.79931e+07 -39.6446 -0.000188784
4.79976e+07 -39.6231 -0.000188681
4.8002e+07 -39.6016 -0.000188579
4.80065e+07 -39.5801 -0.000188477
4.8011e+07 -39.5586 -0.000188374
4.80154e+07 -39.5371 -0.000188272
4.8021e+07 -39.5199 -0.00018819
4.80278e+07 -39.5069 -0.000188128
4.80345e+07 -39.4939 -0.000188066
4.80413e+07 -39.4809 -0.000188004
4.80481e+07 -39.4679 -0.000187942
4.80548e+07 -39.455 -0.000187881
4.80616e+07 -39.4421 -0.000187819
4.80683e+07 -39.4292 -0.000187758
4.80751e+07 -39.4163 -0.000187697
4.80818e+07 -39.4034 -0.000187635
4.80886e+07 -39.3906 -0.000187574
4.80953e+07 -39.3778 -0.000187513
4.81021e+07 -39.365 -0.000187452
4.81088e+07 -39.3522 -0.000187392
4.81155e+07 -39.3395 -0.000187331
4.81223e+07 -39.3268 -0.00018727
4.8129e+07 -39.3141 -0.00018721
4.81357e+07 -39.3014 -0.000187149
4.81425e+07 -39.2887 -0.000187089
4.81492e+07 -39.2761 -0.000187029
4.81559e+07 -39.2634 -0.000186969
4.81627e+07 -39.2508 -0.000186909
4.81694e+07 -39.2383 -0.000186849
4.81761e+07 -39.2257 -0.000186789
4.81828e+07 -39.2132 -0.000186729
4.81895e+07 -39.2006 -0.00018667
4.81963e+07 -39.1881 -0.00018661
4.8203e+07 -39.1757 -0.000186551
4.82097e+07 -39.1632 -0.000186491
4.82164e+07 -39.1508 -0.000186432
4.82231e+07 -39.1384 -0.000186373
4.82298e+07 -39.126 -0.000186314
4.82365e+07 -39.1136 -0.000186255
4.82432e+07 -39.1013 -0.000186196
4.82499e+07 -39.0889 -0.000186138
4.82566e+07 -39.0766 -0.000186079
4.82633e+07 -39.0643 -0.000186021
4.827e+07 -39.0521 -0.000185962
4.82767e+07 -39.0398 -0.000185904
4.82834e+07 -39.0276 -0.000185846
4.82901e+07 -39.0154 -0.000185788
4.82968e+07 -39.0032 -0.00018573
4.8304e+07 -38.9934 -0.000185683
4.83126e+07 -38.9892 -0.000185663
4.83213e+07 -38.9851 -0.000185643
4.83299e+07 -38.981 -0.000185624
4.83385e+07 -38.9769 -0.000185604
4.83471e+07 -38.9728 -0.000185585
4.83557e+07 -38.9688 -0.000185566
4.83643e+07 -38.9648 -0.000185546
4.83729e+07 -38.9608 -0.000185527
4.83815e+07 -38.9568 -0.000185509
4.839e+07 -38.9529 -0.00018549
4.83986e+07 -38.9489 -0.000185471
4.84067e+07 -38.9374 -0.000185416
4.84132e+07 -38.9036 -0.000185255
4.84196e+07 -38.8697 -0.000185094
4.84261e+07 -38.8358 -0.000184932
4.84326e+07 -38.802 -0.000184771
4.8439e+07 -38.7682 -0.00018461
4.84455e+07 -38.7344 -0.000184449
4.8452e+07 -38.7006 -0.000184288
4.84584e+07 -38.6668 -0.000184128
4.84649e+07 -38.6331 -0.000183967
4.84714e+07 -38.5993 -0.000183806
4.84778e+07 -38.5656 -0.000183646
4.84843e+07 -38.532 -0.000183485
4.84908e+07 -38.4983 -0.000183325
4.84972e+07 -38.4646 -0.000183165
4.85037e+07 -38.431 -0.000183005
4.85101e+07 -38.3974 -0.000182845
4.85166e+07 -38.3638 -0.000182685
4.8523e+07 -38.3302 -0.000182525
4.85295e+07 -38.2967 -0.000182365
4.85359e+07 -38.2631 -0.000182205
4.85424e+07 -38.2296 -0.000182046
4.85488e+07 -38.1961 -0.000181886
4.85553e+07 -38.1627 -0.000181727
4.85617e+07 -38.1292 -0.000181568
4.85682e+07 -38.0958 -0.000181408
4.85746e+07 -38.0623 -0.000181249
4.85811e+07 -38.0289 -0.00018109
4.85875e+07 -37.9956 -0.000180931
4.85939e+07 -37.9622 -0.000180772
4.86004e+07 -37.9289 -0.000180614
4.86068e+07 -37.8955 -0.000180455
4.86132e+07 -37.8622 -0.000180296
4.86197e+07 -37.8289 -0.000180138
4.86261e+07 -37.7957 -0.000179979
4.86325e+07 -37.7624 -0.000179821
4.8639e+07 -37.7292 -0.000179663
4.86454e+07 -37.696 -0.000179505
4.86518e+07 -37.6628 -0.000179347
4.86583e+07 -37.6296 -0.000179189
4.86647e+07 -37.5965 -0.000179031
4.86711e+07 -37.5634 -0.000178873
4.86775e+07 -37.5302 -0.000178715
4.8684e+07 -37.4971 -0.000178558
4.86904e+07 -37.4641 -0.0001784
4.86968e+07 -37.431 -0.000178243
4.87032e+07 -37.398 -0.000178086
4.87096e+07 -37.365 -0.000177928
4.87161e+07 -37.332 -0.000177771
4.87225e+07 -37.299 -0.000177614
4.87289e+07 -37.266 -0.000177457
4.87353e+07 -37.2331 -0.0001773
4.87417e+07 -37.2002 -0.000177144
4.87481e+07 -37.1673 -0.000176987
4.87545e+07 -37.1344 -0.00017683
4.87609e+07 -37.1015 -0.000176674
4.87673e+07 -37.0687 -0.000176518
4.87737e+07 -37.0359 -0.000176361
4.87801e+07 -37.0031 -0.000176205
4.87866e+07 -36.9703 -0.000176049
4.8793e+07 -36.9375 -0.000175893
4.87994e+07 -36.9048 -0.000175737
4.88058e+07 -36.8721 -0.000175581
4.88121e+07 -36.8393 -0.000175425
4.88185e+07 -36.8067 -0.00017527
4.88249e+07 -36.774 -0.000175114
4.88313e+07 -36.7413 -0.000174959
4.88377e+07 -36.7087 -0.000174803
4.88441e+07 -36.6761 -0.000174648
4.88505e+07 -36.6435 -0.000174493
4.88569e+07 -36.611 -0.000174338
4.88633e+07 -36.5784 -0.000174183
4.88697e+07 -36.5459 -0.000174028
4.88761e+07 -36.5134 -0.000173873
4.88824e+07 -36.4809 -0.000173718
4.88888e+07 -36.4484 -0.000173564
4.88952e+07 -36.4159 -0.000173409
4.89016e+07 -36.3835 -0.000173255
4.8908e+07 -36.3511 -0.0001731
4.89143e+07 -36.3187 -0.000172946
4.89207e+07 -36.2863 -0.000172792
4.89271e+07 -36.254 -0.000172638
4.89335e+07 -36.2216 -0.000172484
4.89398e+07 -36.1893 -0.00017233
4.89462e+07 -36.157 -0.000172176
4.89526e+07 -36.1248 -0.000172023
4.89589e+07 -36.0925 -0.000171869
4.89653e+07 -36.0603 -0.000171716
4.89717e+07 -36.028 -0.000171562
4.8978e+07 -35.9958 -0.000171409
4.89844e+07 -35.9637 -0.000171256
4.89908e+07 -35.9315 -0.000171102
4.89971e+07 -35.8994 -0.000170949
4.90035e+07 -35.8673 -0.000170796
4.90099e+07 -35.8352 -0.000170644
4.90162e+07 -35.8031 -0.000170491
4.90226e+07 -35.771 -0.000170338
4.90289e+07 -35.739 -0.000170186
4.90353e+07 -35.707 -0.000170033
4.90416e+07 -35.675 -0.000169881
4.9048e+07 -35.643 -0.000169728
4.90543e+07 -35.611 -0.000169576
4.90607e+07 -35.5791 -0.000169424
4.9067e+07 -35.5471 -0.000169272
4.90734e+07 -35.5152 -0.00016912
4.90797e+07 -35.4834 -0.000168968
4.90861e+07 -35.4515 -0.000168817
4.90924e+07 -35.4197 -0.000168665
4.90987e+07 -35.3878 -0.000168514
4.91051e+07 -35.356 -0.000168362
4.91114e+07 -35.3243 -0.000168211
4.91178e+07 -35.2925 -0.000168059
4.91241e+07 -35.2607 -0.000167908
4.91304e+07 -35.229 -0.000167757
4.91368e+07 -35.1973 -0.000167606
4.91431e+07 -35.1656 -0.000167455
4.91494e+07 -35.134 -0.000167305
4.91558e+07 -35.1023 -0.000167154
4.91621e+07 -35.0707 -0.000167003
4.91684e+07 -35.0391 -0.000166853
4.91747e+07 -35.0075 -0.000166702
4.91811e+07 -34.9759 -0.000166552
4.91874e+07 -34.9444 -0.000166402
4.91937e+07 -34.9129 -0.000166252
4.92e+07 -34.8814 -0.000166102
4.92063e+07 -34.8499 -0.000165952
4.92127e+07 -34.8184 -0.000165802
4.9219e+07 -34.787 -0.000165652
4.92253e+07 -34.7556 -0.000165503
4.92316e+07 -34.7242 -0.000165353
4.92379e+07 -34.6928 -0.000165204
4.92442e+07 -34.6614 -0.000165054
4.92505e+07 -34.6301 -0.000164905
4.92569e+07 -34.5987 -0.000164756
4.92632e+07 -34.5674 -0.000164607
4.92695e+07 -34.5361 -0.000164458
4.92758e+07 -34.5049 -0.000164309
4.92821e+07 -34.4736 -0.00016416
4.92884e+07 -34.4424 -0.000164011
4.92947e+07 -34.4112 -0.000163863
4.9301e+07 -34.38 -0.000163714
4.93073e+07 -34.3489 -0.000163566
4.93136e+07 -34.3177 -0.000163418
4.93199e+07 -34.2866 -0.000163269
4.93262e+07 -34.2555 -0.000163121
4.93325e+07 -34.2244 -0.000162973
4.93388e+07 -34.1933 -0.000162825
4.9345e+07 -34.1623 -0.000162678
4.93513e+07 -34.1313 -0.00016253
4.93576e+07 -34.1003 -0.000162382
4.93639e+07 -34.0693 -0.000162235
4.93702e+07 -34.0383 -0.000162087
4.93765e+07 -34.0074 -0.00016194
4.93828e+07 -33.9765 -0.000161793
4.9389e+07 -33.9456 -0.000161645
4.93953e+07 -33.9147 -0.000161498
4.94016e+07 -33.8838 -0.000161351
4.94079e+07 -33.853 -0.000161205
4.94142e+07 -33.8221 -0.000161058
4.94204e+07 -33.7913 -0.000160911
4.94267e+07 -33.7606 -0.000160765
4.9433e+07 -33.7298 -0.000160618
4.94393e+07 -33.6991 -0.000160472
4.94455e+07 -33.6683 -0.000160325
4.94518e+07 -33.6376 -0.000160179
4.94581e+07 -33.607 -0.000160033
4.94643e+07 -33.5763 -0.000159887
4.94706e+07 -33.5457 -0.000159741
4.94769e+07 -33.515 -0.000159595
4.94831e+07 -33.4845 -0.00015945
4.94894e+07 -33.4539 -0.000159304
4.94956e+07 -33.4233 -0.000159159
4.95019e+07 -33.3928 -0.000159013
4.95082e+07 -33.3623 -0.000158868
4.95144e+07 -33.3318 -0.000158723
4.95207e+07 -33.3013 -0.000158578
4.95269e+07 -33.2708 -0.000158433
4.95332e+07 -33.2404 -0.000158288
4.95394e+07 -33.21 -0.000158143
4.95457e+07 -33.1796 -0.000157998
4.95519e+07 -33.1492 -0.000157853
4.95582e+07 -33.1189 -0.000157709
4.95644e+07 -33.0885 -0.000157564
4.95707e+07 -33.0582 -0.00015742
4.95769e+07 -33.0279 -0.000157276
4.95832e+07 -32.9977 -0.000157132
4.95894e+07 -32.9674 -0.000156988
4.95956e+07 -32.9372 -0.000156844
4.96019e+07 -32.907 -0.0001567
4.96081e+07 -32.8768 -0.000156556
4.96143e+07 -32.8466 -0.000156412
4.96206e+07 -32.8165 -0.000156269
4.96268e+07 -32.7863 -0.000156125
4.9633e+07 -32.7562 -0.000155982
4.96393e+07 -32.7261 -0.000155839
4.96455e+07 -32.6961 -0.000155696
4.96517e+07 -32.666 -0.000155552
4.9658e+07 -32.636 -0.00015541
4.96642e+07 -32.606 -0.000155267
4.96704e+07 -32.576 -0.000155124
4.96766e+07 -32.546 -0.000154981
4.96828e+07 -32.5161 -0.000154839
4.96891e+07 -32.4862 -0.000154696
4.96953e+07 -32.4563 -0.000154554
4.97015e+07 -32.4264 -0.000154411
4.97077e+07 -32.3965 -0.000154269
4.97139e+07 -32.3667 -0.000154127
4.97201e+07 -32.3369 -0.000153985
4.97264e+07 -32.3071 -0.000153843
4.97326e+07 -32.2773 -0.000153701
4.97388e+07 -32.2476 -0.00015356
4.9745e+07 -32.2178 -0.000153418
4.97512e+07 -32.1881 -0.000153277
4.97574e+07 -32.1584 -0.000153135
4.97636e+07 -32.1287 -0.000152994
4.97698e+07 -32.0991 -0.000152853
4.9776e+07 -32.0694 -0.000152712
4.97822e+07 -32.0398 -0.000152571
4.97884e+07 -32.0102 -0.00015243
4.97946e+07 -31.9807 -0.000152289
4.98008e+07 -31.9511 -0.000152148
4.9807e+07 -31.9216 -0.000152008
4.98132e+07 -31.8921 -0.000151867
4.98194e+07 -31.8626 -0.000151727
4.98256e+07 -31.8331 -0.000151586
4.98317e+07 -31.8037 -0.000151446
4.98379e+07 -31.7743 -0.000151306
4.98441e+07 -31.7449 -0.000151166
4.98503e+07 -31.7155 -0.000151026
4.98565e+07 -31.6861 -0.000150886
4.98627e+07 -31.6568 -0.000150747
4.98689e+07 -31.6275 -0.000150607
4.9875e+07 -31.5982 -0.000150467
4.98812e+07 -31.5689 -0.000150328
4.98874e+07 -31.5396 -0.000150189
4.98936e+07 -31.5104 -0.000150049
4.98997e+07 -31.4812 -0.00014991
4.99059e+07 -31.452 -0.000149771
4.99121e+07 -31.4228 -0.000149632
4.99183e+07 -31.3937 -0.000149494
4.99244e+07 -31.3645 -0.000149355
4.99306e+07 -31.3354 -0.000149216
4.99368e+07 -31.3063 -0.000149078
4.99429e+07 -31.2773 -0.000148939
4.99491e+07 -31.2482 -0.000148801
4.99553e+07 -31.2192 -0.000148663
4.99614e+07 -31.1902 -0.000148525
4.99676e+07 -31.1612 -0.000148387
4.99737e+07 -31.1322 -0.000148249
4.99799e+07 -31.1033 -0.000148111
4.9986e+07 -31.0744 -0.000147973
4.99922e+07 -31.0455 -0.000147836
4.99984e+07 -31.0166 -0.000147698
5.00045e+07 -30.9877 -0.000147561
5.00107e+07 -30.9589 -0.000147423
5.00168e+07 -30.9301 -0.000147286
5.0023e+07 -30.9013 -0.000147149
5.00291e+07 -30.8725 -0.000147012
5.00352e+07 -30.8438 -0.000146875
5.00414e+07 -30.815 -0.000146738
5.00475e+07 -30.7863 -0.000146602
5.00537e+07 -30.7576 -0.000146465
5.00598e+07 -30.729 -0.000146328
5.00659e+07 -30.7003 -0.000146192
5.00721e+07 -30.6717 -0.000146056
5.00782e+07 -30.6431 -0.00014592
5.00844e+07 -30.6145 -0.000145783
5.00905e+07 -30.586 -0.000145647
5.00966e+07 -30.5574 -0.000145512
5.01027e+07 -30.5289 -0.000145376
5.01089e+07 -30.5004 -0.00014524
5.0115e+07 -30.4719 -0.000145104
5.01211e+07 -30.4435 -0.000144969
5.01273e+07 -30.415 -0.000144834
5.01334e+07 -30.3866 -0.000144698
5.01395e+07 -30.3582 -0.000144563
5.01456e+07 -30.3299 -0.000144428
5.01517e+07 -30.3015 -0.000144293
5.01579e+07 -30.2732 -0.000144158
5.0164e+07 -30.2449 -0.000144023
5.01701e+07 -30.2166 -0.000143889
5.01762e+07 -30.1883 -0.000143754
5.01823e+07 -30.1601 -0.00014362
5.01884e+07 -30.1319 -0.000143485
5.01945e+07 -30.1037 -0.000143351
5.02006e+07 -30.0755 -0.000143217
5.02068e+07 -30.0474 -0.000143083
5.02129e+07 -30.0192 -0.000142949
5.0219e+07 -29.9911 -0.000142815
5.02251e+07 -29.963 -0.000142681
5.02312e+07 -29.9349 -0.000142547
5.02373e+07 -29.9069 -0.000142414
5.02434e+07 -29.8789 -0.00014228
5.02495e+07 -29.8509 -0.000142147
5.02556e+07 -29.8229 -0.000142014
5.02617e+07 -29.7949 -0.000141881
5.02678e+07 -29.767 -0.000141748
5.02738e+07 -29.7391 -0.000141615
5.02799e+07 -29.7112 -0.000141482
5.0286e+07 -29.6833 -0.000141349
5.02921e+07 -29.6554 -0.000141216
5.02982e+07 -29.6276 -0.000141084
5.03043e+07 -29.5998 -0.000140951
5.03104e+07 -29.572 -0.000140819
5.03165e+07 -29.5442 -0.000140687
5.03225e+07 -29.5165 -0.000140555
5.03286e+07 -29.4888 -0.000140423
5.03347e+07 -29.4611 -0.000140291
5.03408e+07 -29.4334 -0.000140159
5.03468e+07 -29.4057 -0.000140027
5.03529e+07 -29.3781 -0.000139896
5.0359e+07 -29.3505 -0.000139764
5.03651e+07 -29.3229 -0.000139633
5.03711e+07 -29.2953 -0.000139501
5.03772e+07 -29.2677 -0.00013937
5.03833e+07 -29.2402 -0.000139239
5.03893e+07 -29.2127 -0.000139108
5.03954e+07 -29.1852 -0.000138977
5.04015e+07 -29.1577 -0.000138846
5.04075e+07 -29.1303 -0.000138716
5.04136e+07 -29.1029 -0.000138585
5.04196e+07 -29.0755 -0.000138455
5.04257e+07 -29.0481 -0.000138324
5.04318e+07 -29.0208 -0.000138194
5.04378e+07 -28.9934 -0.000138064
5.04439e+07 -28.9661 -0.000137934
5.04499e+07 -28.9388 -0.000137804
5.0456e+07 -28.9115 -0.000137674
5.0462e+07 -28.8843 -0.000137544
5.04681e+07 -28.8571 -0.000137415
5.04741e+07 -28.8299 -0.000137285
5.04802e+07 -28.8027 -0.000137156
5.04862e+07 -28.7755 -0.000137026
5.04922e+07 -28.7484 -0.000136897
5.04983e+07 -28.7213 -0.000136768
5.05043e+07 -28.6942 -0.000136639
5.05104e+07 -28.6671 -0.00013651
5.05164e+07 -28.6401 -0.000136381
5.05224e+07 -28.613 -0.000136253
5.05285e+07 -28.586 -0.000136124
5.05345e+07 -28.559 -0.000135995
5.05405e+07 -28.5321 -0.000135867
5.05466e+07 -28.5051 -0.000135739
5.05526e+07 -28.4782 -0.000135611
5.05586e+07 -28.4513 -0.000135483
5.05646e+07 -28.4245 -0.000135355
5.05707e+07 -28.3976 -0.000135227
5.05767e+07 -28.3708 -0.000135099
5.05827e+07 -28.344 -0.000134971
5.05887e+07 -28.3172 -0.000134844
5.05948e+07 -28.2904 -0.000134716
5.06008e+07 -28.2637 -0.000134589
5.06068e+07 -28.237 -0.000134462
5.06128e+07 -28.2103 -0.000134335
5.06188e+07 -28.1836 -0.000134208
5.06248e+07 -28.1569 -0.000134081
5.06308e+07 -28.1303 -0.000133954
5.06368e+07 -28.1037 -0.000133827
5.06429e+07 -28.0771 -0.000133701
5.06489e+07 -28.0505 -0.000133574
5.06549e+07 -28.024 -0.000133448
5.06609e+07 -27.9975 -0.000133321
5.06669e+07 -27.971 -0.000133195
5.06729e+07 -27.9445 -0.000133069
5.06789e+07 -27.9181 -0.000132943
5.06849e+07 -27.8916 -0.000132817
5.06909e+07 -27.8652 -0.000132691
5.06969e+07 -27.8388 -0.000132566
5.07029e+07 -27.8125 -0.00013244
5.07088e+07 -27.7861 -0.000132315
5.07148e+07 -27.7598 -0.00013219
5.07208e+07 -27.7335 -0.000132064
5.07268e+07 -27.7072 -0.000131939
5.07328e+07 -27.681 -0.000131814
5.07388e+07 -27.6547 -0.000131689
5.07448e+07 -27.6285 -0.000131564
5.07508e+07 -27.6023 -0.00013144
5.07567e+07 -27.5762 -0.000131315
5.07627e+07 -27.55 -0.000131191
5.07687e+07 -27.5239 -0.000131066
5.07747e+07 -27.4978 -0.000130942
5.07806e+07 -27.4717 -0.000130818
5.07866e+07 -27.4457 -0.000130694
5.07926e+07 -27.4197 -0.00013057
5.07986e+07 -27.3937 -0.000130446
5.08045e+07 -27.3677 -0.000130322
5.08105e+07 -27.3417 -0.000130199
5.08165e+07 -27.3158 -0.000130075
5.08224e+07 -27.2899 -0.000129952
5.08284e+07 -27.264 -0.000129828
5.08344e+07 -27.2381 -0.000129705
5.08403e+07 -27.2122 -0.000129582
5.08463e+07 -27.1864 -0.000129459
5.08522e+07 -27.1606 -0.000129336
5.08582e+07 -27.1348 -0.000129213
5.08641e+07 -27.1091 -0.000129091
5.08701e+07 -27.0833 -0.000128968
5.08761e+07 -27.0576 -0.000128846
5.0882e+07 -27.0319 -0.000128723
5.0888e+07 -27.0062 -0.000128601
5.08939e+07 -26.9806 -0.000128479
5.08998e+07 -26.955 -0.000128357
5.09058e+07 -26.9294 -0.000128235
5.09117e+07 -26.9038 -0.000128113
5.09177e+07 -26.8782 -0.000127992
5.09236e+07 -26.8527 -0.00012787
5.09296e+07 -26.8272 -0.000127749
5.09355e+07 -26.8017 -0.000127627
5.09414e+07 -26.7762 -0.000127506
5.09474e+07 -26.7508 -0.000127385
5.09533e+07 -26.7254 -0.000127264
5.09592e+07 -26.7 -0.000127143
5.09652e+07 -26.6746 -0.000127022
5.09711e+07 -26.6492 -0.000126901
5.0977e+07 -26.6239 -0.000126781
5.09829e+07 -26.5986 -0.00012666
5.09889e+07 -26.5733 -0.00012654
5.09948e+07 -26.5481 -0.000126419
5.10007e+07 -26.5228 -0.000126299
5.10066e+07 -26.4976 -0.000126179
5.10126e+07 -26.4724 -0.000126059
5.10185e+07 -26.4472 -0.000125939
5.10244e+07 -26.4221 -0.00012582
5.10303e+07 -26.397 -0.0001257
5.10362e+07 -26.3719 -0.00012558
5.10421e+07 -26.3468 -0.000125461
5.1048e+07 -26.3217 -0.000125342
5.1054e+07 -26.2967 -0.000125222
5.10599e+07 -26.2717 -0.000125103
5.10658e+07 -26.2467 -0.000124984
5.10717e+07 -26.2217 -0.000124865
5.10776e+07 -26.1968 -0.000124747
5.10835e+07 -26.1719 -0.000124628
5.10894e+07 -26.147 -0.000124509
5.10953e+07 -26.1221 -0.000124391
5.11012e+07 -26.0973 -0.000124273
5.11071e+07 -26.0724 -0.000124154
5.1113e+07 -26.0476 -0.000124036
5.11189e+07 -26.0229 -0.000123918
5.11248e+07 -25.9981 -0.0001238
5.11306e+07 -25.9734 -0.000123683
5.11365e+07 -25.9487 -0.000123565
5.11424e+07 -25.924 -0.000123447
5.11483e+07 -25.8993 -0.00012333
5.11542e+07 -25.8747 -0.000123213
5.11601e+07 -25.85 -0.000123095
5.1166e+07 -25.8254 -0.000122978
5.11718e+07 -25.8009 -0.000122861
5.11777e+07 -25.7763 -0.000122744
5.11836e+07 -25.7518 -0.000122628
5.11895e+07 -25.7273 -0.000122511
5.11953e+07 -25.7028 -0.000122394
5.12012e+07 -25.6783 -0.000122278
5.12071e+07 -25.6539 -0.000122161
5.1213e+07 -25.6295 -0.000122045
5.12188e+07 -25.6051 -0.000121929
5.12247e+07 -25.5807 -0.000121813
5.12306e+07 -25.5564 -0.000121697
5.12364e+07 -25.5321 -0.000121581
5.12423e+07 -25.5078 -0.000121466
5.12481e+07 -25.4835 -0.00012135
5.1254e+07 -25.4593 -0.000121235
5.12599e+07 -25.435 -0.000121119
5.12657e+07 -25.4108 -0.000121004
5.12716e+07 -25.3867 -0.000120889
5.12774e+07 -25.3625 -0.000120774
5.12833e+07 -25.3384 -0.000120659
5.12901e+07 -25.3265 -0.000120602
5.12971e+07 -25.3152 -0.000120549
5.1304e+07 -25.304 -0.000120495
5.13109e+07 -25.2928 -0.000120442
5.13178e+07 -25.2816 -0.000120389
5.13247e+07 -25.2705 -0.000120336
5.13316e+07 -25.2594 -0.000120283
5.13385e+07 -25.2483 -0.00012023
5.13454e+07 -25.2372 -0.000120177
5.13523e+07 -25.2262 -0.000120125
5.13592e+07 -25.2152 -0.000120072
5.13661e+07 -25.2042 -0.00012002
5.13729e+07 -25.1914 -0.000119959
5.13797e+07 -25.1755 -0.000119883
5.13865e+07 -25.1596 -0.000119808
5.13933e+07 -25.1438 -0.000119732
5.14001e+07 -25.128 -0.000119657
5.14069e+07 -25.1122 -0.000119582
5.14138e+07 -25.0975 -0.000119512
5.14206e+07 -25.0868 -0.000119461
5.14275e+07 -25.076 -0.00011941
5.14344e+07 -25.0653 -0.000119358
5.14412e+07 -25.0546 -0.000119308
5.14481e+07 -25.0439 -0.000119257
5.1455e+07 -25.0333 -0.000119206
5.14619e+07 -25.0226 -0.000119155
5.14687e+07 -25.012 -0.000119105
5.14756e+07 -25.0015 -0.000119055
5.14824e+07 -24.9909 -0.000119004
5.14893e+07 -24.9804 -0.000118954
5.14962e+07 -24.9699 -0.000118904
5.1503e+07 -24.9595 -0.000118855
5.15099e+07 -24.949 -0.000118805
5.15167e+07 -24.9386 -0.000118755
5.15236e+07 -24.9283 -0.000118706
5.15304e+07 -24.9179 -0.000118657
5.15373e+07 -24.9076 -0.000118607
5.15441e+07 -24.8973 -0.000118558
5.15509e+07 -24.887 -0.000118509
5.15578e+07 -24.8767 -0.000118461
5.15646e+07 -24.8665 -0.000118412
5.15714e+07 -24.8563 -0.000118363
5.15783e+07 -24.8462 -0.000118315
5.15851e+07 -24.836 -0.000118267
5.15919e+07 -24.8259 -0.000118219
5.15988e+07 -24.8158 -0.000118171
5.16056e+07 -24.8057 -0.000118123
5.16124e+07 -24.7957 -0.000118075
5.16192e+07 -24.7857 -0.000118027
5.16261e+07 -24.7757 -0.00011798
5.16329e+07 -24.7658 -0.000117932
5.16397e+07 -24.7558 -0.000117885
5.16465e+07 -24.7459 -0.000117838
5.16533e+07 -24.736 -0.000117791
5.16601e+07 -24.7262 -0.000117744
5.16669e+07 -24.7164 -0.000117697
5.16738e+07 -24.7066 -0.00011765
5.16806e+07 -24.6968 -0.000117604
5.16874e+07 -24.6871 -0.000117557
5.16942e+07 -24.6774 -0.000117511
5.1701e+07 -24.6677 -0.000117465
5.17078e+07 -24.658 -0.000117419
5.17146e+07 -24.6484 -0.000117373
5.17214e+07 -24.6388 -0.000117327
5.17281e+07 -24.6292 -0.000117282
5.17349e+07 -24.6196 -0.000117236
5.17417e+07 -24.6101 -0.000117191
5.17485e+07 -24.6006 -0.000117146
5.17553e+07 -24.5911 -0.000117101
5.17621e+07 -24.5817 -0.000117056
5.17689e+07 -24.5723 -0.000117011
5.17756e+07 -24.5629 -0.000116966
5.17824e+07 -24.5535 -0.000116921
5.17892e+07 -24.5442 -0.000116877
5.1796e+07 -24.5348 -0.000116833
5.18027e+07 -24.5256 -0.000116788
5.18095e+07 -24.5163 -0.000116744
5.18163e+07 -24.5071 -0.0001167
5.1823e+07 -24.4979 -0.000116657
5.18298e+07 -24.4887 -0.000116613
5.18366e+07 -24.4795 -0.000116569
5.18433e+07 -24.4704 -0.000116526
5.18501e+07 -24.4613 -0.000116482
5.18568e+07 -24.4523 -0.000116439
5.18636e+07 -24.4432 -0.000116396
5.18703e+07 -24.4342 -0.000116353
5.18771e+07 -24.4252 -0.000116311
5.18838e+07 -24.4163 -0.000116268
5.18906e+07 -24.4073 -0.000116225
5.18973e+07 -24.3984 -0.000116183
5.19041e+07 -24.3895 -0.000116141
5.19108e+07 -24.3807 -0.000116099
5.19175e+07 -24.3719 -0.000116057
5.19243e+07 -24.3631 -0.000116015
5.1931e+07 -24.3543 -0.000115973
5.19377e+07 -24.3456 -0.000115931
5.19445e+07 -24.3368 -0.00011589
5.19512e+07 -24.3282 -0.000115848
5.19579e+07 -24.3195 -0.000115807
5.19646e+07 -24.3109 -0.000115766
5.19714e+07 -24.3023 -0.000115725
5.19781e+07 -24.2937 -0.000115684
5.19848e+07 -24.2851 -0.000115644
5.19915e+07 -24.2766 -0.000115603
5.19982e+07 -24.2681 -0.000115562
5.20049e+07 -24.2597 -0.000115522
5.20117e+07 -24.2512 -0.000115482
5.20184e+07 -24.2428 -0.000115442
5.20251e+07 -24.2344 -0.000115402
5.20318e+07 -24.2261 -0.000115362
5.20385e+07 -24.2177 -0.000115323
5.20452e+07 -24.2094 -0.000115283
5.20519e+07 -24.2012 -0.000115244
5.20586e+07 -24.1929 -0.000115204
5.20653e+07 -24.1847 -0.000115165
5.2072e+07 -24.1765 -0.000115126
5.20787e+07 -24.1683 -0.000115087
5.20853e+07 -24.1602 -0.000115049
5.2092e+07 -24.1521 -0.00011501
5.20987e+07 -24.144 -0.000114971
5.21054e+07 -24.136 -0.000114933
5.21121e+07 -24.1279 -0.000114895
5.21188e+07 -24.1199 -0.000114857
5.21254e+07 -24.112 -0.000114819
5.21321e+07 -24.104 -0.000114781
5.21388e+07 -24.0961 -0.000114743
5.21455e+07 -24.0882 -0.000114706
5.21521e+07 -24.0804 -0.000114668
5.21588e+07 -24.0725 -0.000114631
5.21655e+07 -24.0647 -0.000114594
5.21721e+07 -24.0569 -0.000114557
5.21788e+07 -24.0492 -0.00011452
5.21854e+07 -24.0415 -0.000114483
5.21921e+07 -24.0338 -0.000114447
5.21988e+07 -24.0261 -0.00011441
5.22054e+07 -24.0185 -0.000114374
5.22121e+07 -24.0109 -0.000114337
5.22187e+07 -24.0033 -0.000114301
5.22254e+07 -23.9957 -0.000114265
5.2232e+07 -23.9882 -0.00011423
5.22386e+07 -23.9807 -0.000114194
5.22453e+07 -23.9732 -0.000114158
5.22519e+07 -23.9658 -0.000114123
5.22586e+07 -23.9584 -0.000114088
5.22652e+07 -23.951 -0.000114052
5.22718e+07 -23.9436 -0.000114017
5.22785e+07 -23.9363 -0.000113982
5.22851e+07 -23.929 -0.000113948
5.22917e+07 -23.9217 -0.000113913
5.22983e+07 -23.9145 -0.000113879
5.2305e+07 -23.9073 -0.000113844
5.23116e+07 -23.9001 -0.00011381
5.23182e+07 -23.8929 -0.000113776
5.23248e+07 -23.8858 -0.000113742
5.23314e+07 -23.8787 -0.000113708
5.23381e+07 -23.8716 -0.000113674
5.23447e+07 -23.8646 -0.000113641
5.23513e+07 -23.8576 -0.000113607
5.23579e+07 -23.8506 -0.000113574
