120.133 5.18519e-06
239.943 1.03704e-05
359.427 1.55556e-05
478.583 2.07407e-05
597.41 2.59259e-05
691.526 3.11111e-05
775.193 3.62963e-05
847.307 4.14815e-05
918.862 4.66667e-05
977.528 5.18519e-05
1036.09 5.7037e-05
1094.56 6.22222e-05
1152.92 6.74074e-05
1204.98 7.25926e-05
1255.35 7.77778e-05
1305.64 8.2963e-05
1355.87 8.81481e-05
1406.03 9.33333e-05
1456.12 9.85185e-05
1506.14 0.000103704
1556.09 0.000108889
1605.97 0.000114074
1654.09 0.000119259
1700.28 0.000124444
1746.43 0.00012963
1792.53 0.000134815
1838.57 0.00014
1884.57 0.000145185
1930.51 0.00015037
1976.41 0.000155556
2022.25 0.000160741
2068.04 0.000165926
2113.78 0.000171111
2159.46 0.000176296
2205.08 0.000181481
2250.63 0.000186667
2296.1 0.000191852
2341.47 0.000197037
2386.72 0.000202222
2431.8 0.000207407
2476.63 0.000212593
2521.11 0.000217778
2565.07 0.000222963
2608.28 0.000228148
2650.41 0.000233333
2695.08 0.000238519
2737.79 0.000243704
2777.74 0.000248889
2814.1 0.000254074
2846.04 0.000259259
2872.86 0.000264444
2894.23 0.00026963
2910.25 0.000274815
2918.89 0.00028
2925.52 0.000285185
2928.65 0.00029037
2929.28 0.000295556
2928.19 0.000300741
2925.97 0.000305926
2922.99 0.000311111
2919.53 0.000316296
2915.75 0.000321481
2911.76 0.000326667
2907.64 0.000331852
2905.53 0.000337037
2904.8 0.000342222
2904.02 0.000347407
2903.22 0.000352593
2902.39 0.000357778
2900.54 0.000362963
2897.72 0.000368148
2894.89 0.000373333
2892.06 0.000378519
2889.22 0.000383704
2886.38 0.000388889
2883.54 0.000394074
2880.7 0.000399259
2877.86 0.000404444
2875.01 0.00040963
2874.23 0.000414815
2873.91 0.00042
2873.59 0.000425185
2873.27 0.00043037
2872.95 0.000435556
2872.62 0.000440741
2872.3 0.000445926
2871.97 0.000451111
2871.64 0.000456296
2871.32 0.000461481
2870.99 0.000466667
2870.66 0.000471852
2870.33 0.000477037
2869.99 0.000482222
2869.66 0.000487407
2869.33 0.000492593
2868.99 0.000497778
2868.65 0.000502963
2868.32 0.000508148
2867.98 0.000513333
2867.64 0.000518519
2753.79 0.000508148
2639.94 0.000497778
2526.1 0.000487407
2412.29 0.000477037
2298.52 0.000466667
2184.83 0.000456296
2071.24 0.000445926
1957.79 0.000435556
1844.52 0.000425185
1731.47 0.000414815
1618.71 0.000404444
1506.28 0.000394074
1394.24 0.000383704
1282.67 0.000373333
1171.62 0.000362963
1061.18 0.000352593
951.425 0.000342222
842.721 0.000331852
738.256 0.000321481
634.61 0.000311111
531.858 0.000300741
430.076 0.00029037
340.243 0.00028
253.499 0.00026963
167.638 0.000259259
78.776 0.000248889
-10.0524 0.000238519
-97.6134 0.000228148
-183.841 0.000217778
-268.67 0.000207407
-352.037 0.000197037
-430.749 0.000186667
-502.16 0.000176296
-572.461 0.000165926
-642.704 0.000155556
-720.691 0.000145185
-799.042 0.000134815
-875.523 0.000124444
-950.104 0.000114074
-1017.32 0.000103704
-1069.15 9.33333e-05
-1119.8 8.2963e-05
-1169.26 7.25926e-05
-1217.52 6.22222e-05
-1264.57 5.18519e-05
-1310.41 4.14815e-05
-1355.02 3.11111e-05
-1398.43 2.07407e-05
-1440.62 1.03704e-05
-1481.6 -8.40262e-19
-1521.12 -1.03704e-05
-1558.27 -2.07407e-05
-1594.5 -3.11111e-05
-1629.78 -4.14815e-05
-1664.14 -5.18519e-05
-1697.56 -6.22222e-05
-1730.06 -7.25926e-05
-1761.62 -8.2963e-05
-1826.39 -9.33333e-05
-1906.54 -0.000103704
-1986 -0.000114074
-2066.31 -0.000124444
-2155.71 -0.000134815
-2244.19 -0.000145185
-2331.32 -0.000155556
-2416.42 -0.000165926
-2498.35 -0.000176296
-2575.37 -0.000186667
-2643.81 -0.000197037
-2703.55 -0.000207407
-2751.85 -0.000217778
-2782.14 -0.000228148
-2799.21 -0.000238519
-2808.35 -0.000248889
-2809.27 -0.000259259
-2805.46 -0.00026963
-2799.06 -0.00028
-2791.29 -0.00029037
-2782.79 -0.000300741
-2773.89 -0.000311111
-2764.78 -0.000321481
-2755.62 -0.000331852
-2756.01 -0.000342222
-2759.27 -0.000352593
-2762.51 -0.000362963
-2765.73 -0.000373333
-2768.94 -0.000383704
-2772.14 -0.000394074
-2775.33 -0.000404444
-2778.51 -0.000414815
-2779.62 -0.000425185
-2780.45 -0.000435556
-2783.5 -0.000445926
-2786.53 -0.000456296
-2789.57 -0.000466667
-2792.6 -0.000477037
-2795.62 -0.000487407
-2798.64 -0.000497778
-2801.65 -0.000508148
-2804.65 -0.000518519
-2632.61 -0.000502963
-2472.95 -0.000487407
-2314.82 -0.000471852
-2156.84 -0.000456296
-1999.11 -0.000440741
-1841.74 -0.000425185
-1684.86 -0.00040963
-1528.61 -0.000394074
-1373.15 -0.000378519
-1231.32 -0.000362963
-1101.79 -0.000347407
-973.138 -0.000331852
-846.707 -0.000316296
-742.434 -0.000300741
-639.01 -0.000285185
-536.529 -0.00026963
-435.088 -0.000254074
-334.788 -0.000238519
-235.733 -0.000222963
-138.028 -0.000207407
-41.7766 -0.000191852
52.9155 -0.000176296
145.947 -0.000160741
237.218 -0.000145185
326.634 -0.00012963
414.107 -0.000114074
499.553 -9.85185e-05
582.898 -8.2963e-05
664.074 -6.74074e-05
743.026 -5.18519e-05
819.703 -3.62963e-05
894.069 -2.07407e-05
966.096 -5.18519e-06
1035.76 1.03704e-05
1103.07 2.59259e-05
1168.01 4.14815e-05
1230.59 5.7037e-05
1290.85 7.25926e-05
1348.79 8.81481e-05
1404.47 0.000103704
1457.91 0.000119259
1509.18 0.000134815
1558.31 0.00015037
1605.37 0.000165926
1650.41 0.000181481
1693.5 0.000197037
1734.71 0.000212593
1774.09 0.000228148
1829.27 0.000243704
1908.15 0.000259259
1982.97 0.000274815
2053.61 0.00029037
2120 0.000305926
2182.12 0.000321481
2239.96 0.000337037
2293.57 0.000352593
2343.04 0.000368148
2388.5 0.000383704
2430.11 0.000399259
2468.08 0.000414815
2502.63 0.00043037
2534 0.000445926
2562.44 0.000461481
2588.2 0.000477037
2611.53 0.000492593
2632.67 0.000508148
2651.85 0.000523704
2669.3 0.000539259
2685.23 0.000554815
2699.83 0.00057037
2713.25 0.000585926
2725.63 0.000601481
2737.12 0.000617037
2747.8 0.000632593
2757.78 0.000648148
2767.15 0.000663704
2775.97 0.000679259
2784.31 0.000694815
2792.22 0.00071037
2799.75 0.000725926
2806.95 0.000741481
2813.85 0.000757037
2820.49 0.000772593
2826.89 0.000788148
2833.07 0.000803704
2839.07 0.000819259
2844.9 0.000834815
2850.58 0.00085037
2856.12 0.000865926
2861.53 0.000881481
2866.84 0.000897037
2872.04 0.000912593
2877.16 0.000928148
2882.19 0.000943704
2887.14 0.000959259
2892.03 0.000974815
2896.86 0.00099037
2901.63 0.00100593
2906.35 0.00102148
2911.03 0.00103704
2700.18 0.0010163
2490.13 0.000995556
2281.52 0.000974815
2074.96 0.000954074
1871.01 0.000933333
1670.21 0.000912593
1473.04 0.000891852
1279.95 0.000871111
1095.74 0.00085037
940.806 0.00082963
789.38 0.000808889
641.678 0.000788148
497.891 0.000767407
358.185 0.000746667
241.405 0.000725926
129.96 0.000705185
21.8121 0.000684444
-82.9622 0.000663704
-184.305 0.000642963
-282.18 0.000622222
-376.566 0.000601481
-467.463 0.000580741
-554.888 0.00056
-638.875 0.000539259
-719.47 0.000518519
-796.736 0.000497778
-870.745 0.000477037
-941.578 0.000456296
-1009.33 0.000435556
-1074.09 0.000414815
-1135.96 0.000394074
-1195.05 0.000373333
-1251.47 0.000352593
-1305.32 0.000331852
-1356.72 0.000311111
-1405.77 0.00029037
-1452.57 0.00026963
-1497.24 0.000248889
-1539.86 0.000228148
-1580.56 0.000207407
-1619.41 0.000186667
-1656.51 0.000165926
-1691.95 0.000145185
-1725.82 0.000124444
-1758.19 0.000103704
-1789.14 8.2963e-05
-1818.75 6.22222e-05
-1847.09 4.14815e-05
-1874.23 2.07407e-05
-1900.22 -2.4937e-18
-1925.13 -2.07407e-05
-1949.02 -4.14815e-05
-1971.93 -6.22222e-05
-1993.93 -8.2963e-05
-2015.05 -0.000103704
-2035.35 -0.000124444
-2054.86 -0.000145185
-2073.64 -0.000165926
-2091.7 -0.000186667
-2109.1 -0.000207407
-2125.86 -0.000228148
-2142.02 -0.000248889
-2157.61 -0.00026963
-2172.66 -0.00029037
-2187.19 -0.000311111
-2201.22 -0.000331852
-2233.25 -0.000352593
-2295.87 -0.000373333
-2352.35 -0.000394074
-2403 -0.000414815
-2448.2 -0.000435556
-2488.4 -0.000456296
-2524.05 -0.000477037
-2555.65 -0.000497778
-2583.66 -0.000518519
-2608.57 -0.000539259
-2630.85 -0.00056
-2650.87 -0.000580741
-2668.97 -0.000601481
-2685.42 -0.000622222
-2700.48 -0.000642963
-2714.33 -0.000663704
-2727.15 -0.000684444
-2739.09 -0.000705185
-2750.27 -0.000725926
-2760.79 -0.000746667
-2770.74 -0.000767407
-2780.19 -0.000788148
-2789.22 -0.000808889
-2797.88 -0.00082963
-2806.2 -0.00085037
-2814.25 -0.000871111
-2822.03 -0.000891852
-2829.6 -0.000912593
-2836.97 -0.000933333
-2844.17 -0.000954074
-2851.21 -0.000974815
-2858.12 -0.000995556
-2864.91 -0.0010163
-2871.58 -0.00103704
-2608.39 -0.00101111
-2346.97 -0.000985185
-2088.64 -0.000959259
-1834.56 -0.000933333
-1585.76 -0.000907407
-1363.44 -0.000881481
-1164.19 -0.000855556
-987.06 -0.00082963
-834.056 -0.000803704
-686.194 -0.000777778
-543.643 -0.000751852
-406.509 -0.000725926
-274.844 -0.0007
-148.653 -0.000674074
-27.8971 -0.000648148
87.4996 -0.000622222
197.643 -0.000596296
302.663 -0.00057037
402.712 -0.000544444
497.956 -0.000518519
588.572 -0.000492593
674.745 -0.000466667
756.665 -0.000440741
834.521 -0.000414815
908.506 -0.000388889
978.807 -0.000362963
1045.61 -0.000337037
1109.09 -0.000311111
1169.43 -0.000285185
1226.79 -0.000259259
1281.34 -0.000233333
1333.22 -0.000207407
1382.59 -0.000181481
1429.59 -0.000155556
1474.34 -0.00012963
1516.98 -0.000103704
1557.62 -7.77778e-05
1596.38 -5.18519e-05
1633.36 -2.59259e-05
1668.66 -3.97425e-18
1702.38 2.59259e-05
1734.61 5.18519e-05
1765.42 7.77778e-05
1794.9 0.000103704
1823.12 0.00012963
1850.15 0.000155556
1876.06 0.000181481
1900.9 0.000207407
1924.74 0.000233333
1947.63 0.000259259
1969.61 0.000285185
1990.75 0.000311111
2011.07 0.000337037
2030.63 0.000362963
2049.46 0.000388889
2067.6 0.000414815
2085.09 0.000440741
2101.96 0.000466667
2118.24 0.000492593
2133.96 0.000518519
2149.15 0.000544444
2163.83 0.00057037
2178.04 0.000596296
2193.88 0.000622222
2234.29 0.000648148
2272.06 0.000674074
2307.39 0.0007
2340.48 0.000725926
2371.52 0.000751852
2400.71 0.000777778
2428.2 0.000803704
2454.16 0.00082963
2478.72 0.000855556
2502 0.000881481
2524.12 0.000907407
2545.17 0.000933333
2565.25 0.000959259
2584.44 0.000985185
2602.81 0.00101111
2620.43 0.00103704
2637.36 0.00106296
2653.65 0.00108889
2669.36 0.00111481
2684.53 0.00114074
2699.2 0.00116667
2713.41 0.00119259
2727.19 0.00121852
2740.58 0.00124444
2753.59 0.00127037
2766.27 0.0012963
2778.63 0.00132222
2790.69 0.00134815
2802.47 0.00137407
2814 0.0014
2825.28 0.00142593
2836.35 0.00145185
2847.2 0.00147778
2857.85 0.0015037
2868.32 0.00152963
2878.61 0.00155556
2563.58 0.00152444
2253.22 0.00149333
1950.1 0.00146222
1656.16 0.00143111
1379.4 0.0014
1152.04 0.00136889
933.724 0.00133778
737.338 0.00130667
572.47 0.00127556
415.51 0.00124444
266.428 0.00121333
125.112 0.00118222
-8.62057 0.00115111
-135.002 0.00112
-254.306 0.00108889
-366.832 0.00105778
-472.899 0.00102667
-572.835 0.000995556
-666.97 0.000964444
-755.633 0.000933333
-839.145 0.000902222
-917.819 0.000871111
-991.956 0.00084
-1061.84 0.000808889
-1127.75 0.000777778
-1189.94 0.000746667
-1248.66 0.000715556
-1304.13 0.000684444
-1356.56 0.000653333
-1406.17 0.000622222
-1453.14 0.000591111
-1497.63 0.00056
-1539.82 0.000528889
-1579.85 0.000497778
-1617.88 0.000466667
-1654.01 0.000435556
-1688.39 0.000404444
-1721.12 0.000373333
-1752.31 0.000342222
-1782.05 0.000311111
-1810.44 0.00028
-1837.55 0.000248889
-1863.48 0.000217778
-1888.28 0.000186667
-1912.04 0.000155556
-1934.8 0.000124444
-1956.64 9.33333e-05
-1977.6 6.22222e-05
-1997.73 3.11111e-05
-2017.09 -3.02225e-18
-2035.72 -3.11111e-05
-2053.65 -6.22222e-05
-2070.94 -9.33333e-05
-2087.6 -0.000124444
-2103.69 -0.000155556
-2119.22 -0.000186667
-2134.23 -0.000217778
-2148.75 -0.000248889
-2162.8 -0.00028
-2176.41 -0.000311111
-2189.59 -0.000342222
-2202.37 -0.000373333
-2214.78 -0.000404444
-2226.82 -0.000435556
-2238.52 -0.000466667
-2249.89 -0.000497778
-2260.95 -0.000528889
-2271.72 -0.00056
-2282.2 -0.000591111
-2292.42 -0.000622222
-2302.37 -0.000653333
-2312.08 -0.000684444
-2321.56 -0.000715556
-2330.81 -0.000746667
-2359.57 -0.000777778
-2395.08 -0.000808889
-2428.12 -0.00084
-2458.95 -0.000871111
-2487.81 -0.000902222
-2514.92 -0.000933333
-2540.44 -0.000964444
-2564.55 -0.000995556
-2587.39 -0.00102667
-2609.08 -0.00105778
-2629.74 -0.00108889
-2649.47 -0.00112
-2668.35 -0.00115111
-2686.47 -0.00118222
-2703.89 -0.00121333
-2720.67 -0.00124444
-2736.87 -0.00127556
-2752.55 -0.00130667
-2767.74 -0.00133778
-2782.49 -0.00136889
-2796.84 -0.0014
-2810.8 -0.00143111
-2824.43 -0.00146222
-2837.73 -0.00149333
-2850.74 -0.00152444
-2863.48 -0.00155556
