3.05 1.31472e-07
6.1 2.62952e-07
9.15 3.94441e-07
12.2 5.2594e-07
15.25 6.57447e-07
18.3 7.88963e-07
21.35 9.20488e-07
24.4 1.05202e-06
27.45 1.18357e-06
30.5 1.31512e-06
33.55 1.44668e-06
36.6 1.57825e-06
39.65 1.70983e-06
42.7 1.84142e-06
45.75 1.97301e-06
48.8 2.10462e-06
51.85 2.23623e-06
54.9 2.36786e-06
57.95 2.49949e-06
61 2.63113e-06
64.05 2.76278e-06
67.1 2.89444e-06
70.15 3.02611e-06
73.2 3.15779e-06
76.25 3.28947e-06
79.3 3.42117e-06
82.35 3.55288e-06
85.4 3.68459e-06
88.45 3.81631e-06
91.5 3.94804e-06
94.55 4.07978e-06
97.6 4.21153e-06
100.65 4.34329e-06
103.7 4.47506e-06
106.75 4.60684e-06
109.8 4.73862e-06
112.85 4.87042e-06
115.9 5.00222e-06
118.95 5.13404e-06
122 5.26586e-06
125.05 5.39769e-06
128.1 5.52953e-06
131.15 5.66138e-06
134.2 5.79324e-06
137.25 5.92511e-06
140.3 6.05698e-06
143.35 6.18887e-06
146.4 6.32076e-06
149.45 6.45267e-06
152.5 6.58458e-06
155.55 6.7165e-06
158.6 6.84843e-06
161.65 6.98037e-06
164.7 7.11232e-06
167.75 7.24428e-06
170.8 7.37625e-06
173.85 7.50822e-06
176.9 7.64021e-06
179.95 7.7722e-06
183 7.90421e-06
186.05 8.03622e-06
189.1 8.16824e-06
192.15 8.30027e-06
195.2 8.43231e-06
198.25 8.56436e-06
201.3 8.69642e-06
204.35 8.82849e-06
207.4 8.96057e-06
210.45 9.09265e-06
213.5 9.22475e-06
216.55 9.35685e-06
219.6 9.48896e-06
222.65 9.62109e-06
225.7 9.75322e-06
228.75 9.88536e-06
231.8 1.00175e-05
234.85 1.01497e-05
237.9 1.02818e-05
240.95 1.0414e-05
244 1.05462e-05
247.05 1.06784e-05
250.1 1.08106e-05
253.15 1.09428e-05
256.2 1.1075e-05
259.25 1.12073e-05
262.3 1.13395e-05
265.35 1.14718e-05
268.4 1.1604e-05
271.45 1.17363e-05
274.5 1.18686e-05
277.55 1.20009e-05
280.6 1.21332e-05
283.65 1.22655e-05
286.7 1.23978e-05
289.75 1.25301e-05
292.8 1.26624e-05
295.85 1.27948e-05
298.9 1.29271e-05
301.95 1.30595e-05
305 1.31919e-05
308.05 1.33242e-05
311.1 1.34566e-05
314.15 1.3589e-05
317.2 1.37214e-05
320.25 1.38539e-05
323.3 1.39863e-05
326.35 1.41187e-05
329.4 1.42512e-05
332.45 1.43836e-05
335.5 1.45161e-05
338.55 1.46486e-05
341.6 1.4781e-05
344.65 1.49135e-05
347.7 1.5046e-05
350.75 1.51785e-05
353.8 1.53111e-05
356.85 1.54436e-05
359.9 1.55761e-05
362.95 1.57087e-05
366 1.58412e-05
369.05 1.59738e-05
372.1 1.61064e-05
375.15 1.6239e-05
378.2 1.63715e-05
381.25 1.65041e-05
384.3 1.66368e-05
387.35 1.67694e-05
390.4 1.6902e-05
393.45 1.70347e-05
396.5 1.71673e-05
399.55 1.73e-05
402.6 1.74326e-05
405.65 1.75653e-05
408.7 1.7698e-05
411.75 1.78307e-05
414.8 1.79634e-05
417.85 1.80961e-05
420.9 1.82288e-05
423.95 1.83616e-05
427 1.84943e-05
430.05 1.86271e-05
433.1 1.87598e-05
436.15 1.88926e-05
439.2 1.90254e-05
442.25 1.91582e-05
445.3 1.9291e-05
448.35 1.94238e-05
451.4 1.95566e-05
454.45 1.96894e-05
457.5 1.98223e-05
460.55 1.99551e-05
463.6 2.0088e-05
466.65 2.02208e-05
469.7 2.03537e-05
472.75 2.04866e-05
475.8 2.06195e-05
478.85 2.07524e-05
481.9 2.08853e-05
484.95 2.10182e-05
488 2.11511e-05
491.05 2.12841e-05
494.1 2.1417e-05
497.15 2.155e-05
500.2 2.1683e-05
503.25 2.18159e-05
506.3 2.19489e-05
509.35 2.20819e-05
512.4 2.22149e-05
515.45 2.23479e-05
518.5 2.2481e-05
521.55 2.2614e-05
524.6 2.27471e-05
527.65 2.28801e-05
530.7 2.30132e-05
533.75 2.31462e-05
536.8 2.32793e-05
539.85 2.34124e-05
542.9 2.35455e-05
545.95 2.36786e-05
549 2.38117e-05
552.05 2.39449e-05
555.1 2.4078e-05
558.15 2.42112e-05
561.2 2.43443e-05
564.25 2.44775e-05
567.3 2.46107e-05
570.35 2.47439e-05
573.4 2.48771e-05
576.45 2.50103e-05
579.5 2.51435e-05
582.55 2.52767e-05
585.6 2.54099e-05
588.65 2.55432e-05
591.7 2.56764e-05
594.75 2.58097e-05
597.8 2.5943e-05
600.85 2.60763e-05
603.9 2.62095e-05
606.95 2.63428e-05
610 2.65127e-05
613.05 2.66845e-05
616.1 2.68564e-05
619.15 2.70283e-05
622.2 2.72002e-05
625.25 2.73721e-05
628.3 2.7544e-05
631.35 2.7716e-05
634.4 2.78879e-05
637.45 2.80599e-05
640.5 2.82319e-05
643.55 2.84038e-05
646.6 2.85759e-05
649.65 2.87479e-05
652.7 2.89199e-05
655.75 2.9092e-05
658.8 2.9264e-05
661.85 2.94361e-05
664.9 2.96082e-05
667.95 2.97803e-05
671 2.99524e-05
674.05 3.01245e-05
677.1 3.02967e-05
680.15 3.04689e-05
683.2 3.0641e-05
686.25 3.08132e-05
689.3 3.09854e-05
692.35 3.11576e-05
695.4 3.13299e-05
698.45 3.15021e-05
701.5 3.16744e-05
704.55 3.18466e-05
707.6 3.20189e-05
710.65 3.21912e-05
713.7 3.23636e-05
716.75 3.25359e-05
719.8 3.27082e-05
722.85 3.28806e-05
725.9 3.3053e-05
728.95 3.32253e-05
732 3.33977e-05
735.05 3.35702e-05
738.1 3.37426e-05
741.15 3.3915e-05
744.2 3.40875e-05
747.25 3.429e-05
750.3 3.45089e-05
753.35 3.47278e-05
756.4 3.49468e-05
759.45 3.51658e-05
762.5 3.53847e-05
765.55 3.56037e-05
768.6 3.58228e-05
771.65 3.60418e-05
774.7 3.62609e-05
777.75 3.64799e-05
780.8 3.6699e-05
783.85 3.69182e-05
786.9 3.71373e-05
789.95 3.73565e-05
793 3.75756e-05
796.05 3.77948e-05
799.1 3.80141e-05
802.15 3.82333e-05
805.2 3.84525e-05
808.25 3.86718e-05
811.3 3.88911e-05
814.35 3.91104e-05
817.4 3.93298e-05
820.45 3.95491e-05
823.5 3.97685e-05
826.55 3.99879e-05
829.6 4.02073e-05
832.65 4.04267e-05
835.7 4.06462e-05
838.75 4.08656e-05
841.8 4.10851e-05
844.85 4.13046e-05
847.9 4.15242e-05
850.95 4.17437e-05
854 4.19633e-05
857.05 4.21829e-05
860.1 4.24025e-05
863.15 4.26221e-05
866.2 4.28417e-05
869.25 4.30614e-05
872.3 4.32811e-05
875.35 4.35008e-05
878.4 4.37205e-05
881.45 4.39403e-05
884.5 4.416e-05
887.55 4.43798e-05
890.6 4.45996e-05
893.65 4.48194e-05
896.7 4.50393e-05
899.75 4.52591e-05
902.8 4.5479e-05
905.85 4.56989e-05
908.9 4.59188e-05
911.95 4.61388e-05
915 4.63587e-05
918.05 4.65949e-05
921.1 4.68643e-05
924.15 4.71336e-05
927.2 4.7403e-05
930.25 4.76725e-05
933.3 4.79419e-05
936.35 4.82114e-05
939.4 4.84809e-05
942.45 4.87504e-05
945.5 4.90199e-05
948.55 4.92895e-05
951.6 4.95591e-05
954.65 4.98287e-05
957.7 5.00983e-05
960.75 5.0368e-05
963.8 5.06377e-05
966.85 5.09074e-05
969.9 5.11771e-05
972.95 5.14469e-05
976 5.17167e-05
979.05 5.19865e-05
982.1 5.22563e-05
985.15 5.25262e-05
988.2 5.27961e-05
991.25 5.3066e-05
994.3 5.33359e-05
997.35 5.36058e-05
1000.4 5.38758e-05
1003.45 5.41458e-05
1006.5 5.44158e-05
1009.55 5.46859e-05
1012.6 5.4956e-05
1015.65 5.52261e-05
1018.7 5.54962e-05
1021.75 5.57663e-05
1024.8 5.60365e-05
1027.85 5.63067e-05
1030.9 5.65769e-05
1033.95 5.68471e-05
1037 5.71174e-05
1040.05 5.73877e-05
1043.1 5.7658e-05
1046.15 5.79284e-05
1049.2 5.81987e-05
1052.25 5.84691e-05
1055.3 5.87395e-05
1058.35 5.901e-05
1061.4 5.92804e-05
1064.45 5.95509e-05
1067.5 5.98214e-05
1070.55 6.0092e-05
1073.6 6.03625e-05
1076.65 6.06331e-05
1079.7 6.09037e-05
1082.75 6.11743e-05
1085.8 6.1445e-05
1088.85 6.17157e-05
1091.9 6.19864e-05
1094.95 6.22571e-05
1098 6.25279e-05
1101.05 6.27987e-05
1104.1 6.30695e-05
1107.15 6.33403e-05
1110.2 6.36111e-05
1113.25 6.3882e-05
1116.3 6.41529e-05
1119.35 6.44239e-05
1122.4 6.46948e-05
1125.45 6.49658e-05
1128.5 6.52368e-05
1131.55 6.55078e-05
1134.6 6.57789e-05
1137.65 6.60499e-05
1140.7 6.6321e-05
1143.75 6.65922e-05
1146.8 6.68633e-05
1149.85 6.71345e-05
1152.9 6.74057e-05
1155.95 6.76769e-05
1159 6.79482e-05
1162.05 6.82194e-05
1165.1 6.84914e-05
1168.15 6.88049e-05
1171.2 6.91184e-05
1174.25 6.94319e-05
1177.3 6.97455e-05
1180.35 7.0059e-05
1183.4 7.03726e-05
1186.45 7.06863e-05
1189.5 7.09999e-05
1192.55 7.13136e-05
1195.6 7.16273e-05
1198.65 7.19411e-05
1201.7 7.22548e-05
1204.75 7.25686e-05
1207.8 7.28824e-05
1210.85 7.31963e-05
1213.9 7.35101e-05
1216.95 7.3824e-05
1220 7.4138e-05
1223.05 7.44519e-05
1226.1 7.47659e-05
1229.15 7.50799e-05
1232.2 7.53939e-05
1235.25 7.57079e-05
1238.3 7.6022e-05
1241.35 7.63361e-05
1244.4 7.66502e-05
1247.45 7.69644e-05
1250.5 7.72785e-05
1253.55 7.75927e-05
1256.6 7.7907e-05
1259.65 7.82212e-05
1262.7 7.85355e-05
1265.75 7.88498e-05
1268.8 7.91641e-05
1271.85 7.94785e-05
1274.9 7.97928e-05
1277.95 8.01072e-05
1281 8.04217e-05
1284.05 8.07361e-05
1287.1 8.10506e-05
1290.15 8.13651e-05
1293.2 8.16797e-05
1296.25 8.19942e-05
1299.3 8.23088e-05
1302.35 8.26234e-05
1305.4 8.29381e-05
1308.45 8.32527e-05
1311.5 8.35674e-05
1314.55 8.38821e-05
1317.6 8.41969e-05
1320.65 8.45116e-05
1323.7 8.48264e-05
1326.75 8.51413e-05
1329.8 8.54561e-05
1332.85 8.5771e-05
1335.9 8.60859e-05
1338.95 8.64008e-05
1342 8.67157e-05
1345.05 8.70307e-05
1348.1 8.73457e-05
1351.15 8.76608e-05
1354.2 8.79758e-05
1357.25 8.82909e-05
1360.3 8.8606e-05
1363.35 8.89211e-05
1366.4 8.92363e-05
1369.45 8.95515e-05
1372.5 8.98667e-05
1375.55 9.01819e-05
1378.6 9.04972e-05
1381.65 9.08125e-05
1384.7 9.11278e-05
1387.75 9.14432e-05
1390.8 9.17585e-05
1393.85 9.20739e-05
1396.9 9.23893e-05
1399.95 9.27048e-05
1403 9.30203e-05
1406.05 9.33358e-05
1409.1 9.36513e-05
1412.15 9.39669e-05
1415.2 9.42824e-05
1418.25 9.4598e-05
1421.3 9.49137e-05
1424.35 9.52293e-05
1427.4 9.5545e-05
1430.45 9.58607e-05
1433.5 9.61765e-05
1436.55 9.64923e-05
1439.6 9.6808e-05
1442.65 9.71239e-05
1445.7 9.74397e-05
1448.75 9.77556e-05
1451.8 9.80715e-05
1454.85 9.83874e-05
1457.9 9.87034e-05
1460.95 9.90193e-05
1464 9.93354e-05
1467.05 9.96514e-05
1470.1 9.99674e-05
1473.15 0.000100284
1476.2 0.0001006
1479.25 0.000100916
1482.3 0.000101232
1485.35 0.000101548
1488.4 0.000101864
1491.45 0.000102181
1494.5 0.000102497
1497.55 0.000102813
1500.6 0.00010313
1503.65 0.000103446
1506.7 0.000103762
1509.75 0.000104079
1512.8 0.000104395
1515.85 0.000104712
1518.9 0.000105028
1521.95 0.000105345
1525 0.000105661
1528.05 0.000105978
1531.1 0.000106294
1534.15 0.000106611
1537.2 0.000106928
1540.25 0.000107244
1543.3 0.000107561
1546.35 0.000107878
1549.4 0.000108194
1552.45 0.000108511
1555.5 0.000108828
1558.55 0.000109145
1561.6 0.000109462
1564.65 0.000109779
1567.7 0.000110096
1570.75 0.000110412
1573.8 0.000110729
1576.85 0.000111046
1579.9 0.000111363
1582.95 0.000111681
1586 0.000111998
1589.05 0.000112315
1592.1 0.000112632
1595.15 0.000112949
1598.2 0.000113266
1601.25 0.000113583
1604.3 0.000113901
1607.35 0.000114218
1610.4 0.000114535
1613.45 0.000114853
1616.5 0.00011517
1619.55 0.000115487
1622.6 0.000115805
1625.65 0.000116122
1628.7 0.00011644
1631.75 0.000116757
1634.8 0.000117096
1637.85 0.000117438
1640.9 0.00011778
1643.95 0.000118122
1647 0.000118464
1650.05 0.000118806
1653.1 0.000119149
1656.15 0.000119491
1659.2 0.000119833
1662.25 0.000120175
1665.3 0.000120517
1668.35 0.00012086
1671.4 0.000121202
1674.45 0.000121544
1677.5 0.000121886
1680.55 0.000122229
1683.6 0.000122571
1686.65 0.000122914
1689.7 0.000123256
1692.75 0.000123599
1695.8 0.000123941
1698.85 0.000124284
1701.9 0.000124626
1704.95 0.000124969
1708 0.000125311
1711.05 0.000125654
1714.1 0.000125996
1717.15 0.000126339
1720.2 0.000126682
1723.25 0.000127024
1726.3 0.000127367
1729.35 0.00012771
1732.4 0.000128053
1735.45 0.000128395
1738.5 0.000128738
1741.55 0.000129081
1744.6 0.000129424
1747.65 0.000129767
1750.7 0.00013011
1753.75 0.000130453
1756.8 0.000130796
1759.85 0.000131139
1762.9 0.000131482
1765.95 0.000131825
1769 0.000132168
1772.05 0.000132511
1775.1 0.000132854
1778.15 0.000133197
1781.2 0.00013354
1784.25 0.000133883
1787.3 0.000134227
1790.35 0.00013457
1793.4 0.000134913
1796.45 0.000135256
1799.5 0.0001356
1802.55 0.000135943
1805.6 0.000136286
1808.65 0.00013663
1811.7 0.000136973
1814.75 0.000137317
1817.8 0.00013766
1820.85 0.000138004
1823.9 0.000138347
1826.95 0.000138691
1830 0.000139034
1833.05 0.000139378
1836.1 0.000139721
1839.15 0.000140065
1842.2 0.000140409
1845.25 0.000140752
1848.3 0.000141096
1851.35 0.00014144
1854.4 0.000141784
1857.45 0.000142127
1860.5 0.000142471
1863.55 0.000142815
1866.6 0.000143159
1869.65 0.000143503
1872.7 0.000143847
1875.75 0.000144191
1878.8 0.000144535
1881.85 0.000144879
1884.9 0.000145223
1887.95 0.000145567
1891 0.000145911
1894.05 0.000146255
1897.1 0.000146599
1900.15 0.000146943
1903.2 0.000147287
1906.25 0.000147631
1909.3 0.000147976
1912.35 0.00014832
1915.4 0.000148664
1918.45 0.000149008
1921.5 0.000149353
1924.55 0.000149697
1927.6 0.000150041
1930.65 0.000150386
1933.7 0.00015073
1936.75 0.000151075
1939.8 0.000151419
1942.85 0.000151764
1945.9 0.000152108
1948.95 0.000152453
1952 0.000152797
1955.05 0.000153142
1958.1 0.000153486
1961.15 0.000153831
1964.2 0.000154176
1967.25 0.00015452
1970.3 0.000154865
1973.35 0.00015521
1976.4 0.000155554
1979.45 0.000155899
1982.5 0.000156244
1985.55 0.000156589
1988.6 0.000156934
1991.65 0.000157279
1994.7 0.000157624
1997.75 0.000157969
2000.8 0.000158313
2003.85 0.000158658
2006.9 0.000159003
2009.95 0.000159349
2013 0.000159694
2016.05 0.000160039
2019.1 0.000160384
2022.15 0.000160729
2025.2 0.000161074
2028.25 0.000161419
2031.3 0.000161765
2034.35 0.00016211
2037.4 0.000162455
2040.45 0.0001628
2043.5 0.000163146
2046.55 0.000163491
2049.6 0.000163836
2052.65 0.000164182
2055.7 0.000164527
2058.75 0.000164873
2061.8 0.000165218
2064.85 0.000165564
2067.9 0.000165909
2070.95 0.000166255
2074 0.0001666
2077.05 0.000166946
2080.1 0.000167291
2083.15 0.000167637
2086.2 0.000167983
2089.25 0.000168329
2092.3 0.000168674
2095.35 0.00016902
2098.4 0.000169366
2101.45 0.000169712
2104.5 0.000170057
2107.55 0.000170403
2110.6 0.000170749
2113.65 0.000171095
2116.7 0.000171441
2119.75 0.000171787
2122.8 0.000172133
2125.85 0.000172479
2128.9 0.000172825
2131.95 0.000173171
2135 0.000173517
2138.05 0.000173863
2141.1 0.000174209
2144.15 0.000174556
2147.2 0.000174902
2150.25 0.000175248
2153.3 0.000175594
2156.35 0.000175941
2159.4 0.000176287
2162.45 0.000176633
2165.5 0.00017698
2168.55 0.000177326
2171.6 0.000177672
2174.65 0.000178019
2177.7 0.000178365
2180.75 0.000178712
2183.8 0.000179058
2186.85 0.000179405
2189.9 0.000179751
2192.95 0.000180098
2196 0.000180444
2199.05 0.000180791
2202.1 0.000181138
2205.15 0.000181484
2208.2 0.000181831
2211.25 0.000182178
2214.3 0.000182525
2217.35 0.000182872
2220.4 0.000183218
2223.45 0.000183565
2226.5 0.000183912
2229.55 0.000184259
2232.6 0.000184606
2235.65 0.000184953
2238.7 0.0001853
2241.75 0.000185647
2244.8 0.000185994
2247.85 0.000186341
2250.9 0.000186688
2253.95 0.000187035
2257 0.000187382
2260.05 0.000187729
2263.1 0.000188077
2266.15 0.000188424
2269.2 0.000188771
2272.25 0.000189118
2275.3 0.000189466
2278.35 0.000189813
2281.4 0.00019016
2284.45 0.000190508
2287.5 0.000190855
2290.55 0.000191203
2293.6 0.00019155
2296.65 0.000191898
2299.7 0.000192245
2302.75 0.000192593
2305.8 0.00019294
2308.85 0.000193288
2311.9 0.000193635
2314.95 0.000193983
2318 0.000194331
2321.05 0.000194678
2324.1 0.000195026
2327.15 0.000195374
2330.2 0.000195722
2333.25 0.000196069
2336.3 0.000196417
2339.35 0.000196765
2342.4 0.000197113
2345.45 0.000197461
2348.5 0.000197809
2351.55 0.000198157
2354.6 0.000198505
2357.65 0.000198853
2360.7 0.000199201
2363.75 0.000199549
2366.8 0.000199897
2369.85 0.000200245
2372.9 0.000200593
2375.95 0.000200942
2379 0.00020129
2382.05 0.000201638
2385.1 0.000201986
2388.15 0.000202335
2391.2 0.000202683
2394.25 0.000203031
2397.3 0.00020338
2400.35 0.000203728
2403.4 0.000204077
2406.45 0.000204425
2409.5 0.000204773
2412.55 0.000205122
2415.6 0.000205471
2418.65 0.000205819
2421.7 0.000206168
2424.75 0.000206516
2427.8 0.000206865
2430.85 0.000207214
2433.9 0.000207562
2436.95 0.000207911
2440 0.00020826
2443.05 0.000208609
2446.1 0.000208957
2449.15 0.000209306
2452.2 0.000209655
2455.25 0.000210004
2458.3 0.000210353
2461.35 0.000210702
2464.4 0.000211051
2467.45 0.0002114
2470.5 0.000211749
2473.55 0.000212098
2476.6 0.000212447
2479.65 0.000212796
2482.7 0.000213145
2485.75 0.000213494
2488.8 0.000213844
2491.85 0.000214193
2494.9 0.000214542
2497.95 0.000214891
2501 0.000215241
2504.05 0.00021559
2507.1 0.000215939
2510.15 0.000216289
2513.2 0.000216638
2516.25 0.000216988
2519.3 0.000217337
2522.35 0.000217687
2525.4 0.000218036
2528.45 0.000218386
2531.5 0.000218735
2534.55 0.000219085
2537.6 0.000219435
2540.65 0.000219784
2543.7 0.000220134
2546.75 0.000220484
2549.8 0.000220833
2552.85 0.000221183
2555.9 0.000221533
2558.95 0.000221883
2562 0.000222233
2565.05 0.000222583
2568.1 0.000222933
2571.15 0.000223282
2574.2 0.000223632
2577.25 0.000223982
2580.3 0.000224332
2583.35 0.000224683
2586.4 0.000225033
2589.45 0.000225383
2592.5 0.000225733
2595.55 0.000226083
2598.6 0.000226433
2601.65 0.000226783
2604.7 0.000227134
2607.75 0.000227484
2610.8 0.000227834
2613.85 0.000228185
2616.9 0.000228535
2619.95 0.000228885
2623 0.000229236
2626.05 0.000229586
2629.1 0.000229937
2632.15 0.000230287
2635.2 0.000230638
2638.25 0.000230988
2641.3 0.000231339
2644.35 0.00023169
2647.4 0.00023204
2650.45 0.000232391
2653.5 0.000232742
2656.55 0.000233092
2659.6 0.000233443
2662.65 0.000233784
2665.7 0.000234106
2668.75 0.000234428
2671.8 0.00023475
2674.85 0.000235072
2677.9 0.000235394
2680.95 0.000235717
2684 0.000236039
2687.05 0.000236361
2690.1 0.000236683
2693.15 0.000237006
2696.2 0.000237328
2699.25 0.000237651
2702.3 0.000237973
2705.35 0.000238295
2708.4 0.000238618
2711.45 0.00023894
2714.5 0.000239263
2717.55 0.000239585
2720.6 0.000239908
2723.65 0.000240231
2726.7 0.000240553
2729.75 0.000240876
2732.8 0.000241198
2735.85 0.000241521
2738.9 0.000241844
2741.95 0.000242167
2745 0.000242489
2748.05 0.000242812
2751.1 0.000243135
2754.15 0.000243458
2757.2 0.000243781
2760.25 0.000244104
2763.3 0.000244426
2766.35 0.000244749
2769.4 0.000245072
2772.45 0.000245395
2775.5 0.000245718
2778.55 0.000246041
2781.6 0.000246364
2784.65 0.000246688
2787.7 0.000247011
2790.75 0.000247334
2793.8 0.000247657
2796.85 0.00024798
2799.9 0.000248303
2802.95 0.000248627
2806 0.00024895
2809.05 0.000249273
2812.1 0.000249597
2815.15 0.00024992
2818.2 0.000250243
2821.25 0.000250567
2824.3 0.00025089
2827.35 0.000251214
2830.4 0.000251537
2833.45 0.000251861
2836.5 0.000252184
2839.55 0.000252508
2842.6 0.000252831
2845.65 0.000253155
2848.7 0.000253478
2851.75 0.000253802
2854.8 0.000254126
2857.85 0.00025445
2860.9 0.000254773
2863.95 0.000255097
2867 0.000255421
2870.05 0.000255745
2873.1 0.000256068
2876.15 0.000256392
2879.2 0.000256716
2882.25 0.00025704
2885.3 0.000257364
2888.35 0.000257688
2891.4 0.000258012
2894.45 0.000258336
2897.5 0.00025866
2900.55 0.000258984
2903.6 0.000259308
2906.65 0.000259632
2909.7 0.000259957
2912.75 0.000260281
2915.8 0.000260605
2918.85 0.000260929
2921.9 0.000261253
2924.95 0.000261578
2928 0.000261902
2931.05 0.000262226
2934.1 0.000262551
2937.15 0.000262875
2940.2 0.0002632
2943.25 0.000263524
2946.3 0.000263848
2949.35 0.000264173
2952.4 0.000264497
2955.45 0.000264822
2958.5 0.000265147
