30.0636 1.2963e-06
60.1071 2.59259e-06
90.1304 3.88889e-06
120.133 5.18519e-06
150.116 6.48148e-06
180.079 7.77778e-06
210.021 9.07407e-06
239.943 1.03704e-05
269.844 1.16667e-05
299.726 1.2963e-05
329.586 1.42593e-05
359.427 1.55556e-05
389.247 1.68519e-05
419.046 1.81481e-05
448.825 1.94444e-05
478.583 2.07407e-05
508.321 2.2037e-05
538.038 2.33333e-05
567.734 2.46296e-05
597.41 2.59259e-05
622.591 2.72222e-05
645.583 2.85185e-05
668.562 2.98148e-05
691.526 3.11111e-05
714.476 3.24074e-05
737.412 3.37037e-05
757.141 3.5e-05
775.193 3.62963e-05
793.236 3.75926e-05
811.269 3.88889e-05
829.293 4.01852e-05
847.307 4.14815e-05
865.312 4.27778e-05
883.307 4.40741e-05
901.293 4.53704e-05
918.862 4.66667e-05
933.538 4.7963e-05
948.208 4.92593e-05
962.871 5.05556e-05
977.528 5.18519e-05
992.179 5.31481e-05
1006.82 5.44444e-05
1021.46 5.57407e-05
1036.09 5.7037e-05
1050.72 5.83333e-05
1065.34 5.96296e-05
1079.95 6.09259e-05
1094.56 6.22222e-05
1109.16 6.35185e-05
1123.75 6.48148e-05
1138.34 6.61111e-05
1152.92 6.74074e-05
1167.17 6.87037e-05
1179.78 7e-05
1192.38 7.12963e-05
1204.98 7.25926e-05
1217.58 7.38889e-05
1230.17 7.51852e-05
1242.76 7.64815e-05
1255.35 7.77778e-05
1267.93 7.90741e-05
1280.5 8.03704e-05
1293.07 8.16667e-05
1305.64 8.2963e-05
1318.2 8.42593e-05
1330.76 8.55556e-05
1343.32 8.68519e-05
1355.87 8.81481e-05
1368.41 8.94444e-05
1380.96 9.07407e-05
1393.49 9.2037e-05
1406.03 9.33333e-05
1418.56 9.46296e-05
1431.08 9.59259e-05
1443.6 9.72222e-05
1456.12 9.85185e-05
1468.63 9.98148e-05
1481.13 0.000101111
1493.64 0.000102407
1506.14 0.000103704
1518.63 0.000105
1531.12 0.000106296
1543.61 0.000107593
1556.09 0.000108889
1568.56 0.000110185
1581.04 0.000111481
1593.5 0.000112778
1605.97 0.000114074
1618.43 0.00011537
1630.88 0.000116667
1642.53 0.000117963
1654.09 0.000119259
1665.64 0.000120556
1677.19 0.000121852
1688.74 0.000123148
1700.28 0.000124444
1711.82 0.000125741
1723.36 0.000127037
1734.9 0.000128333
1746.43 0.00012963
1757.96 0.000130926
1769.48 0.000132222
1781.01 0.000133519
1792.53 0.000134815
1804.04 0.000136111
1815.56 0.000137407
1827.07 0.000138704
1838.57 0.00014
1850.08 0.000141296
1861.58 0.000142593
1873.07 0.000143889
1884.57 0.000145185
1896.06 0.000146481
1907.55 0.000147778
1919.03 0.000149074
1930.51 0.00015037
1941.99 0.000151667
1953.47 0.000152963
1964.94 0.000154259
1976.41 0.000155556
1987.87 0.000156852
1999.34 0.000158148
2010.79 0.000159444
2022.25 0.000160741
2033.7 0.000162037
2045.15 0.000163333
2056.6 0.00016463
2068.04 0.000165926
2079.48 0.000167222
2090.92 0.000168519
2102.35 0.000169815
2113.78 0.000171111
2125.2 0.000172407
2136.63 0.000173704
2148.04 0.000175
2159.46 0.000176296
2170.87 0.000177593
2182.28 0.000178889
2193.68 0.000180185
2205.08 0.000181481
2216.47 0.000182778
2227.86 0.000184074
2239.25 0.00018537
2250.63 0.000186667
2262 0.000187963
2273.38 0.000189259
2284.74 0.000190556
2296.1 0.000191852
2307.45 0.000193148
2318.8 0.000194444
2330.14 0.000195741
2341.47 0.000197037
2352.8 0.000198333
2364.12 0.00019963
2375.42 0.000200926
2386.72 0.000202222
2398.01 0.000203519
2409.28 0.000204815
2420.55 0.000206111
2431.8 0.000207407
2443.03 0.000208704
2454.25 0.00021
2465.45 0.000211296
2476.63 0.000212593
2487.78 0.000213889
2498.92 0.000215185
2510.03 0.000216481
2521.11 0.000217778
2532.15 0.000219074
2543.16 0.00022037
2554.14 0.000221667
2565.07 0.000222963
2575.96 0.000224259
2586.79 0.000225556
2597.57 0.000226852
2608.28 0.000228148
2618.93 0.000229444
2629.51 0.000230741
2640 0.000232037
2650.41 0.000233333
2661.66 0.00023463
2672.91 0.000235926
2684.05 0.000237222
2695.08 0.000238519
2705.97 0.000239815
2716.73 0.000241111
2727.34 0.000242407
2737.79 0.000243704
2748.07 0.000245
2758.16 0.000246296
2768.06 0.000247593
2777.74 0.000248889
2787.2 0.000250185
2796.42 0.000251481
2805.4 0.000252778
2814.1 0.000254074
2822.53 0.00025537
2830.67 0.000256667
2838.51 0.000257963
2846.04 0.000259259
2853.24 0.000260556
2860.12 0.000261852
2866.66 0.000263148
2872.86 0.000264444
2878.72 0.000265741
2884.23 0.000267037
2889.4 0.000268333
2894.23 0.00026963
2898.72 0.000270926
2902.88 0.000272222
2906.72 0.000273519
2910.25 0.000274815
2913.48 0.000276111
2916.1 0.000277407
2917.62 0.000278704
2918.89 0.00028
2920.93 0.000281296
2922.71 0.000282593
2924.23 0.000283889
2925.52 0.000285185
2926.59 0.000286481
2927.46 0.000287778
2928.14 0.000289074
2928.65 0.00029037
2929.01 0.000291667
2929.22 0.000292963
2929.31 0.000294259
2929.28 0.000295556
2929.14 0.000296852
2928.91 0.000298148
2928.59 0.000299444
2928.19 0.000300741
2927.72 0.000302037
2927.19 0.000303333
2926.6 0.00030463
2925.97 0.000305926
2925.28 0.000307222
2924.55 0.000308519
2923.79 0.000309815
2922.99 0.000311111
2922.16 0.000312407
2921.31 0.000313704
2920.43 0.000315
2919.53 0.000316296
2918.61 0.000317593
2917.67 0.000318889
2916.72 0.000320185
2915.75 0.000321481
2914.77 0.000322778
2913.78 0.000324074
2912.77 0.00032537
2911.76 0.000326667
2910.74 0.000327963
2909.72 0.000329259
2908.68 0.000330556
2907.64 0.000331852
2906.59 0.000333148
2905.88 0.000334444
2905.71 0.000335741
2905.53 0.000337037
2905.35 0.000338333
2905.17 0.00033963
2904.99 0.000340926
2904.8 0.000342222
2904.61 0.000343519
2904.41 0.000344815
2904.22 0.000346111
2904.02 0.000347407
2903.82 0.000348704
2903.62 0.00035
2903.42 0.000351296
2903.22 0.000352593
2903.01 0.000353889
2902.81 0.000355185
2902.6 0.000356481
2902.39 0.000357778
2902.18 0.000359074
2901.94 0.00036037
2901.24 0.000361667
2900.54 0.000362963
2899.83 0.000364259
2899.13 0.000365556
2898.42 0.000366852
2897.72 0.000368148
2897.01 0.000369444
2896.3 0.000370741
2895.6 0.000372037
2894.89 0.000373333
2894.18 0.00037463
2893.47 0.000375926
2892.77 0.000377222
2892.06 0.000378519
2891.35 0.000379815
2890.64 0.000381111
2889.93 0.000382407
2889.22 0.000383704
2888.51 0.000385
2887.8 0.000386296
2887.09 0.000387593
2886.38 0.000388889
2885.67 0.000390185
2884.96 0.000391481
2884.25 0.000392778
2883.54 0.000394074
2882.83 0.00039537
2882.12 0.000396667
2881.41 0.000397963
2880.7 0.000399259
2879.99 0.000400556
2879.28 0.000401852
2878.57 0.000403148
2877.86 0.000404444
2877.15 0.000405741
2876.44 0.000407037
2875.72 0.000408333
2875.01 0.00040963
2874.47 0.000410926
2874.39 0.000412222
2874.31 0.000413519
2874.23 0.000414815
2874.15 0.000416111
2874.07 0.000417407
2873.99 0.000418704
2873.91 0.00042
2873.83 0.000421296
2873.75 0.000422593
2873.67 0.000423889
2873.59 0.000425185
2873.51 0.000426481
2873.43 0.000427778
2873.35 0.000429074
2873.27 0.00043037
2873.19 0.000431667
2873.11 0.000432963
2873.03 0.000434259
2872.95 0.000435556
2872.87 0.000436852
2872.78 0.000438148
2872.7 0.000439444
2872.62 0.000440741
2872.54 0.000442037
2872.46 0.000443333
2872.38 0.00044463
2872.3 0.000445926
2872.22 0.000447222
2872.13 0.000448519
2872.05 0.000449815
2871.97 0.000451111
2871.89 0.000452407
2871.81 0.000453704
2871.73 0.000455
2871.64 0.000456296
2871.56 0.000457593
2871.48 0.000458889
2871.4 0.000460185
2871.32 0.000461481
2871.23 0.000462778
2871.15 0.000464074
2871.07 0.00046537
2870.99 0.000466667
2870.9 0.000467963
2870.82 0.000469259
2870.74 0.000470556
2870.66 0.000471852
2870.57 0.000473148
2870.49 0.000474444
2870.41 0.000475741
2870.33 0.000477037
2870.24 0.000478333
2870.16 0.00047963
2870.08 0.000480926
2869.99 0.000482222
2869.91 0.000483519
2869.83 0.000484815
2869.74 0.000486111
2869.66 0.000487407
2869.58 0.000488704
2869.49 0.00049
2869.41 0.000491296
2869.33 0.000492593
2869.24 0.000493889
2869.16 0.000495185
2869.07 0.000496481
2868.99 0.000497778
2868.91 0.000499074
2868.82 0.00050037
2868.74 0.000501667
2868.65 0.000502963
2868.57 0.000504259
2868.49 0.000505556
2868.4 0.000506852
2868.32 0.000508148
2868.23 0.000509444
2868.15 0.000510741
2868.06 0.000512037
2867.98 0.000513333
2867.89 0.00051463
2867.81 0.000515926
2867.72 0.000517222
2867.64 0.000518519
2867.55 0.000519815
2867.47 0.000521111
2867.38 0.000522407
2867.3 0.000523704
2867.21 0.000525
2867.13 0.000526296
2867.04 0.000527593
2866.96 0.000528889
2866.87 0.000530185
2866.79 0.000531481
2866.7 0.000532778
2866.63 0.000534074
2866.9 0.00053537
2867.16 0.000536667
2867.42 0.000537963
2867.69 0.000539259
2867.95 0.000540556
2868.21 0.000541852
2868.48 0.000543148
2868.74 0.000544444
2869 0.000545741
2869.26 0.000547037
2869.53 0.000548333
2869.79 0.00054963
2870.05 0.000550926
2870.31 0.000552222
2870.58 0.000553519
2870.84 0.000554815
2871.1 0.000556111
2871.36 0.000557407
2871.62 0.000558704
2871.88 0.00056
2872.15 0.000561296
2872.41 0.000562593
2872.67 0.000563889
2872.93 0.000565185
2873.19 0.000566481
2873.45 0.000567778
2873.71 0.000569074
2873.97 0.00057037
2874.23 0.000571667
2874.49 0.000572963
2874.75 0.000574259
2875.01 0.000575556
2875.28 0.000576852
2875.54 0.000578148
2875.8 0.000579444
2876.06 0.000580741
2876.32 0.000582037
2876.58 0.000583333
2876.83 0.00058463
2877.09 0.000585926
2877.35 0.000587222
2877.61 0.000588519
2877.87 0.000589815
2878.13 0.000591111
2878.39 0.000592407
2878.65 0.000593704
2878.91 0.000595
2879.17 0.000596296
2879.43 0.000597593
2879.69 0.000598889
2879.94 0.000600185
2880.2 0.000601481
2880.46 0.000602778
2880.72 0.000604074
2880.98 0.00060537
2881.24 0.000606667
2881.49 0.000607963
2881.75 0.000609259
2882.01 0.000610556
2882.27 0.000611852
2882.52 0.000613148
2882.78 0.000614444
2883.04 0.000615741
2883.3 0.000617037
2883.55 0.000618333
2883.81 0.00061963
2884.07 0.000620926
2884.32 0.000622222
2884.58 0.000623519
2884.84 0.000624815
2885.09 0.000626111
2885.35 0.000627407
2885.61 0.000628704
2885.86 0.00063
2886.12 0.000631296
2886.38 0.000632593
2886.63 0.000633889
2886.89 0.000635185
2887.14 0.000636481
2887.4 0.000637778
2887.65 0.000639074
2887.91 0.00064037
2888.17 0.000641667
2888.42 0.000642963
2888.68 0.000644259
2888.93 0.000645556
2889.19 0.000646852
2889.44 0.000648148
2889.7 0.000649444
2889.95 0.000650741
2890.2 0.000652037
2890.46 0.000653333
2890.71 0.00065463
2890.97 0.000655926
2891.22 0.000657222
2891.48 0.000658519
2891.73 0.000659815
2891.98 0.000661111
2892.24 0.000662407
2892.49 0.000663704
2892.75 0.000665
2893 0.000666296
2893.25 0.000667593
2893.51 0.000668889
2893.76 0.000670185
2894.01 0.000671481
2894.26 0.000672778
2894.52 0.000674074
2894.77 0.00067537
2895.02 0.000676667
2895.28 0.000677963
2895.53 0.000679259
2895.78 0.000680556
2896.03 0.000681852
2896.29 0.000683148
2896.54 0.000684444
2896.79 0.000685741
2897.04 0.000687037
2897.29 0.000688333
2897.54 0.00068963
2897.8 0.000690926
2898.05 0.000692222
2898.56 0.000693519
2899.14 0.000694815
2899.73 0.000696111
2900.31 0.000697407
2900.89 0.000698704
2901.48 0.0007
2902.06 0.000701296
2902.64 0.000702593
2903.22 0.000703889
2903.81 0.000705185
2904.39 0.000706481
2904.97 0.000707778
2905.55 0.000709074
2906.13 0.00071037
2906.71 0.000711667
2907.3 0.000712963
2907.88 0.000714259
2908.46 0.000715556
2909.04 0.000716852
2909.62 0.000718148
2910.2 0.000719444
2910.77 0.000720741
2911.35 0.000722037
2911.93 0.000723333
2912.51 0.00072463
2913.09 0.000725926
2913.67 0.000727222
2914.25 0.000728519
2914.82 0.000729815
2915.4 0.000731111
2915.98 0.000732407
2916.56 0.000733704
2917.13 0.000735
2917.71 0.000736296
2918.28 0.000737593
2918.86 0.000738889
2919.44 0.000740185
2920.01 0.000741481
2920.59 0.000742778
2921.16 0.000744074
2921.74 0.00074537
2922.31 0.000746667
2922.89 0.000747963
2923.46 0.000749259
2924.03 0.000750556
2924.61 0.000751852
2925.18 0.000753148
2925.75 0.000754444
2926.33 0.000755741
2926.9 0.000757037
2927.47 0.000758333
2928.04 0.00075963
2928.61 0.000760926
2929.19 0.000762222
2929.76 0.000763519
2930.33 0.000764815
2930.9 0.000766111
2931.47 0.000767407
2932.04 0.000768704
2932.61 0.00077
2933.18 0.000771296
2933.75 0.000772593
2934.32 0.000773889
2934.89 0.000775185
2935.46 0.000776481
2936.03 0.000777778
2936.59 0.000779074
2937.16 0.00078037
2937.73 0.000781667
2938.3 0.000782963
2938.86 0.000784259
2939.43 0.000785556
2940 0.000786852
2940.66 0.000788148
2941.35 0.000789444
2942.03 0.000790741
2942.72 0.000792037
2943.4 0.000793333
2944.08 0.00079463
2944.77 0.000795926
2945.45 0.000797222
2946.13 0.000798519
2946.82 0.000799815
2947.5 0.000801111
2948.18 0.000802407
2948.86 0.000803704
2949.54 0.000805
2950.12 0.000806296
2950.39 0.000807593
2950.66 0.000808889
2950.93 0.000810185
2951.2 0.000811481
2951.47 0.000812778
2951.74 0.000814074
2952 0.00081537
2952.27 0.000816667
2952.54 0.000817963
2952.81 0.000819259
2953.08 0.000820556
2953.35 0.000821852
2953.61 0.000823148
2953.88 0.000824444
2954.15 0.000825741
2954.42 0.000827037
2954.68 0.000828333
2954.95 0.00082963
2955.22 0.000830926
2955.49 0.000832222
2955.75 0.000833519
2956.02 0.000834815
2956.29 0.000836111
2956.55 0.000837407
2956.82 0.000838704
2957.09 0.00084
2957.35 0.000841296
2957.62 0.000842593
2957.89 0.000843889
2958.15 0.000845185
2958.42 0.000846481
2958.69 0.000847778
2958.95 0.000849074
2959.22 0.00085037
2959.48 0.000851667
2959.75 0.000852963
2960.01 0.000854259
2960.28 0.000855556
2960.54 0.000856852
2960.81 0.000858148
2961.08 0.000859444
2961.34 0.000860741
2961.61 0.000862037
2961.87 0.000863333
2962.14 0.00086463
2962.4 0.000865926
2962.66 0.000867222
2962.93 0.000868519
2963.19 0.000869815
2963.46 0.000871111
2963.72 0.000872407
2963.99 0.000873704
2964.25 0.000875
2964.51 0.000876296
2964.78 0.000877593
2965.04 0.000878889
2965.31 0.000880185
2965.57 0.000881481
2965.83 0.000882778
2966.1 0.000884074
2966.36 0.00088537
2966.62 0.000886667
2966.89 0.000887963
2967.15 0.000889259
2967.41 0.000890556
2967.68 0.000891852
2967.94 0.000893148
2968.2 0.000894444
2968.46 0.000895741
2968.73 0.000897037
2968.99 0.000898333
2969.25 0.00089963
2969.51 0.000900926
2969.77 0.000902222
2970.04 0.000903519
2970.3 0.000904815
2970.56 0.000906111
2970.82 0.000907407
2971.08 0.000908704
2971.34 0.00091
2971.61 0.000911296
2971.87 0.000912593
2972.13 0.000913889
2972.39 0.000915185
2972.65 0.000916481
2972.91 0.000917778
2973.17 0.000919074
2973.43 0.00092037
2973.69 0.000921667
2973.95 0.000922963
2974.21 0.000924259
2974.47 0.000925556
2974.74 0.000926852
2975 0.000928148
2975.26 0.000929444
2975.52 0.000930741
2975.78 0.000932037
2976.03 0.000933333
2976.29 0.00093463
2976.55 0.000935926
2976.81 0.000937222
2977.07 0.000938519
2977.33 0.000939815
2977.59 0.000941111
2977.85 0.000942407
2978.11 0.000943704
2978.37 0.000945
2978.63 0.000946296
2978.89 0.000947593
2979.14 0.000948889
2979.4 0.000950185
2979.66 0.000951481
2979.92 0.000952778
2980.18 0.000954074
2980.44 0.00095537
2980.69 0.000956667
2980.95 0.000957963
2981.21 0.000959259
2981.47 0.000960556
2981.72 0.000961852
2981.98 0.000963148
2982.24 0.000964444
2982.5 0.000965741
2982.75 0.000967037
2983.01 0.000968333
2983.27 0.00096963
2983.52 0.000970926
2983.78 0.000972222
2984.04 0.000973519
2984.29 0.000974815
2984.55 0.000976111
2984.81 0.000977407
2985.06 0.000978704
2985.32 0.00098
2985.58 0.000981296
2985.83 0.000982593
2986.09 0.000983889
2986.34 0.000985185
2986.6 0.000986481
2986.85 0.000987778
2987.11 0.000989074
2987.36 0.00099037
2987.62 0.000991667
2987.88 0.000992963
2988.13 0.000994259
2988.39 0.000995556
2988.64 0.000996852
2988.9 0.000998148
2989.15 0.000999444
2989.4 0.00100074
2989.66 0.00100204
2989.91 0.00100333
2990.17 0.00100463
2990.42 0.00100593
2990.68 0.00100722
2990.93 0.00100852
2991.18 0.00100981
2991.44 0.00101111
2991.69 0.00101241
2991.94 0.0010137
2992.2 0.001015
2992.45 0.0010163
2992.7 0.00101759
2992.96 0.00101889
2993.21 0.00102019
2993.46 0.00102148
2993.72 0.00102278
2993.97 0.00102407
2994.22 0.00102537
2994.47 0.00102667
2994.73 0.00102796
2994.98 0.00102926
2995.23 0.00103056
2995.48 0.00103185
2995.74 0.00103315
2995.99 0.00103444
2996.24 0.00103574
2996.49 0.00103704
2996.74 0.00103833
2996.99 0.00103963
2997.25 0.00104093
2997.5 0.00104222
2997.75 0.00104352
2998 0.00104481
2998.25 0.00104611
2998.5 0.00104741
2998.75 0.0010487
2999 0.00105
2999.25 0.0010513
2999.5 0.00105259
2999.75 0.00105389
3000 0.00105519
3000.25 0.00105648
3000.5 0.00105778
3000.75 0.00105907
3001 0.00106037
3001.25 0.00106167
3001.5 0.00106296
3001.75 0.00106426
3002 0.00106556
3002.25 0.00106685
3002.5 0.00106815
3002.75 0.00106944
3003 0.00107074
3003.25 0.00107204
3003.5 0.00107333
3003.75 0.00107463
3004 0.00107593
3004.24 0.00107722
3004.49 0.00107852
3004.74 0.00107981
3004.99 0.00108111
3005.24 0.00108241
3005.48 0.0010837
3005.73 0.001085
3005.98 0.0010863
3006.23 0.00108759
3006.48 0.00108889
3006.72 0.00109019
3006.97 0.00109148
3007.22 0.00109278
3007.47 0.00109407
3007.71 0.00109537
3007.96 0.00109667
3008.21 0.00109796
3008.45 0.00109926
3008.7 0.00110056
3008.95 0.00110185
3009.19 0.00110315
3009.44 0.00110444
3009.69 0.00110574
3009.93 0.00110704
3010.18 0.00110833
3010.42 0.00110963
3010.67 0.00111093
3010.92 0.00111222
3011.16 0.00111352
3011.41 0.00111481
3011.65 0.00111611
3011.9 0.00111741
3012.14 0.0011187
3012.39 0.00112
3012.63 0.0011213
3012.88 0.00112259
3013.12 0.00112389
3013.37 0.00112519
3013.61 0.00112648
3013.86 0.00112778
3014.1 0.00112907
3014.34 0.00113037
3014.59 0.00113167
3014.83 0.00113296
3015.08 0.00113426
3015.32 0.00113556
3015.56 0.00113685
3015.81 0.00113815
3016.05 0.00113944
3016.29 0.00114074
3016.54 0.00114204
3016.78 0.00114333
3017.02 0.00114463
3017.27 0.00114593
3017.51 0.00114722
3017.75 0.00114852
3018 0.00114981
3018.24 0.00115111
3018.48 0.00115241
3018.72 0.0011537
3018.96 0.001155
3019.21 0.0011563
3019.45 0.00115759
3019.69 0.00115889
3019.93 0.00116019
3020.17 0.00116148
3020.42 0.00116278
3020.66 0.00116407
3020.9 0.00116537
3021.14 0.00116667
3021.38 0.00116796
3021.62 0.00116926
3021.86 0.00117056
3022.1 0.00117185
3022.34 0.00117315
3022.59 0.00117444
3022.83 0.00117574
3023.07 0.00117704
3023.31 0.00117833
3023.55 0.00117963
3023.79 0.00118093
3024.03 0.00118222
3024.27 0.00118352
3024.51 0.00118481
3024.75 0.00118611
3024.99 0.00118741
3025.22 0.0011887
3025.46 0.00119
3025.7 0.0011913
3025.94 0.00119259
3026.18 0.00119389
3026.42 0.00119519
3026.66 0.00119648
3026.9 0.00119778
3027.14 0.00119907
3027.37 0.00120037
3027.61 0.00120167
3027.85 0.00120296
3028.09 0.00120426
3028.33 0.00120556
3028.57 0.00120685
3028.8 0.00120815
3029.04 0.00120944
3029.28 0.00121074
3029.52 0.00121204
3029.75 0.00121333
3029.99 0.00121463
3030.23 0.00121593
3030.46 0.00121722
3030.7 0.00121852
3030.94 0.00121981
3031.17 0.00122111
3031.41 0.00122241
3031.65 0.0012237
3031.88 0.001225
3032.12 0.0012263
3032.36 0.00122759
3032.59 0.00122889
3032.83 0.00123019
3033.06 0.00123148
3033.3 0.00123278
3033.54 0.00123407
3033.77 0.00123537
3034.01 0.00123667
3034.24 0.00123796
3034.48 0.00123926
3034.71 0.00124056
3034.95 0.00124185
3035.18 0.00124315
3035.42 0.00124444
3035.65 0.00124574
3035.89 0.00124704
3036.12 0.00124833
3036.35 0.00124963
3036.59 0.00125093
3036.82 0.00125222
3037.06 0.00125352
3037.29 0.00125481
3037.52 0.00125611
3037.76 0.00125741
3037.99 0.0012587
3038.22 0.00126
3038.46 0.0012613
3038.69 0.00126259
3038.92 0.00126389
3039.16 0.00126519
3039.39 0.00126648
3039.62 0.00126778
3039.85 0.00126907
3040.09 0.00127037
3040.32 0.00127167
3040.55 0.00127296
3040.78 0.00127426
3041.02 0.00127556
3041.25 0.00127685
3041.48 0.00127815
3041.71 0.00127944
3041.94 0.00128074
3042.17 0.00128204
3042.41 0.00128333
3042.64 0.00128463
3042.87 0.00128593
3043.1 0.00128722
3043.33 0.00128852
3043.56 0.00128981
3043.79 0.00129111
3044.02 0.00129241
3044.25 0.0012937
3044.48 0.001295
3044.71 0.0012963
