30.0636 1.2963e-06
60.1071 2.59259e-06
90.1304 3.88889e-06
120.133 5.18519e-06
150.116 6.48148e-06
180.079 7.77778e-06
210.021 9.07407e-06
239.943 1.03704e-05
269.844 1.16667e-05
299.726 1.2963e-05
329.586 1.42593e-05
359.427 1.55556e-05
389.247 1.68519e-05
419.046 1.81481e-05
448.825 1.94444e-05
478.583 2.07407e-05
508.321 2.2037e-05
538.038 2.33333e-05
567.734 2.46296e-05
597.41 2.59259e-05
622.591 2.72222e-05
645.583 2.85185e-05
668.562 2.98148e-05
691.526 3.11111e-05
714.476 3.24074e-05
737.412 3.37037e-05
757.141 3.5e-05
775.193 3.62963e-05
793.236 3.75926e-05
811.269 3.88889e-05
829.293 4.01852e-05
847.307 4.14815e-05
865.312 4.27778e-05
883.307 4.40741e-05
901.293 4.53704e-05
918.862 4.66667e-05
933.538 4.7963e-05
948.208 4.92593e-05
962.871 5.05556e-05
977.528 5.18519e-05
992.179 5.31481e-05
1006.82 5.44444e-05
1021.46 5.57407e-05
1036.09 5.7037e-05
1050.72 5.83333e-05
1065.34 5.96296e-05
1079.95 6.09259e-05
1094.56 6.22222e-05
1109.16 6.35185e-05
1123.75 6.48148e-05
1138.34 6.61111e-05
1152.92 6.74074e-05
1167.17 6.87037e-05
1179.78 7e-05
1192.38 7.12963e-05
1204.98 7.25926e-05
1217.58 7.38889e-05
1230.17 7.51852e-05
1242.76 7.64815e-05
1255.35 7.77778e-05
1267.93 7.90741e-05
1280.5 8.03704e-05
1293.07 8.16667e-05
1305.64 8.2963e-05
1318.2 8.42593e-05
1330.76 8.55556e-05
1343.32 8.68519e-05
1355.87 8.81481e-05
1368.41 8.94444e-05
1380.96 9.07407e-05
1393.49 9.2037e-05
1406.03 9.33333e-05
1418.56 9.46296e-05
1431.08 9.59259e-05
1443.6 9.72222e-05
1456.12 9.85185e-05
1468.63 9.98148e-05
1481.13 0.000101111
1493.64 0.000102407
1506.14 0.000103704
1518.63 0.000105
1531.12 0.000106296
1543.61 0.000107593
1556.09 0.000108889
1568.56 0.000110185
1581.04 0.000111481
1593.5 0.000112778
1605.97 0.000114074
1618.43 0.00011537
1630.88 0.000116667
1642.53 0.000117963
1654.09 0.000119259
1665.64 0.000120556
1677.19 0.000121852
1688.74 0.000123148
1700.28 0.000124444
1711.82 0.000125741
1723.36 0.000127037
1734.9 0.000128333
1746.43 0.00012963
1757.96 0.000130926
1769.48 0.000132222
1781.01 0.000133519
1792.53 0.000134815
1804.04 0.000136111
1815.56 0.000137407
1827.07 0.000138704
1838.57 0.00014
1850.08 0.000141296
1861.58 0.000142593
1873.07 0.000143889
1884.57 0.000145185
1896.06 0.000146481
1907.55 0.000147778
1919.03 0.000149074
1930.51 0.00015037
1941.99 0.000151667
1953.47 0.000152963
1964.94 0.000154259
1976.41 0.000155556
1987.88 0.000156852
1999.34 0.000158148
2010.8 0.000159444
2022.25 0.000160741
2033.71 0.000162037
2045.16 0.000163333
2056.6 0.00016463
2068.05 0.000165926
2079.49 0.000167222
2090.93 0.000168519
2102.36 0.000169815
2113.79 0.000171111
2125.22 0.000172407
2136.64 0.000173704
2148.07 0.000175
2159.48 0.000176296
2170.9 0.000177593
2182.31 0.000178889
2193.72 0.000180185
2205.12 0.000181481
2216.53 0.000182778
2227.92 0.000184074
2239.32 0.00018537
2250.71 0.000186667
2262.1 0.000187963
2273.49 0.000189259
2284.87 0.000190556
2296.25 0.000191852
2307.62 0.000193148
2319 0.000194444
2330.37 0.000195741
2341.73 0.000197037
2353.1 0.000198333
2364.46 0.00019963
2375.81 0.000200926
2387.17 0.000202222
2398.52 0.000203519
2409.86 0.000204815
2421.21 0.000206111
2432.54 0.000207407
2443.88 0.000208704
2455.21 0.00021
2466.54 0.000211296
2477.87 0.000212593
2489.19 0.000213889
2500.52 0.000215185
2511.83 0.000216481
2523.15 0.000217778
2534.46 0.000219074
2545.76 0.00022037
2557.07 0.000221667
2568.37 0.000222963
2579.66 0.000224259
2590.96 0.000225556
2602.25 0.000226852
2613.53 0.000228148
2624.82 0.000229444
2636.1 0.000230741
2647.37 0.000232037
2658.65 0.000233333
2670.66 0.00023463
2682.93 0.000235926
2695.2 0.000237222
2707.46 0.000238519
2719.72 0.000239815
2731.97 0.000241111
2744.23 0.000242407
2756.47 0.000243704
2768.72 0.000245
2780.96 0.000246296
2793.19 0.000247593
2805.42 0.000248889
2817.65 0.000250185
2829.88 0.000251481
2842.1 0.000252778
2854.31 0.000254074
2866.52 0.00025537
2878.73 0.000256667
2890.94 0.000257963
2903.14 0.000259259
2915.34 0.000260556
2927.53 0.000261852
2939.72 0.000263148
2951.9 0.000264444
2960.69 0.000265741
2960.02 0.000267037
2959.35 0.000268333
2958.68 0.00026963
2958.02 0.000270926
2957.35 0.000272222
2956.68 0.000273519
2956.01 0.000274815
2955.34 0.000276111
2954.67 0.000277407
2954 0.000278704
2953.33 0.00028
2951.44 0.000281296
2950.34 0.000282593
2949.25 0.000283889
2948.15 0.000285185
2947.05 0.000286481
2945.96 0.000287778
2944.86 0.000289074
2943.76 0.00029037
2942.66 0.000291667
2941.57 0.000292963
2940.47 0.000294259
2939.37 0.000295556
2938.28 0.000296852
2937.18 0.000298148
2936.08 0.000299444
2934.98 0.000300741
2933.89 0.000302037
2932.79 0.000303333
2931.69 0.00030463
2930.59 0.000305926
2929.5 0.000307222
2928.4 0.000308519
2927.3 0.000309815
2926.2 0.000311111
2925.1 0.000312407
2924.01 0.000313704
2922.91 0.000315
2921.81 0.000316296
2920.71 0.000317593
2919.61 0.000318889
2918.51 0.000320185
2917.41 0.000321481
2916.32 0.000322778
2915.22 0.000324074
2914.12 0.00032537
2913.02 0.000326667
2911.92 0.000327963
2910.82 0.000329259
2909.72 0.000330556
2908.62 0.000331852
2907.52 0.000333148
2906.68 0.000334444
2906.47 0.000335741
2906.25 0.000337037
2906.04 0.000338333
2905.82 0.00033963
2905.61 0.000340926
2905.4 0.000342222
2905.18 0.000343519
2904.97 0.000344815
2904.75 0.000346111
2904.54 0.000347407
2904.32 0.000348704
2904.1 0.00035
2903.89 0.000351296
2903.67 0.000352593
2903.46 0.000353889
2903.24 0.000355185
2903.03 0.000356481
2902.81 0.000357778
2902.59 0.000359074
2902.38 0.00036037
2902.16 0.000361667
2901.94 0.000362963
2901.73 0.000364259
2901.51 0.000365556
2901.29 0.000366852
2901.07 0.000368148
2900.86 0.000369444
2900.64 0.000370741
2900.42 0.000372037
2900.2 0.000373333
2899.99 0.00037463
2899.77 0.000375926
2899.55 0.000377222
2899.06 0.000378519
2898.46 0.000379815
2897.86 0.000381111
2897.26 0.000382407
2896.66 0.000383704
2896.06 0.000385
2895.46 0.000386296
2894.86 0.000387593
2894.26 0.000388889
2893.66 0.000390185
2893.06 0.000391481
2892.46 0.000392778
2891.86 0.000394074
2891.26 0.00039537
2890.65 0.000396667
2890.05 0.000397963
2889.45 0.000399259
2888.85 0.000400556
2888.25 0.000401852
2887.65 0.000403148
2887.05 0.000404444
2886.45 0.000405741
2885.85 0.000407037
2885.25 0.000408333
2884.65 0.00040963
2884.04 0.000410926
2883.44 0.000412222
2883.29 0.000413519
2883.3 0.000414815
2883.31 0.000416111
2883.32 0.000417407
2883.33 0.000418704
2883.34 0.00042
2883.35 0.000421296
2883.36 0.000422593
2883.37 0.000423889
2883.38 0.000425185
2883.39 0.000426481
2883.4 0.000427778
2883.41 0.000429074
2883.41 0.00043037
2883.42 0.000431667
2883.43 0.000432963
2883.44 0.000434259
2883.45 0.000435556
2883.46 0.000436852
2883.47 0.000438148
2883.48 0.000439444
2883.49 0.000440741
2883.49 0.000442037
2883.5 0.000443333
2883.51 0.00044463
2883.52 0.000445926
2883.53 0.000447222
2883.53 0.000448519
2883.54 0.000449815
2883.55 0.000451111
2883.56 0.000452407
2883.57 0.000453704
2883.57 0.000455
2883.58 0.000456296
2883.59 0.000457593
2883.6 0.000458889
2883.6 0.000460185
2883.61 0.000461481
2883.62 0.000462778
2883.63 0.000464074
2883.63 0.00046537
2883.64 0.000466667
2883.65 0.000467963
2883.65 0.000469259
2883.66 0.000470556
2883.67 0.000471852
2883.67 0.000473148
2883.68 0.000474444
2883.69 0.000475741
2883.69 0.000477037
2883.7 0.000478333
2883.7 0.00047963
2883.71 0.000480926
2883.72 0.000482222
2883.72 0.000483519
2883.73 0.000484815
2883.73 0.000486111
2883.74 0.000487407
2883.74 0.000488704
2883.75 0.00049
2883.76 0.000491296
2883.76 0.000492593
2883.77 0.000493889
2883.77 0.000495185
2883.78 0.000496481
2884.04 0.000497778
2884.35 0.000499074
2884.67 0.00050037
2884.98 0.000501667
2885.3 0.000502963
2885.61 0.000504259
2885.93 0.000505556
2886.24 0.000506852
2886.55 0.000508148
2886.87 0.000509444
2887.18 0.000510741
2887.49 0.000512037
2887.81 0.000513333
2888.12 0.00051463
2888.43 0.000515926
2888.75 0.000517222
2889.06 0.000518519
2889.37 0.000519815
2889.68 0.000521111
2889.99 0.000522407
2890.31 0.000523704
2890.62 0.000525
2890.93 0.000526296
2891.24 0.000527593
2891.55 0.000528889
2891.86 0.000530185
2892.17 0.000531481
2892.48 0.000532778
2892.79 0.000534074
2893.1 0.00053537
2893.41 0.000536667
2893.72 0.000537963
2894.03 0.000539259
2894.34 0.000540556
2894.65 0.000541852
2895.13 0.000543148
2895.73 0.000544444
2896.33 0.000545741
2896.93 0.000547037
2897.53 0.000548333
2898.13 0.00054963
2898.73 0.000550926
2899.33 0.000552222
2899.93 0.000553519
2900.53 0.000554815
2901.12 0.000556111
2901.72 0.000557407
2902.32 0.000558704
2902.92 0.00056
2903.51 0.000561296
2904.11 0.000562593
2904.71 0.000563889
2905.3 0.000565185
2905.9 0.000566481
2906.49 0.000567778
2907.09 0.000569074
2907.69 0.00057037
2908.28 0.000571667
2908.88 0.000572963
2909.47 0.000574259
2910.06 0.000575556
2910.66 0.000576852
2911.25 0.000578148
2911.85 0.000579444
2912.44 0.000580741
2913.03 0.000582037
2913.63 0.000583333
2914.22 0.00058463
2914.81 0.000585926
2915.4 0.000587222
2915.99 0.000588519
2916.59 0.000589815
2917.18 0.000591111
2917.77 0.000592407
2918.36 0.000593704
2918.95 0.000595
2919.54 0.000596296
2920.13 0.000597593
2920.72 0.000598889
2921.31 0.000600185
2921.9 0.000601481
2922.49 0.000602778
2922.93 0.000604074
2923.04 0.00060537
2923.15 0.000606667
2923.26 0.000607963
2923.38 0.000609259
2923.49 0.000610556
2923.6 0.000611852
2923.71 0.000613148
2923.82 0.000614444
2923.94 0.000615741
2924.05 0.000617037
2924.16 0.000618333
2924.27 0.00061963
2924.38 0.000620926
2924.5 0.000622222
2924.61 0.000623519
2924.72 0.000624815
2924.83 0.000626111
2924.94 0.000627407
2925.05 0.000628704
2925.17 0.00063
2925.28 0.000631296
2925.39 0.000632593
2925.5 0.000633889
2925.61 0.000635185
2925.72 0.000636481
2925.83 0.000637778
2925.94 0.000639074
2926.05 0.00064037
2926.17 0.000641667
2926.28 0.000642963
2926.39 0.000644259
2926.5 0.000645556
2926.61 0.000646852
2926.72 0.000648148
2926.83 0.000649444
2926.94 0.000650741
2927.05 0.000652037
2927.16 0.000653333
2927.27 0.00065463
2927.38 0.000655926
2927.49 0.000657222
2927.6 0.000658519
2927.71 0.000659815
2927.82 0.000661111
2927.93 0.000662407
2928.04 0.000663704
2928.15 0.000665
2928.26 0.000666296
2928.37 0.000667593
2928.48 0.000668889
2928.59 0.000670185
2928.7 0.000671481
2928.81 0.000672778
2928.92 0.000674074
2929.02 0.00067537
2929.13 0.000676667
2929.24 0.000677963
2929.35 0.000679259
2929.46 0.000680556
2929.57 0.000681852
2929.68 0.000683148
2929.79 0.000684444
2929.9 0.000685741
2930 0.000687037
2930.11 0.000688333
2930.22 0.00068963
2930.33 0.000690926
2930.44 0.000692222
2930.55 0.000693519
2930.65 0.000694815
2930.76 0.000696111
2930.87 0.000697407
2930.98 0.000698704
2931.09 0.0007
2931.19 0.000701296
2931.3 0.000702593
2931.41 0.000703889
2931.52 0.000705185
2931.62 0.000706481
2931.73 0.000707778
2931.84 0.000709074
2931.95 0.00071037
2932.05 0.000711667
2932.16 0.000712963
2932.27 0.000714259
2932.38 0.000715556
2932.48 0.000716852
2932.59 0.000718148
2932.7 0.000719444
2932.8 0.000720741
2932.91 0.000722037
2933.02 0.000723333
2933.12 0.00072463
2933.23 0.000725926
2933.34 0.000727222
2933.44 0.000728519
2933.55 0.000729815
2933.66 0.000731111
2933.76 0.000732407
2933.87 0.000733704
2933.98 0.000735
2934.08 0.000736296
2934.19 0.000737593
2934.29 0.000738889
2934.4 0.000740185
2934.51 0.000741481
2934.61 0.000742778
2934.72 0.000744074
2934.82 0.00074537
2934.93 0.000746667
2935.03 0.000747963
2935.14 0.000749259
2935.24 0.000750556
2935.35 0.000751852
2935.45 0.000753148
2935.56 0.000754444
2935.67 0.000755741
2935.77 0.000757037
2935.88 0.000758333
2935.98 0.00075963
2936.08 0.000760926
2936.19 0.000762222
2936.29 0.000763519
2936.4 0.000764815
2936.5 0.000766111
2936.61 0.000767407
2936.71 0.000768704
2936.82 0.00077
2936.92 0.000771296
2937.03 0.000772593
2937.13 0.000773889
2937.23 0.000775185
2937.34 0.000776481
2937.44 0.000777778
2937.55 0.000779074
2937.65 0.00078037
2937.75 0.000781667
2937.86 0.000782963
2937.96 0.000784259
2938.06 0.000785556
2938.23 0.000786852
2938.51 0.000788148
2938.78 0.000789444
2939.05 0.000790741
2939.32 0.000792037
2939.59 0.000793333
2939.86 0.00079463
2940.13 0.000795926
2940.4 0.000797222
2940.67 0.000798519
2940.94 0.000799815
2941.21 0.000801111
2941.48 0.000802407
2941.75 0.000803704
2942.02 0.000805
2942.29 0.000806296
2942.56 0.000807593
2942.83 0.000808889
2943.1 0.000810185
2943.37 0.000811481
2943.64 0.000812778
2943.91 0.000814074
2944.18 0.00081537
2944.45 0.000816667
2944.72 0.000817963
2944.99 0.000819259
2945.25 0.000820556
2945.52 0.000821852
2945.79 0.000823148
2946.06 0.000824444
2946.33 0.000825741
2946.6 0.000827037
2946.87 0.000828333
2947.13 0.00082963
2947.4 0.000830926
2947.67 0.000832222
2947.94 0.000833519
2948.21 0.000834815
2948.47 0.000836111
2948.74 0.000837407
2949.01 0.000838704
2949.28 0.00084
2949.54 0.000841296
2949.81 0.000842593
2950.08 0.000843889
2950.34 0.000845185
2950.61 0.000846481
2950.88 0.000847778
2951.15 0.000849074
2951.41 0.00085037
2951.68 0.000851667
2951.95 0.000852963
2952.21 0.000854259
2952.48 0.000855556
2952.74 0.000856852
2953.01 0.000858148
2953.28 0.000859444
2953.54 0.000860741
2953.81 0.000862037
2954.07 0.000863333
2954.34 0.00086463
2954.6 0.000865926
2954.87 0.000867222
2955.14 0.000868519
2955.4 0.000869815
2955.67 0.000871111
2955.93 0.000872407
2956.2 0.000873704
2956.46 0.000875
2956.73 0.000876296
2956.99 0.000877593
2957.25 0.000878889
2957.52 0.000880185
2957.78 0.000881481
2958.05 0.000882778
2958.31 0.000884074
2958.58 0.00088537
2958.84 0.000886667
2959.1 0.000887963
2959.37 0.000889259
2959.63 0.000890556
2959.9 0.000891852
2960.16 0.000893148
2960.42 0.000894444
2960.69 0.000895741
2960.95 0.000897037
2961.21 0.000898333
2961.48 0.00089963
2961.74 0.000900926
2962 0.000902222
2962.26 0.000903519
2962.53 0.000904815
2962.79 0.000906111
2963.05 0.000907407
2963.31 0.000908704
2963.58 0.00091
2963.84 0.000911296
2964.1 0.000912593
2964.36 0.000913889
2964.62 0.000915185
2964.89 0.000916481
2965.15 0.000917778
2965.41 0.000919074
2965.67 0.00092037
2965.93 0.000921667
2966.19 0.000922963
2966.45 0.000924259
2966.72 0.000925556
2966.98 0.000926852
2967.24 0.000928148
2967.5 0.000929444
2967.76 0.000930741
2968.02 0.000932037
2968.28 0.000933333
2968.54 0.00093463
2968.8 0.000935926
2969.06 0.000937222
2969.32 0.000938519
2969.58 0.000939815
2969.84 0.000941111
2970.1 0.000942407
2970.36 0.000943704
2970.62 0.000945
2970.88 0.000946296
2971.14 0.000947593
2971.4 0.000948889
2971.66 0.000950185
2971.92 0.000951481
2972.18 0.000952778
2972.44 0.000954074
2972.69 0.00095537
2972.95 0.000956667
2973.21 0.000957963
2973.47 0.000959259
2973.73 0.000960556
2973.99 0.000961852
2974.25 0.000963148
2974.5 0.000964444
2974.76 0.000965741
2975.02 0.000967037
2975.28 0.000968333
2975.54 0.00096963
2975.79 0.000970926
2976.05 0.000972222
2976.31 0.000973519
2976.57 0.000974815
2976.82 0.000976111
2977.08 0.000977407
2977.34 0.000978704
2977.59 0.00098
2977.85 0.000981296
2978.11 0.000982593
2978.36 0.000983889
2978.62 0.000985185
2978.88 0.000986481
2979.13 0.000987778
2979.39 0.000989074
2979.65 0.00099037
2979.9 0.000991667
2980.16 0.000992963
2980.41 0.000994259
2980.67 0.000995556
2980.93 0.000996852
2981.18 0.000998148
2981.44 0.000999444
2981.69 0.00100074
2981.95 0.00100204
2982.2 0.00100333
2982.46 0.00100463
2982.71 0.00100593
2982.97 0.00100722
2983.22 0.00100852
2983.48 0.00100981
2983.73 0.00101111
2983.99 0.00101241
2984.24 0.0010137
2984.49 0.001015
2984.75 0.0010163
2985 0.00101759
2985.26 0.00101889
2985.51 0.00102019
2985.76 0.00102148
2986.02 0.00102278
2986.27 0.00102407
2986.53 0.00102537
2986.78 0.00102667
2987.03 0.00102796
2987.29 0.00102926
2987.54 0.00103056
2987.79 0.00103185
2988.04 0.00103315
2988.3 0.00103444
2988.55 0.00103574
2988.8 0.00103704
2989.05 0.00103833
2989.31 0.00103963
2989.56 0.00104093
2989.81 0.00104222
2990.06 0.00104352
2990.32 0.00104481
2990.57 0.00104611
2990.82 0.00104741
2991.07 0.0010487
2991.32 0.00105
2991.57 0.0010513
2991.82 0.00105259
2992.08 0.00105389
2992.33 0.00105519
2992.58 0.00105648
2992.83 0.00105778
2993.08 0.00105907
2993.33 0.00106037
2993.58 0.00106167
2993.83 0.00106296
2994.08 0.00106426
2994.33 0.00106556
2994.58 0.00106685
2994.83 0.00106815
2995.08 0.00106944
2995.33 0.00107074
2995.58 0.00107204
2995.83 0.00107333
2996.08 0.00107463
2996.33 0.00107593
2996.58 0.00107722
2996.83 0.00107852
2997.08 0.00107981
2997.33 0.00108111
2997.58 0.00108241
2997.83 0.0010837
2998.08 0.001085
2998.32 0.0010863
2998.57 0.00108759
2998.82 0.00108889
2999.07 0.00109019
2999.32 0.00109148
2999.57 0.00109278
2999.81 0.00109407
3000.06 0.00109537
3000.31 0.00109667
3000.56 0.00109796
3000.8 0.00109926
3001.05 0.00110056
3001.3 0.00110185
3001.55 0.00110315
3001.79 0.00110444
3002.04 0.00110574
3002.29 0.00110704
3002.54 0.00110833
3002.78 0.00110963
3003.03 0.00111093
3003.28 0.00111222
3003.52 0.00111352
3003.77 0.00111481
3004.01 0.00111611
3004.26 0.00111741
3004.51 0.0011187
3004.75 0.00112
3005 0.0011213
3005.24 0.00112259
3005.49 0.00112389
3005.74 0.00112519
3005.98 0.00112648
3006.23 0.00112778
3006.47 0.00112907
3006.72 0.00113037
3006.96 0.00113167
3007.21 0.00113296
3007.45 0.00113426
3007.7 0.00113556
3007.94 0.00113685
3008.18 0.00113815
3008.43 0.00113944
3008.67 0.00114074
3008.92 0.00114204
3009.16 0.00114333
3009.41 0.00114463
3009.65 0.00114593
3009.89 0.00114722
3010.14 0.00114852
3010.38 0.00114981
3010.62 0.00115111
3010.87 0.00115241
3011.11 0.0011537
3011.35 0.001155
3011.6 0.0011563
3011.84 0.00115759
3012.08 0.00115889
3012.32 0.00116019
3012.57 0.00116148
3012.81 0.00116278
3013.05 0.00116407
3013.29 0.00116537
3013.54 0.00116667
3013.78 0.00116796
3014.02 0.00116926
3014.26 0.00117056
3014.5 0.00117185
3014.75 0.00117315
3014.99 0.00117444
3015.23 0.00117574
3015.47 0.00117704
3015.71 0.00117833
3015.95 0.00117963
3016.19 0.00118093
3016.43 0.00118222
3016.67 0.00118352
3016.92 0.00118481
3017.16 0.00118611
3017.4 0.00118741
3017.64 0.0011887
3017.88 0.00119
3018.12 0.0011913
3018.36 0.00119259
3018.6 0.00119389
3018.84 0.00119519
3019.08 0.00119648
3019.32 0.00119778
3019.55 0.00119907
3019.79 0.00120037
3020.03 0.00120167
3020.27 0.00120296
3020.51 0.00120426
3020.75 0.00120556
3020.99 0.00120685
3021.23 0.00120815
3021.47 0.00120944
3021.71 0.00121074
3021.94 0.00121204
3022.18 0.00121333
3022.42 0.00121463
3022.66 0.00121593
3022.9 0.00121722
3023.13 0.00121852
3023.37 0.00121981
3023.61 0.00122111
3023.85 0.00122241
3024.08 0.0012237
3024.32 0.001225
3024.56 0.0012263
3024.8 0.00122759
3025.03 0.00122889
3025.27 0.00123019
3025.51 0.00123148
3025.74 0.00123278
3025.98 0.00123407
3026.22 0.00123537
3026.45 0.00123667
3026.69 0.00123796
3026.92 0.00123926
3027.16 0.00124056
3027.4 0.00124185
3027.63 0.00124315
3027.87 0.00124444
3028.1 0.00124574
3028.34 0.00124704
3028.57 0.00124833
3028.81 0.00124963
3029.04 0.00125093
3029.28 0.00125222
3029.51 0.00125352
3029.75 0.00125481
3029.98 0.00125611
3030.22 0.00125741
3030.45 0.0012587
3030.69 0.00126
3030.92 0.0012613
3031.15 0.00126259
3031.39 0.00126389
3031.62 0.00126519
3031.86 0.00126648
3032.09 0.00126778
3032.32 0.00126907
3032.56 0.00127037
3032.79 0.00127167
3033.02 0.00127296
3033.26 0.00127426
3033.49 0.00127556
3033.72 0.00127685
3033.95 0.00127815
3034.19 0.00127944
3034.42 0.00128074
3034.65 0.00128204
3034.88 0.00128333
3035.12 0.00128463
3035.35 0.00128593
3035.58 0.00128722
3035.81 0.00128852
3036.04 0.00128981
3036.27 0.00129111
3036.51 0.00129241
3036.74 0.0012937
3036.97 0.001295
3037.2 0.0012963
